Archive member included because of file (symbol)

/home/user/Desktop/relic-target-4-s256/lib/librelic_s.a(relic_core.c.obj)
                              claimer-firmware-shamir.co (core_init)
/home/user/Desktop/relic-target-4-s256/lib/librelic_s.a(relic_arch_msp.c.obj)
                              /home/user/Desktop/relic-target-4-s256/lib/librelic_s.a(relic_core.c.obj) (arch_init)
/home/user/Desktop/relic-target-4-s256/lib/librelic_s.a(relic_rand_core.c.obj)
                              /home/user/Desktop/relic-target-4-s256/lib/librelic_s.a(relic_core.c.obj) (rand_init)
/home/user/Desktop/relic-target-4-s256/lib/librelic_s.a(relic_rand_hash.c.obj)
                              /home/user/Desktop/relic-target-4-s256/lib/librelic_s.a(relic_rand_core.c.obj) (rand_seed)
/home/user/Desktop/relic-target-4-s256/lib/librelic_s.a(relic_bn_mem.c.obj)
                              claimer-firmware-shamir.co (bn_init)
/home/user/Desktop/relic-target-4-s256/lib/librelic_s.a(relic_bn_util.c.obj)
                              claimer-firmware-shamir.co (bn_read_bin)
/home/user/Desktop/relic-target-4-s256/lib/librelic_s.a(relic_bn_add.c.obj)
                              claimer-firmware-shamir.co (bn_add)
/home/user/Desktop/relic-target-4-s256/lib/librelic_s.a(relic_bn_div.c.obj)
                              /home/user/Desktop/relic-target-4-s256/lib/librelic_s.a(relic_bn_util.c.obj) (bn_div_dig)
/home/user/Desktop/relic-target-4-s256/lib/librelic_s.a(relic_dv_util.c.obj)
                              /home/user/Desktop/relic-target-4-s256/lib/librelic_s.a(relic_bn_util.c.obj) (dv_zero)
/home/user/Desktop/relic-target-4-s256/lib/librelic_s.a(relic_fp_prime.c.obj)
                              /home/user/Desktop/relic-target-4-s256/lib/librelic_s.a(relic_core.c.obj) (fp_prime_init)
/home/user/Desktop/relic-target-4-s256/lib/librelic_s.a(relic_fp_util.c.obj)
                              /home/user/Desktop/relic-target-4-s256/lib/librelic_s.a(relic_fp_prime.c.obj) (fp_zero)
/home/user/Desktop/relic-target-4-s256/lib/librelic_s.a(relic_ep_curve.c.obj)
                              /home/user/Desktop/relic-target-4-s256/lib/librelic_s.a(relic_core.c.obj) (ep_curve_init)
/home/user/Desktop/relic-target-4-s256/lib/librelic_s.a(relic_ep_util.c.obj)
                              /home/user/Desktop/relic-target-4-s256/lib/librelic_s.a(relic_ep_curve.c.obj) (ep_set_infty)
/home/user/Desktop/relic-target-4-s256/lib/librelic_s.a(relic_ep_dbl.c.obj)
                              /home/user/Desktop/relic-target-4-s256/lib/librelic_s.a(relic_ep_util.c.obj) (ep_dbl_projc)
/home/user/Desktop/relic-target-4-s256/lib/librelic_s.a(relic_ep_mul_fix.c.obj)
                              /home/user/Desktop/relic-target-4-s256/lib/librelic_s.a(relic_ep_curve.c.obj) (ep_mul_pre_combs)
/home/user/Desktop/relic-target-4-s256/lib/librelic_s.a(relic_ep_neg.c.obj)
                              /home/user/Desktop/relic-target-4-s256/lib/librelic_s.a(relic_ep_mul_fix.c.obj) (ep_neg_projc)
/home/user/Desktop/relic-target-4-s256/lib/librelic_s.a(relic_ep_pck.c.obj)
                              /home/user/Desktop/relic-target-4-s256/lib/librelic_s.a(relic_ep_util.c.obj) (ep_pck)
/home/user/Desktop/relic-target-4-s256/lib/librelic_s.a(relic_ep_add.c.obj)
                              /home/user/Desktop/relic-target-4-s256/lib/librelic_s.a(relic_ep_util.c.obj) (ep_add_projc)
/home/user/Desktop/relic-target-4-s256/lib/librelic_s.a(relic_md_sha256.c.obj)
                              claimer-firmware-shamir.co (md_map_sh256)
/home/user/Desktop/relic-target-4-s256/lib/librelic_s.a(sha224-256.c.obj)
                              /home/user/Desktop/relic-target-4-s256/lib/librelic_s.a(relic_md_sha256.c.obj) (SHA256Reset)
/home/user/Desktop/relic-target-4-s256/lib/librelic_s.a(relic_bn_add_low.c.obj)
                              /home/user/Desktop/relic-target-4-s256/lib/librelic_s.a(relic_bn_add.c.obj) (bn_add1_low)
/home/user/Desktop/relic-target-4-s256/lib/librelic_s.a(relic_bn_div_low.c.obj)
                              /home/user/Desktop/relic-target-4-s256/lib/librelic_s.a(relic_bn_div.c.obj) (bn_divn_low)
/home/user/Desktop/relic-target-4-s256/lib/librelic_s.a(relic_fp_cmp_low.c.obj)
                              /home/user/Desktop/relic-target-4-s256/lib/librelic_s.a(relic_fp_util.c.obj) (fp_cmpn_low)
/home/user/Desktop/relic-target-4-s256/lib/librelic_s.a(relic_bn_add_low.s.obj)
                              /home/user/Desktop/relic-target-4-s256/lib/librelic_s.a(relic_bn_add.c.obj) (bn_addn_low)
/home/user/Desktop/relic-target-4-s256/lib/librelic_s.a(relic_fp_add_low.s.obj)
                              /home/user/Desktop/relic-target-4-s256/lib/librelic_s.a(relic_fp_util.c.obj) (fp_subn_low)
/home/user/Desktop/relic-target-4-s256/lib/librelic_s.a(relic_util.c.obj)
                              /home/user/Desktop/relic-target-4-s256/lib/librelic_s.a(relic_rand_hash.c.obj) (util_conv_big)
[...]
Memory Configuration

Name             Origin             Length             Attributes
sfr              0x00000000         0x00000010
peripheral_8bit  0x00000010         0x000000f0
peripheral_16bit 0x00000100         0x00000100
ram_mirror       0x00000200         0x00000800         xw
infomem          0x00001000         0x00000100
infob            0x00001000         0x00000080
infoa            0x00001080         0x00000080
ram              0x00001100         0x00002800         xw
rom              0x00004000         0x0000bfe0         xr
vectors          0x0000ffe0         0x00000020
bsl              0x00000000         0x00000000
infoc            0x00000000         0x00000000
infod            0x00000000         0x00000000
ram2             0x00000000         0x00000000         xw
usbram           0x00000000         0x00000000         xw
far_rom          0x00000000         0x00000000
*default*        0x00000000         0xffffffff

Linker script and memory map

LOAD /home/user/mspgcc-4.7.2/lib/gcc/msp430/4.7.2/mmpy-16/crt0ivtbl16.o
LOAD claimer-firmware-shamir.co
LOAD obj_sky/contiki-sky-main.o
LOAD /home/user/Desktop/relic-target-4-s256/lib/librelic_s.a
LOAD contiki-sky.a
LOAD /home/user/mspgcc-4.7.2/lib/gcc/msp430/4.7.2/mmpy-16/libgcc.a
LOAD /home/user/mspgcc-4.7.2/lib/gcc/msp430/4.7.2/../../../../msp430/lib/mmpy-16/libc.a
LOAD /home/user/mspgcc-4.7.2/lib/gcc/msp430/4.7.2/mmpy-16/libgcc.a
LOAD /home/user/mspgcc-4.7.2/lib/gcc/msp430/4.7.2/mmpy-16/libcrt0.a
                0x00000080                PROVIDE (__info_segment_size, 0x80)
                0x00001000                PROVIDE (__infob, 0x1000)
                0x00001080                PROVIDE (__infoa, 0x1080)
                0x00000000                __IE1 = 0x0
                0x00000002                __IFG1 = 0x2
                0x00000004                __ME1 = 0x4
                0x00000001                __IE2 = 0x1
                0x00000003                __IFG2 = 0x3
                0x00000005                __ME2 = 0x5
                0x00000120                __WDTCTL = 0x120
                0x00000130                __MPY = 0x130
                0x00000132                __MPYS = 0x132
                0x00000134                __MAC = 0x134
                0x00000136                __MACS = 0x136
                0x00000138                __OP2 = 0x138
                0x0000013a                __RESLO = 0x13a
                0x0000013c                __RESHI = 0x13c
                0x0000013e                __SUMEXT = 0x13e
                0x00000020                __P1IN = 0x20
                0x00000021                __P1OUT = 0x21
                0x00000022                __P1DIR = 0x22
                0x00000023                __P1IFG = 0x23
                0x00000024                __P1IES = 0x24
                0x00000025                __P1IE = 0x25
                0x00000026                __P1SEL = 0x26
                0x00000028                __P2IN = 0x28
                0x00000029                __P2OUT = 0x29
                0x0000002a                __P2DIR = 0x2a
                0x0000002b                __P2IFG = 0x2b
                0x0000002c                __P2IES = 0x2c
                0x0000002d                __P2IE = 0x2d
                0x0000002e                __P2SEL = 0x2e
                0x00000018                __P3IN = 0x18
                0x00000019                __P3OUT = 0x19
                0x0000001a                __P3DIR = 0x1a
                0x0000001b                __P3SEL = 0x1b
                0x0000001c                __P4IN = 0x1c
                0x0000001d                __P4OUT = 0x1d
                0x0000001e                __P4DIR = 0x1e
                0x0000001f                __P4SEL = 0x1f
                0x00000030                __P5IN = 0x30
                0x00000031                __P5OUT = 0x31
                0x00000032                __P5DIR = 0x32
                0x00000033                __P5SEL = 0x33
                0x00000034                __P6IN = 0x34
                0x00000035                __P6OUT = 0x35
                0x00000036                __P6DIR = 0x36
                0x00000037                __P6SEL = 0x37
                0x00000070                __U0CTL = 0x70
                0x00000071                __U0TCTL = 0x71
                0x00000072                __U0RCTL = 0x72
                0x00000073                __U0MCTL = 0x73
                0x00000074                __U0BR0 = 0x74
                0x00000075                __U0BR1 = 0x75
                0x00000076                __U0RXBUF = 0x76
                0x00000077                __U0TXBUF = 0x77
                0x00000078                __U1CTL = 0x78
                0x00000079                __U1TCTL = 0x79
                0x0000007a                __U1RCTL = 0x7a
                0x0000007b                __U1MCTL = 0x7b
                0x0000007c                __U1BR0 = 0x7c
                0x0000007d                __U1BR1 = 0x7d
                0x0000007e                __U1RXBUF = 0x7e
                0x0000007f                __U1TXBUF = 0x7f
                0x00000050                __I2CIE = 0x50
                0x00000051                __I2CIFG = 0x51
                0x00000052                __I2CNDAT = 0x52
                0x00000071                __I2CTCTL = 0x71
                0x00000072                __I2CDCTL = 0x72
                0x00000073                __I2CPSC = 0x73
                0x00000074                __I2CSCLH = 0x74
                0x00000075                __I2CSCLL = 0x75
                0x00000076                __I2CDRB = 0x76
                0x00000076                __I2CDRW = 0x76
                0x00000118                __I2COA = 0x118
                0x0000011a                __I2CSA = 0x11a
                0x0000011c                __I2CIV = 0x11c
                0x0000012e                __TAIV = 0x12e
                0x00000160                __TACTL = 0x160
                0x00000162                __TACCTL0 = 0x162
                0x00000164                __TACCTL1 = 0x164
                0x00000166                __TACCTL2 = 0x166
                0x00000170                __TAR = 0x170
                0x00000172                __TACCR0 = 0x172
                0x00000174                __TACCR1 = 0x174
                0x00000176                __TACCR2 = 0x176
                0x0000011e                __TBIV = 0x11e
                0x00000180                __TBCTL = 0x180
                0x00000182                __TBCCTL0 = 0x182
                0x00000184                __TBCCTL1 = 0x184
                0x00000186                __TBCCTL2 = 0x186
                0x00000188                __TBCCTL3 = 0x188
                0x0000018a                __TBCCTL4 = 0x18a
                0x0000018c                __TBCCTL5 = 0x18c
                0x0000018e                __TBCCTL6 = 0x18e
                0x00000190                __TBR = 0x190
                0x00000192                __TBCCR0 = 0x192
                0x00000194                __TBCCR1 = 0x194
                0x00000196                __TBCCR2 = 0x196
                0x00000198                __TBCCR3 = 0x198
                0x0000019a                __TBCCR4 = 0x19a
                0x0000019c                __TBCCR5 = 0x19c
                0x0000019e                __TBCCR6 = 0x19e
                0x00000056                __DCOCTL = 0x56
                0x00000057                __BCSCTL1 = 0x57
                0x00000058                __BCSCTL2 = 0x58
                0x00000055                __SVSCTL = 0x55
                0x00000128                __FCTL1 = 0x128
                0x0000012a                __FCTL2 = 0x12a
                0x0000012c                __FCTL3 = 0x12c
                0x00000059                __CACTL1 = 0x59
                0x0000005a                __CACTL2 = 0x5a
                0x0000005b                __CAPD = 0x5b
                0x000001a0                __ADC12CTL0 = 0x1a0
                0x000001a2                __ADC12CTL1 = 0x1a2
                0x000001a4                __ADC12IFG = 0x1a4
                0x000001a6                __ADC12IE = 0x1a6
                0x000001a8                __ADC12IV = 0x1a8
                0x00000140                __ADC12MEM0 = 0x140
                0x00000142                __ADC12MEM1 = 0x142
                0x00000144                __ADC12MEM2 = 0x144
                0x00000146                __ADC12MEM3 = 0x146
                0x00000148                __ADC12MEM4 = 0x148
                0x0000014a                __ADC12MEM5 = 0x14a
                0x0000014c                __ADC12MEM6 = 0x14c
                0x0000014e                __ADC12MEM7 = 0x14e
                0x00000150                __ADC12MEM8 = 0x150
                0x00000152                __ADC12MEM9 = 0x152
                0x00000154                __ADC12MEM10 = 0x154
                0x00000156                __ADC12MEM11 = 0x156
                0x00000158                __ADC12MEM12 = 0x158
                0x0000015a                __ADC12MEM13 = 0x15a
                0x0000015c                __ADC12MEM14 = 0x15c
                0x0000015e                __ADC12MEM15 = 0x15e
                0x00000080                __ADC12MCTL0 = 0x80
                0x00000081                __ADC12MCTL1 = 0x81
                0x00000082                __ADC12MCTL2 = 0x82
                0x00000083                __ADC12MCTL3 = 0x83
                0x00000084                __ADC12MCTL4 = 0x84
                0x00000085                __ADC12MCTL5 = 0x85
                0x00000086                __ADC12MCTL6 = 0x86
                0x00000087                __ADC12MCTL7 = 0x87
                0x00000088                __ADC12MCTL8 = 0x88
                0x00000089                __ADC12MCTL9 = 0x89
                0x0000008a                __ADC12MCTL10 = 0x8a
                0x0000008b                __ADC12MCTL11 = 0x8b
                0x0000008c                __ADC12MCTL12 = 0x8c
                0x0000008d                __ADC12MCTL13 = 0x8d
                0x0000008e                __ADC12MCTL14 = 0x8e
                0x0000008f                __ADC12MCTL15 = 0x8f
                0x000001c0                __DAC12_0CTL = 0x1c0
                0x000001c2                __DAC12_1CTL = 0x1c2
                0x000001c8                __DAC12_0DAT = 0x1c8
                0x000001ca                __DAC12_1DAT = 0x1ca
                0x00000122                __DMACTL0 = 0x122
                0x00000124                __DMACTL1 = 0x124
                0x000001e0                __DMA0CTL = 0x1e0
                0x000001e8                __DMA1CTL = 0x1e8
                0x000001f0                __DMA2CTL = 0x1f0
                0x000001e2                __DMA0SA = 0x1e2
                0x000001e4                __DMA0DA = 0x1e4
                0x000001e6                __DMA0SZ = 0x1e6
                0x000001ea                __DMA1SA = 0x1ea
                0x000001ec                __DMA1DA = 0x1ec
                0x000001ee                __DMA1SZ = 0x1ee
                0x000001f2                __DMA2SA = 0x1f2
                0x000001f4                __DMA2DA = 0x1f4
                0x000001f6                __DMA2SZ = 0x1f6

.hash
 *(.hash)

.dynsym
 *(.dynsym)

.dynstr
 *(.dynstr)

.gnu.version
 *(.gnu.version)

.gnu.version_d
 *(.gnu.version_d)

.gnu.version_r
 *(.gnu.version_r)

.rel.init
 *(.rel.init)

.rela.init
 *(.rela.init)

.rel.fini
 *(.rel.fini)

.rela.fini
 *(.rela.fini)

.rel.text
 *(.rel.text .rel.text.* .rel.gnu.linkonce.t.*)

.rela.text
 *(.rela.text .rela.text.* .rela.gnu.linkonce.t.*)

.rel.rodata
 *(.rel.rodata .rel.rodata.* .rel.gnu.linkonce.r.*)

.rela.rodata
 *(.rela.rodata .rela.rodata.* .rela.gnu.linkonce.r.*)

.rel.data
 *(.rel.data .rel.data.* .rel.gnu.linkonce.d.*)

.rela.data
 *(.rela.data .rela.data.* .rela.gnu.linkonce.d.*)

.rel.bss
 *(.rel.bss .rel.bss.* .rel.gnu.linkonce.b.*)

.rela.bss
 *(.rela.bss .rela.bss.* .rela.gnu.linkonce.b.*)

.rel.ctors
 *(.rel.ctors)

.rela.ctors
 *(.rela.ctors)

.rel.dtors
 *(.rel.dtors)

.rela.dtors
 *(.rela.dtors)

.rel.got
 *(.rel.got)

.rela.got
 *(.rela.got)

.rel.plt
 *(.rel.plt)

.rela.plt
 *(.rela.plt)

.text           0x00004000     0x705e
                0x00004000                . = ALIGN (0x2)
 *(.init .init.*)
 *(.init0)
 .init0         0x00004000        0x0 /home/user/mspgcc-4.7.2/lib/gcc/msp430/4.7.2/mmpy-16/libcrt0.a(_reset_vector__.o)
                0x00004000                _reset_vector__
 *(.init1)
 .init1         0x00004000        0xc /home/user/mspgcc-4.7.2/lib/gcc/msp430/4.7.2/mmpy-16/libcrt0.a(__watchdog_support.o)
                0x00004000                __watchdog_support
 *(.init2)
 .init2         0x0000400c        0x4 /home/user/mspgcc-4.7.2/lib/gcc/msp430/4.7.2/mmpy-16/libcrt0.a(__init_stack.o)
                0x0000400c                __init_stack
 *(.init3)
 .init3         0x00004010        0x0 /home/user/mspgcc-4.7.2/lib/gcc/msp430/4.7.2/mmpy-16/libcrt0.a(__low_level_init.o)
                0x00004010                __low_level_init
 *(.init4)
 .init4         0x00004010       0x18 /home/user/mspgcc-4.7.2/lib/gcc/msp430/4.7.2/mmpy-16/libcrt0.a(_copy_data.o)
                0x00004010                __do_copy_data
 .init4         0x00004028       0x16 /home/user/mspgcc-4.7.2/lib/gcc/msp430/4.7.2/mmpy-16/libcrt0.a(_clear_bss.o)
                0x00004028                __do_clear_bss
 *(.init5)
 *(.init6)
 *(.init7)
 *(.init8)
 *(.init9)
 .init9         0x0000403e      0x2f8 obj_sky/contiki-sky-main.o
                0x0000403e                main
 *(.fini9)
 .fini9         0x00004336        0x0 /home/user/mspgcc-4.7.2/lib/gcc/msp430/4.7.2/mmpy-16/libcrt0.a(__stop_progExec__.o)
                0x00004336                __stop_progExec__
 *(.fini8)
 *(.fini7)
 *(.fini6)
 *(.fini5)
 *(.fini4)
 *(.fini3)
 *(.fini2)
 *(.fini1)
 *(.fini0)
 .fini0         0x00004336        0x6 /home/user/mspgcc-4.7.2/lib/gcc/msp430/4.7.2/mmpy-16/libcrt0.a(_endless_loop__.o)
                0x00004336                _endless_loop__
 *(.fini .fini.*)
                0x0000433c                . = ALIGN (0x2)
                0x0000433c                __ctors_start = .
 *(.ctors)
                0x0000433c                __ctors_end = .
                0x0000433c                __dtors_start = .
 *(.dtors)
                0x0000433c                __dtors_end = .
                0x0000433c                . = ALIGN (0x2)
 *(.text .text.* .gnu.linkonce.t.*)
 .text          0x0000433c        0x4 /home/user/mspgcc-4.7.2/lib/gcc/msp430/4.7.2/mmpy-16/crt0ivtbl16.o
                0x0000433c                __isr_14
                0x0000433c                __isr_11
                0x0000433c                __isr_2
                0x0000433c                __isr_7
                0x0000433c                __isr_0
                0x0000433c                __isr_8
                0x0000433c                __isr_3
                0x0000433c                __isr_12
                0x0000433c                __isr_13
                0x0000433c                __isr_9
 .text.broadcast_recv
                0x00004340       0x32 claimer-firmware-shamir.co
 .text.sha256_transf
                0x00004372      0x5c0 claimer-firmware-shamir.co
                0x00004372                sha256_transf
 .text.sha256_init
                0x00004932       0x2c claimer-firmware-shamir.co
                0x00004932                sha256_init
 .text.sha256_update
                0x0000495e       0xe6 claimer-firmware-shamir.co
                0x0000495e                sha256_update
 .text.sha256_final
                0x00004a44      0x10c claimer-firmware-shamir.co
                0x00004a44                sha256_final
 .text.sha256   0x00004b50       0x34 claimer-firmware-shamir.co
                0x00004b50                sha256
 .text.hmac_sha256_init
                0x00004b84       0xe8 claimer-firmware-shamir.co
                0x00004b84                hmac_sha256_init
 .text.hmac_sha256_final
                0x00004c6c       0x4c claimer-firmware-shamir.co
                0x00004c6c                hmac_sha256_final
 .text.hmac_sha256
                0x00004cb8       0x38 claimer-firmware-shamir.co
                0x00004cb8                hmac_sha256
 .text.randomCharArray
                0x00004cf0       0x28 claimer-firmware-shamir.co
                0x00004cf0                randomCharArray
 .text.longToBytes
                0x00004d18       0x20 claimer-firmware-shamir.co
                0x00004d18                longToBytes
 .text.initialize_message.constprop.1
                0x00004d38      0x214 claimer-firmware-shamir.co
 .text.process_thread_claimer_process
                0x00004f4c      0x124 claimer-firmware-shamir.co
 .text.core_init
                0x00005070       0x28 /home/user/Desktop/relic-target-4-s256/lib/librelic_s.a(relic_core.c.obj)
                0x00005070                core_init
 .text.core_get
                0x00005098        0x6 /home/user/Desktop/relic-target-4-s256/lib/librelic_s.a(relic_core.c.obj)
                0x00005098                core_get
 .text.arch_init
                0x0000509e        0x2 /home/user/Desktop/relic-target-4-s256/lib/librelic_s.a(relic_arch_msp.c.obj)
                0x0000509e                arch_init
 .text.rand_init
                0x000050a0       0x28 /home/user/Desktop/relic-target-4-s256/lib/librelic_s.a(relic_rand_core.c.obj)
                0x000050a0                rand_init
 .text.rand_hash.constprop.0
                0x000050c8       0xbe /home/user/Desktop/relic-target-4-s256/lib/librelic_s.a(relic_rand_hash.c.obj)
 .text.rand_seed
                0x00005186       0xe8 /home/user/Desktop/relic-target-4-s256/lib/librelic_s.a(relic_rand_hash.c.obj)
                0x00005186                rand_seed
 .text.bn_init  0x0000526e       0x46 /home/user/Desktop/relic-target-4-s256/lib/librelic_s.a(relic_bn_mem.c.obj)
                0x0000526e                bn_init
 .text.bn_grow  0x000052b4       0x26 /home/user/Desktop/relic-target-4-s256/lib/librelic_s.a(relic_bn_mem.c.obj)
                0x000052b4                bn_grow
 .text.bn_trim  0x000052da       0x2e /home/user/Desktop/relic-target-4-s256/lib/librelic_s.a(relic_bn_mem.c.obj)
                0x000052da                bn_trim
 .text.bn_zero  0x00005308       0x14 /home/user/Desktop/relic-target-4-s256/lib/librelic_s.a(relic_bn_util.c.obj)
                0x00005308                bn_zero
 .text.bn_size_bin
                0x0000531c       0x24 /home/user/Desktop/relic-target-4-s256/lib/librelic_s.a(relic_bn_util.c.obj)
                0x0000531c                bn_size_bin
 .text.bn_read_bin
                0x00005340       0xb0 /home/user/Desktop/relic-target-4-s256/lib/librelic_s.a(relic_bn_util.c.obj)
                0x00005340                bn_read_bin
 .text.bn_write_bin
                0x000053f0       0xa4 /home/user/Desktop/relic-target-4-s256/lib/librelic_s.a(relic_bn_util.c.obj)
                0x000053f0                bn_write_bin
 .text.bn_add_imp
                0x00005494       0x96 /home/user/Desktop/relic-target-4-s256/lib/librelic_s.a(relic_bn_add.c.obj)
 .text.bn_sub_imp
                0x0000552a       0x74 /home/user/Desktop/relic-target-4-s256/lib/librelic_s.a(relic_bn_add.c.obj)
 .text.bn_add   0x0000559e       0x6e /home/user/Desktop/relic-target-4-s256/lib/librelic_s.a(relic_bn_add.c.obj)
                0x0000559e                bn_add
 .text.dv_zero  0x0000560c       0x44 /home/user/Desktop/relic-target-4-s256/lib/librelic_s.a(relic_dv_util.c.obj)
                0x0000560c                dv_zero
 .text.fp_prime_init
                0x00005650       0x2e /home/user/Desktop/relic-target-4-s256/lib/librelic_s.a(relic_fp_prime.c.obj)
                0x00005650                fp_prime_init
 .text.fp_zero  0x0000567e       0x12 /home/user/Desktop/relic-target-4-s256/lib/librelic_s.a(relic_fp_util.c.obj)
                0x0000567e                fp_zero
 .text.ep_curve_init
                0x00005690       0xb8 /home/user/Desktop/relic-target-4-s256/lib/librelic_s.a(relic_ep_curve.c.obj)
                0x00005690                ep_curve_init
 .text.ep_set_infty
                0x00005748       0x24 /home/user/Desktop/relic-target-4-s256/lib/librelic_s.a(relic_ep_util.c.obj)
                0x00005748                ep_set_infty
 .text.md_map_sh256
                0x0000576c       0x94 /home/user/Desktop/relic-target-4-s256/lib/librelic_s.a(relic_md_sha256.c.obj)
                0x0000576c                md_map_sh256
 .text.SHA224_256ProcessMessageBlock
                0x00005800      0x618 /home/user/Desktop/relic-target-4-s256/lib/librelic_s.a(sha224-256.c.obj)
 .text.SHA224_256PadMessage
                0x00005e18       0xa6 /home/user/Desktop/relic-target-4-s256/lib/librelic_s.a(sha224-256.c.obj)
 .text.SHA224_256Finalize
                0x00005ebe       0x32 /home/user/Desktop/relic-target-4-s256/lib/librelic_s.a(sha224-256.c.obj)
 .text.SHA224_256Reset
                0x00005ef0       0x86 /home/user/Desktop/relic-target-4-s256/lib/librelic_s.a(sha224-256.c.obj)
 .text.SHA224_256ResultN
                0x00005f76       0x80 /home/user/Desktop/relic-target-4-s256/lib/librelic_s.a(sha224-256.c.obj)
 .text.SHA256Reset
                0x00005ff6        0xa /home/user/Desktop/relic-target-4-s256/lib/librelic_s.a(sha224-256.c.obj)
                0x00005ff6                SHA256Reset
 .text.SHA256Input
                0x00006000       0xc4 /home/user/Desktop/relic-target-4-s256/lib/librelic_s.a(sha224-256.c.obj)
                0x00006000                SHA256Input
 .text.SHA256Result
                0x000060c4        0xa /home/user/Desktop/relic-target-4-s256/lib/librelic_s.a(sha224-256.c.obj)
                0x000060c4                SHA256Result
 .text.bn_add1_low
                0x000060ce       0x42 /home/user/Desktop/relic-target-4-s256/lib/librelic_s.a(relic_bn_add_low.c.obj)
                0x000060ce                bn_add1_low
 .text.bn_sub1_low
                0x00006110       0x40 /home/user/Desktop/relic-target-4-s256/lib/librelic_s.a(relic_bn_add_low.c.obj)
                0x00006110                bn_sub1_low
 .text          0x00006150       0x68 /home/user/Desktop/relic-target-4-s256/lib/librelic_s.a(relic_bn_add_low.s.obj)
                0x00006150                bn_addn_low
                0x00006180                bn_subn_low
 .text.util_conv_endian
                0x000061b8       0x5e /home/user/Desktop/relic-target-4-s256/lib/librelic_s.a(relic_util.c.obj)
                0x000061b8                util_conv_endian
 .text.util_conv_big
                0x00006216        0x6 /home/user/Desktop/relic-target-4-s256/lib/librelic_s.a(relic_util.c.obj)
                0x00006216                util_conv_big
 .text.util_printf
                0x0000621c        0xc /home/user/Desktop/relic-target-4-s256/lib/librelic_s.a(relic_util.c.obj)
                0x0000621c                util_printf
 .text.bn_cmp_abs
                0x00006228       0x26 /home/user/Desktop/relic-target-4-s256/lib/librelic_s.a(relic_bn_cmp.c.obj)
                0x00006228                bn_cmp_abs
 .text.bn_cmpn_low
                0x0000624e       0x40 /home/user/Desktop/relic-target-4-s256/lib/librelic_s.a(relic_bn_cmp_low.c.obj)
                0x0000624e                bn_cmpn_low
 .text.rimeaddr_copy
                0x0000628e        0xc contiki-sky.a(rimeaddr.o)
                0x0000628e                rimeaddr_copy
 .text.rimeaddr_cmp
                0x0000629a       0x12 contiki-sky.a(rimeaddr.o)
                0x0000629a                rimeaddr_cmp
 .text.rimeaddr_set_node_addr
                0x000062ac        0xc contiki-sky.a(rimeaddr.o)
                0x000062ac                rimeaddr_set_node_addr
 .text.input    0x000062b8       0x3a contiki-sky.a(rime.o)
 .text.init     0x000062f2       0x2e contiki-sky.a(rime.o)
 .text.packet_sent
                0x00006320       0x44 contiki-sky.a(rime.o)
 .text.rime_output
                0x00006364       0x24 contiki-sky.a(rime.o)
                0x00006364                rime_output
 .text.announcement_init
                0x00006388        0xa contiki-sky.a(announcement.o)
                0x00006388                announcement_init
 .text.announcement_register_observer_callback
                0x00006392        0x6 contiki-sky.a(announcement.o)
                0x00006392                announcement_register_observer_callback
 .text.announcement_list
                0x00006398        0xa contiki-sky.a(announcement.o)
                0x00006398                announcement_list
 .text.announcement_heard
                0x000063a2       0x42 contiki-sky.a(announcement.o)
                0x000063a2                announcement_heard
 .text.adv_packet_sent
                0x000063e4        0x2 contiki-sky.a(broadcast-annou)
 .text.adv_packet_received
                0x000063e6       0x64 contiki-sky.a(broadcast-annou)
 .text.set_timers
                0x0000644a       0x4a contiki-sky.a(broadcast-annou)
 .text.send_timer
                0x00006494       0x32 contiki-sky.a(broadcast-annou)
 .text.send_adv
                0x000064c6       0x66 contiki-sky.a(broadcast-annou)
 .text.new_announcement
                0x0000652c       0x18 contiki-sky.a(broadcast-annou)
 .text.broadcast_announcement_init
                0x00006544       0x48 contiki-sky.a(broadcast-annou)
                0x00006544                broadcast_announcement_init
 .text.sent_by_abc
                0x0000658c       0x10 contiki-sky.a(broadcast.o)
 .text.recv_from_abc
                0x0000659c       0x26 contiki-sky.a(broadcast.o)
 .text.broadcast_open
                0x000065c2       0x2a contiki-sky.a(broadcast.o)
                0x000065c2                broadcast_open
 .text.broadcast_close
                0x000065ec        0x6 contiki-sky.a(broadcast.o)
                0x000065ec                broadcast_close
 .text.broadcast_send
                0x000065f2       0x1a contiki-sky.a(broadcast.o)
                0x000065f2                broadcast_send
 .text.abc_open
                0x0000660c       0x26 contiki-sky.a(abc.o)
                0x0000660c                abc_open
 .text.abc_close
                0x00006632        0x6 contiki-sky.a(abc.o)
                0x00006632                abc_close
 .text.abc_send
                0x00006638        0x6 contiki-sky.a(abc.o)
                0x00006638                abc_send
 .text.abc_input
                0x0000663e        0xe contiki-sky.a(abc.o)
                0x0000663e                abc_input
 .text.abc_sent
                0x0000664c       0x10 contiki-sky.a(abc.o)
                0x0000664c                abc_sent
 .text.chameleon_init
                0x0000665c        0x6 contiki-sky.a(chameleon.o)
                0x0000665c                chameleon_init
 .text.chameleon_parse
                0x00006662       0x10 contiki-sky.a(chameleon.o)
                0x00006662                chameleon_parse
 .text.chameleon_create
                0x00006672       0x1c contiki-sky.a(chameleon.o)
                0x00006672                chameleon_create
 .text.chameleon_hdrsize
                0x0000668e        0x6 contiki-sky.a(chameleon.o)
                0x0000668e                chameleon_hdrsize
 .text.channel_init
                0x00006694        0xa contiki-sky.a(channel.o)
                0x00006694                channel_init
 .text.channel_open
                0x0000669e       0x10 contiki-sky.a(channel.o)
                0x0000669e                channel_open
 .text.channel_close
                0x000066ae        0xc contiki-sky.a(channel.o)
                0x000066ae                channel_close
 .text.channel_lookup
                0x000066ba       0x20 contiki-sky.a(channel.o)
                0x000066ba                channel_lookup
 .text.channel_set_attributes
                0x000066da       0x24 contiki-sky.a(channel.o)
                0x000066da                channel_set_attributes
 .text.header_size
                0x000066fe       0x16 contiki-sky.a(chameleon-bitop)
 .text.get_bits_in_byte
                0x00006714       0x3a contiki-sky.a(chameleon-bitop)
                0x00006714                get_bits_in_byte
 .text.get_bits
                0x0000674e       0xa2 contiki-sky.a(chameleon-bitop)
                0x0000674e                get_bits
 .text.unpack_header
                0x000067f0       0xd2 contiki-sky.a(chameleon-bitop)
 .text.set_bits_in_byte
                0x000068c2       0x2c contiki-sky.a(chameleon-bitop)
                0x000068c2                set_bits_in_byte
 .text.set_bits
                0x000068ee       0xc8 contiki-sky.a(chameleon-bitop)
                0x000068ee                set_bits
 .text.pack_header
                0x000069b6       0xbe contiki-sky.a(chameleon-bitop)
 .text.input_packet
                0x00006a74        0x6 contiki-sky.a(csma.o)
 .text.on       0x00006a7a        0x6 contiki-sky.a(csma.o)
 .text.off      0x00006a80        0x6 contiki-sky.a(csma.o)
 .text.channel_check_interval
                0x00006a86       0x10 contiki-sky.a(csma.o)
 .text.transmit_packet_list
                0x00006a96       0x24 contiki-sky.a(csma.o)
 .text.init     0x00006aba       0x1a contiki-sky.a(csma.o)
 .text.send_packet
                0x00006ad4      0x162 contiki-sky.a(csma.o)
 .text.free_packet
                0x00006c36       0x98 contiki-sky.a(csma.o)
 .text.packet_sent
                0x00006cce      0x130 contiki-sky.a(csma.o)
 .text.duty_cycle
                0x00006dfe        0x6 contiki-sky.a(contikimac.o)
 .text.init     0x00006e04       0x2e contiki-sky.a(contikimac.o)
 .text.on       0x00006e32       0x1a contiki-sky.a(contikimac.o)
 .text.off      0x00006e4c       0x22 contiki-sky.a(contikimac.o)
 .text.recv_burst_off
                0x00006e6e        0xa contiki-sky.a(contikimac.o)
 .text.turn_off
                0x00006e78       0x20 contiki-sky.a(contikimac.o)
 .text.turn_on  0x00006e98       0x30 contiki-sky.a(contikimac.o)
 .text.schedule_powercycle_fixed.part.4
                0x00006ec8       0x34 contiki-sky.a(contikimac.o)
 .text.powercycle_turn_radio_off
                0x00006efc       0x30 contiki-sky.a(contikimac.o)
 .text.input_packet
                0x00006f2c      0x122 contiki-sky.a(contikimac.o)
 .text.send_packet
                0x0000704e      0x2c8 contiki-sky.a(contikimac.o)
 .text.qsend_list
                0x00007316       0x82 contiki-sky.a(contikimac.o)
 .text.qsend_packet
                0x00007398       0x28 contiki-sky.a(contikimac.o)
 .text.powercycle
                0x000073c0      0x1de contiki-sky.a(contikimac.o)
 .text.send_packet
                0x0000759e       0x44 contiki-sky.a(phase.o)
 .text.phase_update
                0x000075e2       0x92 contiki-sky.a(phase.o)
                0x000075e2                phase_update
 .text.phase_wait
                0x00007674       0xf2 contiki-sky.a(phase.o)
                0x00007674                phase_wait
 .text.phase_init
                0x00007766       0x14 contiki-sky.a(phase.o)
                0x00007766                phase_init
 .text.call_process
                0x0000777a       0x46 contiki-sky.a(process.o)
 .text.exit_process
                0x000077c0       0x96 contiki-sky.a(process.o)
 .text.do_poll  0x00007856       0x30 contiki-sky.a(process.o)
 .text.process_alloc_event
                0x00007886        0xe contiki-sky.a(process.o)
                0x00007886                process_alloc_event
 .text.process_init
                0x00007894       0x1c contiki-sky.a(process.o)
                0x00007894                process_init
 .text.process_run
                0x000078b0       0xa2 contiki-sky.a(process.o)
                0x000078b0                process_run
 .text.process_nevents
                0x00007952        0xe contiki-sky.a(process.o)
                0x00007952                process_nevents
 .text.process_post
                0x00007960       0x54 contiki-sky.a(process.o)
                0x00007960                process_post
 .text.process_post_synch
                0x000079b4       0x12 contiki-sky.a(process.o)
                0x000079b4                process_post_synch
 .text.process_start
                0x000079c6       0x36 contiki-sky.a(process.o)
                0x000079c6                process_start
 .text.process_poll
                0x000079fc       0x18 contiki-sky.a(process.o)
                0x000079fc                process_poll
 .text.autostart_start
                0x00007a14       0x16 contiki-sky.a(autostart.o)
                0x00007a14                autostart_start
 .text.compower_accumulate
                0x00007a2a       0x72 contiki-sky.a(compower.o)
                0x00007a2a                compower_accumulate
 .text.compower_clear
                0x00007a9c       0x12 contiki-sky.a(compower.o)
                0x00007a9c                compower_clear
 .text.compower_attrconv
                0x00007aae       0x10 contiki-sky.a(compower.o)
                0x00007aae                compower_attrconv
 .text.process_thread_serial_line_process
                0x00007abe       0x9e contiki-sky.a(serial-line.o)
 .text.serial_line_input_byte
                0x00007b5c       0x4a contiki-sky.a(serial-line.o)
                0x00007b5c                serial_line_input_byte
 .text.serial_line_init
                0x00007ba6       0x1c contiki-sky.a(serial-line.o)
                0x00007ba6                serial_line_init
 .text.memb_init
                0x00007bc2       0x36 contiki-sky.a(memb.o)
                0x00007bc2                memb_init
 .text.memb_alloc
                0x00007bf8       0x3e contiki-sky.a(memb.o)
                0x00007bf8                memb_alloc
 .text.memb_free
                0x00007c36       0x3a contiki-sky.a(memb.o)
                0x00007c36                memb_free
 .text.memb_inmemb
                0x00007c70       0x2a contiki-sky.a(memb.o)
                0x00007c70                memb_inmemb
 .text.timer_set
                0x00007c9a       0x1c contiki-sky.a(timer.o)
                0x00007c9a                timer_set
 .text.timer_reset
                0x00007cb6        0xe contiki-sky.a(timer.o)
                0x00007cb6                timer_reset
 .text.timer_expired
                0x00007cc4       0x2a contiki-sky.a(timer.o)
                0x00007cc4                timer_expired
 .text.list_init
                0x00007cee        0x6 contiki-sky.a(list.o)
                0x00007cee                list_init
 .text.list_head
                0x00007cf4        0x4 contiki-sky.a(list.o)
                0x00007cf4                list_head
 .text.list_tail
                0x00007cf8       0x14 contiki-sky.a(list.o)
                0x00007cf8                list_tail
 .text.list_remove
                0x00007d0c       0x2e contiki-sky.a(list.o)
                0x00007d0c                list_remove
 .text.list_push
                0x00007d3a       0x1a contiki-sky.a(list.o)
                0x00007d3a                list_push
 .text.list_add
                0x00007d54       0x2a contiki-sky.a(list.o)
                0x00007d54                list_add
 .text.list_length
                0x00007d7e       0x10 contiki-sky.a(list.o)
                0x00007d7e                list_length
 .text.list_item_next
                0x00007d8e        0x8 contiki-sky.a(list.o)
                0x00007d8e                list_item_next
 .text.update_time
                0x00007d96       0x78 contiki-sky.a(etimer.o)
 .text.etimer_request_poll
                0x00007e0e        0xa contiki-sky.a(etimer.o)
                0x00007e0e                etimer_request_poll
 .text.process_thread_etimer_process
                0x00007e18       0xcc contiki-sky.a(etimer.o)
 .text.add_timer
                0x00007ee4       0x40 contiki-sky.a(etimer.o)
 .text.etimer_set
                0x00007f24       0x12 contiki-sky.a(etimer.o)
                0x00007f24                etimer_set
 .text.etimer_reset
                0x00007f36       0x12 contiki-sky.a(etimer.o)
                0x00007f36                etimer_reset
 .text.etimer_expired
                0x00007f48        0xe contiki-sky.a(etimer.o)
                0x00007f48                etimer_expired
 .text.etimer_pending
                0x00007f56        0xc contiki-sky.a(etimer.o)
                0x00007f56                etimer_pending
 .text.etimer_next_expiration_time
                0x00007f62       0x16 contiki-sky.a(etimer.o)
                0x00007f62                etimer_next_expiration_time
 .text.etimer_stop
                0x00007f78       0x3e contiki-sky.a(etimer.o)
                0x00007f78                etimer_stop
 .text.process_thread_ctimer_process
                0x00007fb6       0xa8 contiki-sky.a(ctimer.o)
 .text.ctimer_init
                0x0000805e       0x18 contiki-sky.a(ctimer.o)
                0x0000805e                ctimer_init
 .text.ctimer_set
                0x00008076       0x5a contiki-sky.a(ctimer.o)
                0x00008076                ctimer_set
 .text.ctimer_reset
                0x000080d0       0x3a contiki-sky.a(ctimer.o)
                0x000080d0                ctimer_reset
 .text.ctimer_stop
                0x0000810a       0x28 contiki-sky.a(ctimer.o)
                0x0000810a                ctimer_stop
 .text.energest_init
                0x00008132       0x26 contiki-sky.a(energest.o)
                0x00008132                energest_init
 .text.energest_type_time
                0x00008158       0x48 contiki-sky.a(energest.o)
                0x00008158                energest_type_time
 .text.energest_type_set
                0x000081a0        0xe contiki-sky.a(energest.o)
                0x000081a0                energest_type_set
 .text.energest_flush
                0x000081ae       0x48 contiki-sky.a(energest.o)
                0x000081ae                energest_flush
 .text.rtimer_init
                0x000081f6        0x6 contiki-sky.a(rtimer.o)
                0x000081f6                rtimer_init
 .text.rtimer_set
                0x000081fc       0x24 contiki-sky.a(rtimer.o)
                0x000081fc                rtimer_set
 .text.rtimer_run_next
                0x00008220       0x26 contiki-sky.a(rtimer.o)
                0x00008220                rtimer_run_next
 .text.random_init
                0x00008246        0x6 contiki-sky.a(random.o)
                0x00008246                random_init
 .text.random_rand
                0x0000824c        0x6 contiki-sky.a(random.o)
                0x0000824c                random_rand
 .text.ringbuf_init
                0x00008252       0x14 contiki-sky.a(ringbuf.o)
                0x00008252                ringbuf_init
 .text.ringbuf_put
                0x00008266       0x38 contiki-sky.a(ringbuf.o)
                0x00008266                ringbuf_put
 .text.ringbuf_get
                0x0000829e       0x32 contiki-sky.a(ringbuf.o)
                0x0000829e                ringbuf_get
 .text.item_from_index
                0x000082d0       0x2a contiki-sky.a(nbr-table.o)
 .text.index_from_key
                0x000082fa       0x12 contiki-sky.a(nbr-table.o)
 .text.index_from_item
                0x0000830c       0x1e contiki-sky.a(nbr-table.o)
 .text.nbr_set_bit
                0x0000832a       0x58 contiki-sky.a(nbr-table.o)
 .text.index_from_lladdr
                0x00008382       0x42 contiki-sky.a(nbr-table.o)
 .text.nbr_get_bit.constprop.0
                0x000083c4       0x2e contiki-sky.a(nbr-table.o)
 .text.nbr_table_register
                0x000083f2       0x26 contiki-sky.a(nbr-table.o)
                0x000083f2                nbr_table_register
 .text.nbr_table_add_lladdr
                0x00008418      0x128 contiki-sky.a(nbr-table.o)
                0x00008418                nbr_table_add_lladdr
 .text.nbr_table_get_from_lladdr
                0x00008540       0x2c contiki-sky.a(nbr-table.o)
                0x00008540                nbr_table_get_from_lladdr
 .text.nbr_table_remove
                0x0000856c       0x32 contiki-sky.a(nbr-table.o)
                0x0000856c                nbr_table_remove
 .text.packetbuf_copyto_hdr
                0x0000859e       0x1c contiki-sky.a(packetbuf.o)
                0x0000859e                packetbuf_copyto_hdr
 .text.packetbuf_copyto
                0x000085ba       0x52 contiki-sky.a(packetbuf.o)
                0x000085ba                packetbuf_copyto
 .text.packetbuf_hdr_remove
                0x0000860c        0x6 contiki-sky.a(packetbuf.o)
                0x0000860c                packetbuf_hdr_remove
 .text.packetbuf_hdrreduce
                0x00008612       0x1a contiki-sky.a(packetbuf.o)
                0x00008612                packetbuf_hdrreduce
 .text.packetbuf_set_datalen
                0x0000862c        0x6 contiki-sky.a(packetbuf.o)
                0x0000862c                packetbuf_set_datalen
 .text.packetbuf_dataptr
                0x00008632        0xe contiki-sky.a(packetbuf.o)
                0x00008632                packetbuf_dataptr
 .text.packetbuf_hdrptr
                0x00008640        0xa contiki-sky.a(packetbuf.o)
                0x00008640                packetbuf_hdrptr
 .text.packetbuf_is_reference
                0x0000864a        0xe contiki-sky.a(packetbuf.o)
                0x0000864a                packetbuf_is_reference
 .text.packetbuf_compact
                0x00008658       0x48 contiki-sky.a(packetbuf.o)
                0x00008658                packetbuf_compact
 .text.packetbuf_reference_ptr
                0x000086a0        0x6 contiki-sky.a(packetbuf.o)
                0x000086a0                packetbuf_reference_ptr
 .text.packetbuf_datalen
                0x000086a6        0x6 contiki-sky.a(packetbuf.o)
                0x000086a6                packetbuf_datalen
 .text.packetbuf_totlen
                0x000086ac       0x10 contiki-sky.a(packetbuf.o)
                0x000086ac                packetbuf_totlen
 .text.packetbuf_hdralloc
                0x000086bc       0x2e contiki-sky.a(packetbuf.o)
                0x000086bc                packetbuf_hdralloc
 .text.packetbuf_attr_clear
                0x000086ea       0x2c contiki-sky.a(packetbuf.o)
                0x000086ea                packetbuf_attr_clear
 .text.packetbuf_clear
                0x00008716       0x1a contiki-sky.a(packetbuf.o)
                0x00008716                packetbuf_clear
 .text.packetbuf_copyfrom
                0x00008730       0x2e contiki-sky.a(packetbuf.o)
                0x00008730                packetbuf_copyfrom
 .text.packetbuf_attr_copyto
                0x0000875e       0x20 contiki-sky.a(packetbuf.o)
                0x0000875e                packetbuf_attr_copyto
 .text.packetbuf_attr_copyfrom
                0x0000877e       0x22 contiki-sky.a(packetbuf.o)
                0x0000877e                packetbuf_attr_copyfrom
 .text.queuebuf_init
                0x000087a0       0x1a contiki-sky.a(queuebuf.o)
                0x000087a0                queuebuf_init
 .text.queuebuf_new_from_packetbuf
                0x000087ba       0x7e contiki-sky.a(queuebuf.o)
                0x000087ba                queuebuf_new_from_packetbuf
 .text.queuebuf_update_attr_from_packetbuf
                0x00008838       0x12 contiki-sky.a(queuebuf.o)
                0x00008838                queuebuf_update_attr_from_packetbuf
 .text.queuebuf_free
                0x0000884a       0x40 contiki-sky.a(queuebuf.o)
                0x0000884a                queuebuf_free
 .text.queuebuf_to_packetbuf
                0x0000888a       0x6e contiki-sky.a(queuebuf.o)
                0x0000888a                queuebuf_to_packetbuf
 .text.queuebuf_attr
                0x000088f8        0xe contiki-sky.a(queuebuf.o)
                0x000088f8                queuebuf_attr
 .text.init_platform
                0x00008906        0xc contiki-sky.a(contiki-sky-pla)
                0x00008906                init_platform
 .text.status   0x00008912       0x18 contiki-sky.a(button-sensor.o)
 .text.value    0x0000892a       0x20 contiki-sky.a(button-sensor.o)
 .text.configure
                0x0000894a       0x4c contiki-sky.a(button-sensor.o)
 .text.irq_p2   0x00008996       0x88 contiki-sky.a(button-sensor.o)
                0x00008996                irq_p2
                0x00008996                __isr_1
 .text.owreadb  0x00008a1e       0x50 contiki-sky.a(ds2411.o)
 .text.ds2411_init
                0x00008a6e      0x120 contiki-sky.a(ds2411.o)
                0x00008a6e                ds2411_init
 .text.wait_ready
                0x00008b8e       0x4a contiki-sky.a(xmem.o)
 .text.xmem_init
                0x00008bd8       0x3c contiki-sky.a(xmem.o)
                0x00008bd8                xmem_init
 .text.xmem_pread
                0x00008c14       0xda contiki-sky.a(xmem.o)
                0x00008c14                xmem_pread
 .text.node_id_restore
                0x00008cee       0x38 contiki-sky.a(node-id.o)
                0x00008cee                node_id_restore
 .text.process_thread_sensors_process
                0x00008d26       0xc2 contiki-sky.a(sensors.o)
 .text.sensors_changed
                0x00008de8       0x2a contiki-sky.a(sensors.o)
                0x00008de8                sensors_changed
 .text.strobe   0x00008e12       0x1c contiki-sky.a(cc2420.o)
 .text.status   0x00008e2e       0x22 contiki-sky.a(cc2420.o)
 .text.getreg   0x00008e50       0x4c contiki-sky.a(cc2420.o)
 .text.setreg   0x00008e9c       0x4c contiki-sky.a(cc2420.o)
 .text.set_txpower
                0x00008ee8       0x24 contiki-sky.a(cc2420.o)
 .text.cc2420_receiving_packet
                0x00008f0c        0xc contiki-sky.a(cc2420.o)
 .text.pending_packet
                0x00008f18        0x8 contiki-sky.a(cc2420.o)
 .text.on       0x00008f20       0x44 contiki-sky.a(cc2420.o)
 .text.flushrx  0x00008f64       0x6c contiki-sky.a(cc2420.o)
 .text.off      0x00008fd0       0x72 contiki-sky.a(cc2420.o)
 .text.RELEASE_LOCK
                0x00009042       0x28 contiki-sky.a(cc2420.o)
 .text.cc2420_prepare
                0x0000906a       0x82 contiki-sky.a(cc2420.o)
 .text.getrxdata
                0x000090ec       0x50 contiki-sky.a(cc2420.o)
 .text.cc2420_on
                0x0000913c       0x22 contiki-sky.a(cc2420.o)
                0x0000913c                cc2420_on
 .text.cc2420_off
                0x0000915e       0x30 contiki-sky.a(cc2420.o)
                0x0000915e                cc2420_off
 .text.cc2420_cca
                0x0000918e       0x82 contiki-sky.a(cc2420.o)
 .text.cc2420_read
                0x00009210       0xda contiki-sky.a(cc2420.o)
 .text.process_thread_cc2420_process
                0x000092ea       0x54 contiki-sky.a(cc2420.o)
 .text.cc2420_set_channel
                0x0000933e       0x80 contiki-sky.a(cc2420.o)
                0x0000933e                cc2420_set_channel
 .text.cc2420_set_pan_addr
                0x000093be      0x13e contiki-sky.a(cc2420.o)
                0x000093be                cc2420_set_pan_addr
 .text.cc2420_interrupt
                0x000094fc       0x1e contiki-sky.a(cc2420.o)
                0x000094fc                cc2420_interrupt
 .text.cc2420_get_txpower
                0x0000951a       0x1e contiki-sky.a(cc2420.o)
                0x0000951a                cc2420_get_txpower
 .text.cc2420_transmit
                0x00009538      0x1a6 contiki-sky.a(cc2420.o)
 .text.cc2420_send
                0x000096de       0x12 contiki-sky.a(cc2420.o)
 .text.cc2420_set_cca_threshold
                0x000096f0       0x16 contiki-sky.a(cc2420.o)
                0x000096f0                cc2420_set_cca_threshold
 .text.cc2420_init
                0x00009706       0xd2 contiki-sky.a(cc2420.o)
                0x00009706                cc2420_init
 .text.cc2420_port1_interrupt
                0x000097d8       0x62 contiki-sky.a(cc2420-arch.o)
                0x000097d8                __isr_4
                0x000097d8                cc2420_port1_interrupt
 .text.cc2420_arch_init
                0x0000983a       0x1a contiki-sky.a(cc2420-arch.o)
                0x0000983a                cc2420_arch_init
 .text.handle_rxdma_timer
                0x00009854       0x3a contiki-sky.a(uart1.o)
 .text.uart1_active
                0x0000988e       0x18 contiki-sky.a(uart1.o)
                0x0000988e                uart1_active
 .text.uart1_set_input
                0x000098a6       0x20 contiki-sky.a(uart1.o)
                0x000098a6                uart1_set_input
 .text.uart1_writeb
                0x000098c6       0x18 contiki-sky.a(uart1.o)
                0x000098c6                uart1_writeb
 .text.uart1_init
                0x000098de       0xf4 contiki-sky.a(uart1.o)
                0x000098de                uart1_init
 .text.putchar  0x000099d2       0x10 contiki-sky.a(uart1-putchar.o)
                0x000099d2                putchar
 .text.msp430_init_dco
                0x000099e2       0x82 contiki-sky.a(msp430.o)
                0x000099e2                msp430_init_dco
 .text.msp430_add_lpm_req
                0x00009a64        0xc contiki-sky.a(msp430.o)
                0x00009a64                msp430_add_lpm_req
 .text.msp430_cpu_init
                0x00009a70       0x2a contiki-sky.a(msp430.o)
                0x00009a70                msp430_cpu_init
 .text.splhigh_
                0x00009a9a        0x8 contiki-sky.a(msp430.o)
                0x00009a9a                splhigh_
 .text.msp430_sync_dco
                0x00009aa2       0x6c contiki-sky.a(msp430.o)
                0x00009aa2                msp430_sync_dco
 .text.timera1  0x00009b0e       0xfe contiki-sky.a(clock.o)
                0x00009b0e                __isr_5
                0x00009b0e                timera1
 .text.clock_time
                0x00009c0c       0x1a contiki-sky.a(clock.o)
                0x00009c0c                clock_time
 .text.clock_init
                0x00009c26       0x28 contiki-sky.a(clock.o)
                0x00009c26                clock_init
 .text.clock_delay
                0x00009c4e        0xc contiki-sky.a(clock.o)
                0x00009c4e                clock_delay
 .text.show_leds
                0x00009c5a      0x100 contiki-sky.a(leds.o)
 .text.leds_init
                0x00009d5a        0xe contiki-sky.a(leds.o)
                0x00009d5a                leds_init
 .text.leds_on  0x00009d68       0x14 contiki-sky.a(leds.o)
                0x00009d68                leds_on
 .text.leds_off
                0x00009d7c       0x14 contiki-sky.a(leds.o)
                0x00009d7c                leds_off
 .text.leds_arch_init
                0x00009d90        0xe contiki-sky.a(leds-arch.o)
                0x00009d90                leds_arch_init
 .text.leds_arch_set
                0x00009d9e       0x38 contiki-sky.a(leds-arch.o)
                0x00009d9e                leds_arch_set
 .text.watchdog_interrupt
                0x00009dd6        0x6 contiki-sky.a(watchdog.o)
                0x00009dd6                __isr_10
                0x00009dd6                watchdog_interrupt
 .text.watchdog_start
                0x00009ddc       0x14 contiki-sky.a(watchdog.o)
                0x00009ddc                watchdog_start
 .text.watchdog_periodic
                0x00009df0       0x12 contiki-sky.a(watchdog.o)
                0x00009df0                watchdog_periodic
 .text.watchdog_stop
                0x00009e02       0x16 contiki-sky.a(watchdog.o)
                0x00009e02                watchdog_stop
 .text.watchdog_init
                0x00009e18       0x12 contiki-sky.a(watchdog.o)
                0x00009e18                watchdog_init
 .text.rtimer_arch_init
                0x00009e2a        0xe contiki-sky.a(rtimer-arch.o)
                0x00009e2a                rtimer_arch_init
 .text.rtimer_arch_now
                0x00009e38        0xe contiki-sky.a(rtimer-arch.o)
                0x00009e38                rtimer_arch_now
 .text.timera0  0x00009e46       0x70 contiki-sky.a(rtimer-arch.o)
                0x00009e46                __isr_6
                0x00009e46                timera0
 .text.rtimer_arch_schedule
                0x00009eb6        0x6 contiki-sky.a(rtimer-arch.o)
                0x00009eb6                rtimer_arch_schedule
 .text.mac_call_sent_callback
                0x00009ebc       0x14 contiki-sky.a(mac.o)
                0x00009ebc                mac_call_sent_callback
 .text.create   0x00009ed0      0x106 contiki-sky.a(framer-802154.o)
 .text.parse    0x00009fd6       0xac contiki-sky.a(framer-802154.o)
 .text.spi_init
                0x0000a082       0x30 contiki-sky.a(spi.o)
                0x0000a082                spi_init
 .text.field_len
                0x0000a0b2       0x90 contiki-sky.a(frame802154.o)
 .text.frame802154_hdrlen
                0x0000a142       0x2e contiki-sky.a(frame802154.o)
                0x0000a142                frame802154_hdrlen
 .text.frame802154_create
                0x0000a170      0x172 contiki-sky.a(frame802154.o)
                0x0000a170                frame802154_create
 .text.frame802154_parse
                0x0000a2e2      0x1c4 contiki-sky.a(frame802154.o)
                0x0000a2e2                frame802154_parse
 .text.libgcc   0x0000a4a6       0x2c /home/user/mspgcc-4.7.2/lib/gcc/msp430/4.7.2/mmpy-16/libgcc.a(_mulsi3.o)
                0x0000a4a6                __mulsi3
 .text.libgcc   0x0000a4d2       0x22 /home/user/mspgcc-4.7.2/lib/gcc/msp430/4.7.2/mmpy-16/libgcc.a(_udivmod16.o)
                0x0000a4d2                __udivhi3
                0x0000a4d2                __ext_udivmod16
                0x0000a4ec                __umodhi3
 .text.libgcc   0x0000a4f4       0x3a /home/user/mspgcc-4.7.2/lib/gcc/msp430/4.7.2/mmpy-16/libgcc.a(_divmod16.o)
                0x0000a4f4                __ext_divmod16
                0x0000a4f4                __divhi3
                0x0000a526                __modhi3
 .text.libgcc   0x0000a52e       0x40 /home/user/mspgcc-4.7.2/lib/gcc/msp430/4.7.2/mmpy-16/libgcc.a(_udivmod32.o)
                0x0000a52e                __udivsi3
                0x0000a52e                __ext_udivmod32
                0x0000a564                __umodsi3
 .text.printf   0x0000a56e       0x10 /home/user/mspgcc-4.7.2/lib/gcc/msp430/4.7.2/../../../../msp430/lib/mmpy-16/libc.a(printf.o)
                0x0000a56e                printf
 .text.vprintf  0x0000a57e        0xe /home/user/mspgcc-4.7.2/lib/gcc/msp430/4.7.2/../../../../msp430/lib/mmpy-16/libc.a(printf.o)
                0x0000a57e                vprintf
 .text.print_field
                0x0000a58c      0x194 /home/user/mspgcc-4.7.2/lib/gcc/msp430/4.7.2/../../../../msp430/lib/mmpy-16/libc.a(vuprintf.o)
 .text.vuprintf
                0x0000a720      0x63e /home/user/mspgcc-4.7.2/lib/gcc/msp430/4.7.2/../../../../msp430/lib/mmpy-16/libc.a(vuprintf.o)
                0x0000a720                vuprintf
 .text.puts     0x0000ad5e       0x2c /home/user/mspgcc-4.7.2/lib/gcc/msp430/4.7.2/../../../../msp430/lib/mmpy-16/libc.a(puts.o)
                0x0000ad5e                puts
 .text.rand     0x0000ad8a       0x26 /home/user/mspgcc-4.7.2/lib/gcc/msp430/4.7.2/../../../../msp430/lib/mmpy-16/libc.a(rand.o)
                0x0000ad8a                rand
 .text.srand    0x0000adb0        0xa /home/user/mspgcc-4.7.2/lib/gcc/msp430/4.7.2/../../../../msp430/lib/mmpy-16/libc.a(rand.o)
                0x0000adb0                srand
 .text.strcmp   0x0000adba       0x1e /home/user/mspgcc-4.7.2/lib/gcc/msp430/4.7.2/../../../../msp430/lib/mmpy-16/libc.a(strcmp.o)
                0x0000adba                strcmp
 .text.memcmp   0x0000add8       0x30 /home/user/mspgcc-4.7.2/lib/gcc/msp430/4.7.2/../../../../msp430/lib/mmpy-16/libc.a(memcmp.o)
                0x0000add8                memcmp
 .text.memcpy   0x0000ae08       0xfa /home/user/mspgcc-4.7.2/lib/gcc/msp430/4.7.2/../../../../msp430/lib/mmpy-16/libc.a(memcpy.o)
                0x0000ae08                memcpy
 .text.memset   0x0000af02       0x6a /home/user/mspgcc-4.7.2/lib/gcc/msp430/4.7.2/../../../../msp430/lib/mmpy-16/libc.a(memset.o)
                0x0000af02                memset
 .text.libgcc   0x0000af6c       0xf0 /home/user/mspgcc-4.7.2/lib/gcc/msp430/4.7.2/mmpy-16/libgcc.a(_udivmod64.o)
                0x0000af6c                __xabi_udivmod64
                0x0000afca                __udivdi3
                0x0000aff0                __umoddi3
                0x0000b01e                __udivmoddi4
 .text.crt0     0x0000b05c        0x2 /home/user/mspgcc-4.7.2/lib/gcc/msp430/4.7.2/mmpy-16/libcrt0.a(_unexpected_.o)
                0x0000b05c                _unexpected_
 *(.near.text .near.text.*)

.rodata         0x0000b05e      0x55f
                0x0000b05e                . = ALIGN (0x2)
 *(.rodata .rodata.* .gnu.linkonce.r.*)
 .rodata        0x0000b05e      0x13c claimer-firmware-shamir.co
                0x0000b0d8                autostart_processes
 .rodata        0x0000b19a       0xd4 obj_sky/contiki-sky-main.o
 .rodata.rand_seed
                0x0000b26e       0x50 /home/user/Desktop/relic-target-4-s256/lib/librelic_s.a(relic_rand_hash.c.obj)
 .rodata.bn_init
                0x0000b2be       0x4b /home/user/Desktop/relic-target-4-s256/lib/librelic_s.a(relic_bn_mem.c.obj)
 .rodata.bn_size_str
                0x0000b309       0x4c /home/user/Desktop/relic-target-4-s256/lib/librelic_s.a(relic_bn_util.c.obj)
 .rodata.dv_zero
                0x0000b355       0x4c /home/user/Desktop/relic-target-4-s256/lib/librelic_s.a(relic_dv_util.c.obj)
 .rodata.md_map_sh256
                0x0000b3a1       0x4e /home/user/Desktop/relic-target-4-s256/lib/librelic_s.a(relic_md_sha256.c.obj)
 *fill*         0x0000b3ef        0x1 00
 .rodata.K.1482
                0x0000b3f0      0x100 /home/user/Desktop/relic-target-4-s256/lib/librelic_s.a(sha224-256.c.obj)
 .rodata        0x0000b4f0        0x2 contiki-sky.a(rimeaddr.o)
                0x0000b4f0                rimeaddr_null
 .rodata        0x0000b4f2        0xc contiki-sky.a(rime.o)
                0x0000b4f8                rime_driver
 .rodata        0x0000b4fe        0x4 contiki-sky.a(broadcast-annou)
 .rodata        0x0000b502        0x8 contiki-sky.a(broadcast.o)
 .rodata        0x0000b50a        0x2 contiki-sky.a(abc.o)
 .rodata        0x0000b50c       0x10 contiki-sky.a(chameleon-bitop)
                0x0000b50c                chameleon_bitopt
 .rodata        0x0000b51c       0x14 contiki-sky.a(csma.o)
                0x0000b522                csma_driver
 .rodata        0x0000b530       0x1c contiki-sky.a(contikimac.o)
                0x0000b53c                contikimac_driver
 .rodata        0x0000b54c        0xe contiki-sky.a(serial-line.o)
 .rodata        0x0000b55a        0xc contiki-sky.a(etimer.o)
 .rodata        0x0000b566        0xf contiki-sky.a(ctimer.o)
 *fill*         0x0000b575        0x1 00
 .rodata        0x0000b576       0x10 contiki-sky.a(button-sensor.o)
                0x0000b57e                button_sensor
 .rodata        0x0000b586        0x8 contiki-sky.a(sensors.o)
 .rodata        0x0000b58e       0x22 contiki-sky.a(cc2420.o)
                0x0000b58e                cc2420_driver
 .rodata        0x0000b5b0        0x4 contiki-sky.a(framer-802154.o)
                0x0000b5b0                framer_802154
 .rodata        0x0000b5b4        0x2 contiki-sky.a(frame802154.o)
 .rodata.vuprintf
                0x0000b5b6        0x7 /home/user/mspgcc-4.7.2/lib/gcc/msp430/4.7.2/../../../../msp430/lib/mmpy-16/libc.a(vuprintf.o)
 *(.near.rodata .near.rodata.*)
                0x0000b5be                . = ALIGN (0x2)
                0x0000b5be                _etext = .

.data           0x00001100      0x1ce load address 0x0000b5be
                0x00001100                . = ALIGN (0x2)
                0x00001100                __data_start = .
 *(.data .data.* .gnu.linkonce.d.*)
 .data          0x00001100      0x12a claimer-firmware-shamir.co
                0x00001100                claimer_process
                0x0000110a                sha256_k
                0x0000120a                sha256_h0
 .data.SHA256_H0
                0x0000122a       0x20 /home/user/Desktop/relic-target-4-s256/lib/librelic_s.a(sha224-256.c.obj)
 .data          0x0000124a       0x18 contiki-sky.a(csma.o)
 .data          0x00001262       0x10 contiki-sky.a(phase.o)
 .data          0x00001272        0xa contiki-sky.a(serial-line.o)
                0x00001272                serial_line_process
 .data          0x0000127c        0xa contiki-sky.a(etimer.o)
                0x0000127c                etimer_process
 .data          0x00001286        0xa contiki-sky.a(ctimer.o)
                0x00001286                ctimer_process
 .data          0x00001290        0x8 contiki-sky.a(nbr-table.o)
 .data          0x00001298       0x18 contiki-sky.a(queuebuf.o)
 .data          0x000012b0        0x4 contiki-sky.a(contiki-sky-pla)
                0x000012b0                sensors
 .data          0x000012b4        0xa contiki-sky.a(sensors.o)
                0x000012b4                sensors_process
 .data          0x000012be        0xa contiki-sky.a(cc2420.o)
                0x000012be                cc2420_process
 .data          0x000012c8        0x2 contiki-sky.a(msp430.o)
 .data.next     0x000012ca        0x4 /home/user/mspgcc-4.7.2/lib/gcc/msp430/4.7.2/../../../../msp430/lib/mmpy-16/libc.a(rand.o)
 *(.near.data .near.data.*)
                0x000012ce                . = ALIGN (0x2)
                0x000012ce                _edata = .
                0x0000b5be                __data_load_start = LOADADDR (.data)
                0x000001ce                __data_size = SIZEOF (.data)

.bss            0x000012ce     0x192c load address 0x0000b78c
                0x000012ce                __bss_start = .
 *(.bss .bss.*)
 .bss           0x000012ce       0xcc claimer-firmware-shamir.co
 .bss           0x0000139a        0xc obj_sky/contiki-sky-main.o
 .bss.core_ctx  0x000013a6        0x2 /home/user/Desktop/relic-target-4-s256/lib/librelic_s.a(relic_core.c.obj)
                0x000013a6                core_ctx
 .bss           0x000013a8        0x2 contiki-sky.a(rime.o)
 .bss           0x000013aa        0x6 contiki-sky.a(announcement.o)
 .bss           0x000013b0       0x46 contiki-sky.a(broadcast-annou)
 .bss           0x000013f6        0x2 contiki-sky.a(channel.o)
 .bss           0x000013f8      0x126 contiki-sky.a(csma.o)
 .bss           0x0000151e       0x74 contiki-sky.a(contikimac.o)
 .bss           0x00001592      0x148 contiki-sky.a(phase.o)
 .bss           0x000016da       0x42 contiki-sky.a(process.o)
                0x000016da                process_current
                0x000016dc                process_list
 .bss           0x0000171c        0x8 contiki-sky.a(compower.o)
 .bss           0x00001724      0x10a contiki-sky.a(serial-line.o)
 .bss           0x0000182e        0x6 contiki-sky.a(etimer.o)
 .bss           0x00001834        0x4 contiki-sky.a(ctimer.o)
 .bss           0x00001838        0x2 contiki-sky.a(rtimer.o)
 .bss           0x0000183a       0x4c contiki-sky.a(nbr-table.o)
 .bss           0x00001886       0xba contiki-sky.a(packetbuf.o)
 .bss           0x00001940      0xc4e contiki-sky.a(queuebuf.o)
 .bss           0x0000258e        0x8 contiki-sky.a(button-sensor.o)
 .bss           0x00002596        0x2 contiki-sky.a(node-id.o)
                0x00002596                node_id
 .bss           0x00002598        0x6 contiki-sky.a(sensors.o)
 .bss           0x0000259e        0xa contiki-sky.a(cc2420.o)
 .bss           0x000025a8       0x9a contiki-sky.a(uart1.o)
 .bss           0x00002642        0xa contiki-sky.a(clock.o)
 .bss           0x0000264c        0x2 contiki-sky.a(leds.o)
 .bss           0x0000264e        0x2 contiki-sky.a(watchdog.o)
 .bss           0x00002650        0x2 contiki-sky.a(framer-802154.o)
 *(.near.bss .near.bss.*)
 *(COMMON)
 COMMON         0x00002652      0x4ea /home/user/Desktop/relic-target-4-s256/lib/librelic_s.a(relic_core.c.obj)
                0x00002652                first_ctx
 COMMON         0x00002b3c        0x2 contiki-sky.a(rimeaddr.o)
                0x00002b3c                rimeaddr_node_addr
 COMMON         0x00002b3e        0x1 contiki-sky.a(process.o)
                0x00002b3e                process_maxevents
 *fill*         0x00002b3f        0x1 00
 COMMON         0x00002b40        0x8 contiki-sky.a(compower.o)
                0x00002b40                compower_idle_activity
 COMMON         0x00002b48        0x1 contiki-sky.a(serial-line.o)
                0x00002b48                serial_line_event_message
 *fill*         0x00002b49        0x1 00
 COMMON         0x00002b4a       0x56 contiki-sky.a(energest.o)
                0x00002b4a                energest_total_time
                0x00002b7a                energest_total_count
                0x00002b7c                energest_current_mode
                0x00002b88                energest_current_time
 COMMON         0x00002ba0       0x38 contiki-sky.a(packetbuf.o)
                0x00002ba0                packetbuf_addrs
                0x00002ba8                packetbuf_attrs
 COMMON         0x00002bd8        0x2 contiki-sky.a(contiki-sky-pla)
                0x00002bd8                sensors_flags
 COMMON         0x00002bda        0x8 contiki-sky.a(ds2411.o)
                0x00002bda                ds2411_id
 COMMON         0x00002be2        0x1 contiki-sky.a(sensors.o)
                0x00002be2                sensors_event
 *fill*         0x00002be3        0x1 00
 COMMON         0x00002be4       0x14 contiki-sky.a(cc2420.o)
                0x00002be4                cc2420_last_rssi
                0x00002be6                cc2420_packets_read
                0x00002be8                cc2420_packets_seen
                0x00002bea                cc2420_sfd_start_time
                0x00002bec                cc2420_time_of_departure
                0x00002bee                cc2420_time_of_arrival
                0x00002bf0                cc2420_last_correlation
                0x00002bf2                cc2420_authority_level_of_sender
                0x00002bf4                cc2420_sfd_counter
                0x00002bf6                cc2420_sfd_end_time
 COMMON         0x00002bf8        0x2 contiki-sky.a(msp430.o)
                0x00002bf8                msp430_dco_required
                0x00002bfa                . = ALIGN (0x2)
                0x00002bfa                __bss_end = .
                0x0000192c                __bss_size = SIZEOF (.bss)

.noinit         0x00002bfa        0x2 load address 0x0000b78c
                0x00002bfa                . = ALIGN (0x2)
                0x00002bfa                __noinit_start = .
 *(.noinit .noinit.*)
 .noinit.crt0   0x00002bfa        0x2 /home/user/mspgcc-4.7.2/lib/gcc/msp430/4.7.2/mmpy-16/libcrt0.a(__watchdog_support.o)
                0x00002bfa                __wdt_clear_value
                0x00002bfc                . = ALIGN (0x2)
                0x00002bfc                __noinit_end = .
                0x00002bfc                . = ALIGN (0x2)
                0x00002bfc                _end = .

.infomem        0x00001000        0x0
                0x00001000                . = ALIGN (0x2)
 *(.infomem .infomem.*)

.infomemnobits  0x00001000        0x0
                0x00001000                . = ALIGN (0x2)
 *(.infomemnobits .infomemnobits.*)

.infoa          0x00001080        0x0
                0x00001080                . = ALIGN (0x2)
 *(.infoa .infoa.*)

.infob          0x00001000        0x0
                0x00001000                . = ALIGN (0x2)
 *(.infob .infob.*)

.infoc          0x00000000        0x0
                0x00000000                . = ALIGN (0x2)
 *(.infoc .infoc.*)

.infod          0x00000000        0x0
                0x00000000                . = ALIGN (0x2)
 *(.infod .infod.*)
                0x0000ffff                PROVIDE (__vte_0, 0xffff)
                0x0000ffff                PROVIDE (__vte_1, 0xffff)
                0x0000ffff                PROVIDE (__vte_2, 0xffff)
                0x0000ffff                PROVIDE (__vte_3, 0xffff)
                0x0000ffff                PROVIDE (__vte_4, 0xffff)
                0x0000ffff                PROVIDE (__vte_5, 0xffff)
                0x0000ffff                PROVIDE (__vte_6, 0xffff)
                0x0000ffff                PROVIDE (__vte_7, 0xffff)
                0x0000ffff                PROVIDE (__vte_8, 0xffff)
                0x0000ffff                PROVIDE (__vte_9, 0xffff)
                0x0000ffff                PROVIDE (__vte_10, 0xffff)
                0x0000ffff                PROVIDE (__vte_11, 0xffff)
                0x0000ffff                PROVIDE (__vte_12, 0xffff)
                0x0000ffff                PROVIDE (__vte_13, 0xffff)
                0x0000ffff                PROVIDE (__vte_14, 0xffff)
                0x0000ffff                PROVIDE (__vte_15, 0xffff)
                0x0000ffff                PROVIDE (__vte_16, 0xffff)
                0x0000ffff                PROVIDE (__vte_17, 0xffff)
                0x0000ffff                PROVIDE (__vte_18, 0xffff)
                0x0000ffff                PROVIDE (__vte_19, 0xffff)
                0x0000ffff                PROVIDE (__vte_20, 0xffff)
                0x0000ffff                PROVIDE (__vte_21, 0xffff)
                0x0000ffff                PROVIDE (__vte_22, 0xffff)
                0x0000ffff                PROVIDE (__vte_23, 0xffff)
                0x0000ffff                PROVIDE (__vte_24, 0xffff)
                0x0000ffff                PROVIDE (__vte_25, 0xffff)
                0x0000ffff                PROVIDE (__vte_26, 0xffff)
                0x0000ffff                PROVIDE (__vte_27, 0xffff)
                0x0000ffff                PROVIDE (__vte_28, 0xffff)
                0x0000ffff                PROVIDE (__vte_29, 0xffff)
                0x0000ffff                PROVIDE (__vte_30, 0xffff)
                0x0000ffff                PROVIDE (__vte_31, 0xffff)

.vectors        0x0000ffe0       0x20
                0x0000ffe0                __vectors_start = .
 *(.vectors*)
 .vectors       0x0000ffe0       0x20 /home/user/mspgcc-4.7.2/lib/gcc/msp430/4.7.2/mmpy-16/crt0ivtbl16.o
                0x0000ffe0                __ivtbl_16
                0x00010000                _vectors_end = .

.fartext        0x00000000        0x0
                0x00000000                . = ALIGN (0x2)
 *(.fartext .fartext.*)

.far.text       0x00000000        0x0
                0x00000000                . = ALIGN (0x2)
 *(.far.text .far.text.*)

.far.rodata     0x00000000        0x0
                0x00000000                . = ALIGN (0x2)
 *(.far.rodata .far.rodata.*)
                0x00000000                . = ALIGN (0x2)
                0x00000000                _efartext = .

.far.data       0x00000000        0x0
                0x00000000                . = ALIGN (0x2)
                0x00000000                __far_data_start = .
 *(.far.data .far.data.*)
                0x00000000                . = ALIGN (0x2)
                0x00000000                _efardata = .
                0x00000000                __far_data_load_start = LOADADDR (.far.data)
                0x00000000                __far_data_size = SIZEOF (.far.data)

.far.bss        0x00000000        0x0
                0x00000000                . = ALIGN (0x2)
                0x00000000                __far_bss_start = .
 *(.far.bss .far.bss.*)
                0x00000000                . = ALIGN (0x2)
                0x00000000                __far_bss_end = .
                0x00000000                __far_bss_size = SIZEOF (.far.bss)
                0x00000000                . = ALIGN (0x2)
                0x00000000                _far_end = .

.profiler
 *(.profiler)

.stab
 *(.stab)

.stabstr
 *(.stabstr)

.stab.excl
 *(.stab.excl)

.stab.exclstr
 *(.stab.exclstr)

.stab.index
 *(.stab.index)

.stab.indexstr
 *(.stab.indexstr)

.comment        0x00000000       0x30
 *(.comment)
 .comment       0x00000000       0x30 claimer-firmware-shamir.co
                                 0x31 (size before relaxing)
 .comment       0x00000000       0x31 obj_sky/contiki-sky-main.o
 .comment       0x00000000       0x31 /home/user/Desktop/relic-target-4-s256/lib/librelic_s.a(relic_core.c.obj)
 .comment       0x00000000       0x31 /home/user/Desktop/relic-target-4-s256/lib/librelic_s.a(relic_arch_msp.c.obj)
 .comment       0x00000000       0x31 /home/user/Desktop/relic-target-4-s256/lib/librelic_s.a(relic_rand_core.c.obj)
 .comment       0x00000000       0x31 /home/user/Desktop/relic-target-4-s256/lib/librelic_s.a(relic_rand_hash.c.obj)
 .comment       0x00000000       0x31 /home/user/Desktop/relic-target-4-s256/lib/librelic_s.a(relic_bn_mem.c.obj)
 .comment       0x00000000       0x31 /home/user/Desktop/relic-target-4-s256/lib/librelic_s.a(relic_bn_util.c.obj)
 .comment       0x00000000       0x31 /home/user/Desktop/relic-target-4-s256/lib/librelic_s.a(relic_bn_add.c.obj)
 .comment       0x00000000       0x31 /home/user/Desktop/relic-target-4-s256/lib/librelic_s.a(relic_dv_util.c.obj)
 .comment       0x00000000       0x31 /home/user/Desktop/relic-target-4-s256/lib/librelic_s.a(relic_fp_prime.c.obj)
 .comment       0x00000000       0x31 /home/user/Desktop/relic-target-4-s256/lib/librelic_s.a(relic_fp_util.c.obj)
 .comment       0x00000000       0x31 /home/user/Desktop/relic-target-4-s256/lib/librelic_s.a(relic_ep_curve.c.obj)
 .comment       0x00000000       0x31 /home/user/Desktop/relic-target-4-s256/lib/librelic_s.a(relic_ep_util.c.obj)
 .comment       0x00000000       0x31 /home/user/Desktop/relic-target-4-s256/lib/librelic_s.a(relic_md_sha256.c.obj)
 .comment       0x00000000       0x31 /home/user/Desktop/relic-target-4-s256/lib/librelic_s.a(sha224-256.c.obj)
 .comment       0x00000000       0x31 /home/user/Desktop/relic-target-4-s256/lib/librelic_s.a(relic_bn_add_low.c.obj)
 .comment       0x00000000       0x31 /home/user/Desktop/relic-target-4-s256/lib/librelic_s.a(relic_util.c.obj)
 .comment       0x00000000       0x31 /home/user/Desktop/relic-target-4-s256/lib/librelic_s.a(relic_bn_cmp.c.obj)
 .comment       0x00000000       0x31 /home/user/Desktop/relic-target-4-s256/lib/librelic_s.a(relic_bn_cmp_low.c.obj)
 .comment       0x00000000       0x31 contiki-sky.a(rimeaddr.o)
 .comment       0x00000000       0x31 contiki-sky.a(rime.o)
 .comment       0x00000000       0x31 contiki-sky.a(announcement.o)
 .comment       0x00000000       0x31 contiki-sky.a(broadcast-annou)
 .comment       0x00000000       0x31 contiki-sky.a(broadcast.o)
 .comment       0x00000000       0x31 contiki-sky.a(abc.o)
 .comment       0x00000000       0x31 contiki-sky.a(chameleon.o)
 .comment       0x00000000       0x31 contiki-sky.a(channel.o)
 .comment       0x00000000       0x31 contiki-sky.a(chameleon-bitop)
 .comment       0x00000000       0x31 contiki-sky.a(csma.o)
 .comment       0x00000000       0x31 contiki-sky.a(contikimac.o)
 .comment       0x00000000       0x31 contiki-sky.a(phase.o)
 .comment       0x00000000       0x31 contiki-sky.a(process.o)
 .comment       0x00000000       0x31 contiki-sky.a(autostart.o)
 .comment       0x00000000       0x31 contiki-sky.a(compower.o)
 .comment       0x00000000       0x31 contiki-sky.a(serial-line.o)
 .comment       0x00000000       0x31 contiki-sky.a(memb.o)
 .comment       0x00000000       0x31 contiki-sky.a(timer.o)
 .comment       0x00000000       0x31 contiki-sky.a(etimer.o)
 .comment       0x00000000       0x31 contiki-sky.a(ctimer.o)
 .comment       0x00000000       0x31 contiki-sky.a(energest.o)
 .comment       0x00000000       0x31 contiki-sky.a(rtimer.o)
 .comment       0x00000000       0x31 contiki-sky.a(random.o)
 .comment       0x00000000       0x31 contiki-sky.a(ringbuf.o)
 .comment       0x00000000       0x31 contiki-sky.a(nbr-table.o)
 .comment       0x00000000       0x31 contiki-sky.a(packetbuf.o)
 .comment       0x00000000       0x31 contiki-sky.a(queuebuf.o)
 .comment       0x00000000       0x31 contiki-sky.a(contiki-sky-pla)
 .comment       0x00000000       0x31 contiki-sky.a(button-sensor.o)
 .comment       0x00000000       0x31 contiki-sky.a(ds2411.o)
 .comment       0x00000000       0x31 contiki-sky.a(xmem.o)
 .comment       0x00000000       0x31 contiki-sky.a(node-id.o)
 .comment       0x00000000       0x31 contiki-sky.a(sensors.o)
 .comment       0x00000000       0x31 contiki-sky.a(cc2420.o)
 .comment       0x00000000       0x31 contiki-sky.a(cc2420-arch.o)
 .comment       0x00000000       0x31 contiki-sky.a(uart1.o)
 .comment       0x00000000       0x31 contiki-sky.a(uart1-putchar.o)
 .comment       0x00000000       0x31 contiki-sky.a(msp430.o)
 .comment       0x00000000       0x31 contiki-sky.a(clock.o)
 .comment       0x00000000       0x31 contiki-sky.a(leds.o)
 .comment       0x00000000       0x31 contiki-sky.a(leds-arch.o)
 .comment       0x00000000       0x31 contiki-sky.a(watchdog.o)
 .comment       0x00000000       0x31 contiki-sky.a(rtimer-arch.o)
 .comment       0x00000000       0x31 contiki-sky.a(mac.o)
 .comment       0x00000000       0x31 contiki-sky.a(framer-802154.o)
 .comment       0x00000000       0x31 contiki-sky.a(spi.o)
 .comment       0x00000000       0x31 contiki-sky.a(frame802154.o)
 .comment       0x00000000       0x31 /home/user/mspgcc-4.7.2/lib/gcc/msp430/4.7.2/../../../../msp430/lib/mmpy-16/libc.a(printf.o)
 .comment       0x00000000       0x31 /home/user/mspgcc-4.7.2/lib/gcc/msp430/4.7.2/../../../../msp430/lib/mmpy-16/libc.a(vuprintf.o)
 .comment       0x00000000       0x31 /home/user/mspgcc-4.7.2/lib/gcc/msp430/4.7.2/../../../../msp430/lib/mmpy-16/libc.a(puts.o)
 .comment       0x00000000       0x31 /home/user/mspgcc-4.7.2/lib/gcc/msp430/4.7.2/../../../../msp430/lib/mmpy-16/libc.a(rand.o)
 .comment       0x00000000       0x31 /home/user/mspgcc-4.7.2/lib/gcc/msp430/4.7.2/../../../../msp430/lib/mmpy-16/libc.a(strcmp.o)
 .comment       0x00000000       0x31 /home/user/mspgcc-4.7.2/lib/gcc/msp430/4.7.2/../../../../msp430/lib/mmpy-16/libc.a(memcmp.o)
 .comment       0x00000000       0x31 /home/user/mspgcc-4.7.2/lib/gcc/msp430/4.7.2/../../../../msp430/lib/mmpy-16/libc.a(memcpy.o)
 .comment       0x00000000       0x31 /home/user/mspgcc-4.7.2/lib/gcc/msp430/4.7.2/../../../../msp430/lib/mmpy-16/libc.a(memset.o)

.debug
 *(.debug)

.line
 *(.line)

.debug_srcinfo
 *(.debug_srcinfo)

.debug_sfnames
 *(.debug_sfnames)

.debug_aranges  0x00000000      0x520
 *(.debug_aranges)
 .debug_aranges
                0x00000000       0x14 /home/user/mspgcc-4.7.2/lib/gcc/msp430/4.7.2/mmpy-16/crt0ivtbl16.o
 .debug_aranges
                0x00000014       0x20 /home/user/Desktop/relic-target-4-s256/lib/librelic_s.a(relic_core.c.obj)
 .debug_aranges
                0x00000034       0x18 /home/user/Desktop/relic-target-4-s256/lib/librelic_s.a(relic_arch_msp.c.obj)
 .debug_aranges
                0x0000004c       0x18 /home/user/Desktop/relic-target-4-s256/lib/librelic_s.a(relic_rand_core.c.obj)
 .debug_aranges
                0x00000064       0x28 /home/user/Desktop/relic-target-4-s256/lib/librelic_s.a(relic_rand_hash.c.obj)
 .debug_aranges
                0x0000008c       0x20 /home/user/Desktop/relic-target-4-s256/lib/librelic_s.a(relic_bn_mem.c.obj)
 .debug_aranges
                0x000000ac       0x74 /home/user/Desktop/relic-target-4-s256/lib/librelic_s.a(relic_bn_util.c.obj)
 .debug_aranges
                0x00000120       0x28 /home/user/Desktop/relic-target-4-s256/lib/librelic_s.a(relic_bn_add.c.obj)
 .debug_aranges
                0x00000148       0x28 /home/user/Desktop/relic-target-4-s256/lib/librelic_s.a(relic_dv_util.c.obj)
 .debug_aranges
                0x00000170       0x50 /home/user/Desktop/relic-target-4-s256/lib/librelic_s.a(relic_fp_prime.c.obj)
 .debug_aranges
                0x000001c0       0x50 /home/user/Desktop/relic-target-4-s256/lib/librelic_s.a(relic_fp_util.c.obj)
 .debug_aranges
                0x00000210       0x5c /home/user/Desktop/relic-target-4-s256/lib/librelic_s.a(relic_ep_curve.c.obj)
 .debug_aranges
                0x0000026c       0x40 /home/user/Desktop/relic-target-4-s256/lib/librelic_s.a(relic_ep_util.c.obj)
 .debug_aranges
                0x000002ac       0x14 /home/user/Desktop/relic-target-4-s256/lib/librelic_s.a(relic_md_sha256.c.obj)
 .debug_aranges
                0x000002c0       0x44 /home/user/Desktop/relic-target-4-s256/lib/librelic_s.a(sha224-256.c.obj)
 .debug_aranges
                0x00000304       0x18 /home/user/Desktop/relic-target-4-s256/lib/librelic_s.a(relic_bn_add_low.c.obj)
 .debug_aranges
                0x0000031c       0x14 /home/user/Desktop/relic-target-4-s256/lib/librelic_s.a(relic_bn_add_low.s.obj)
 .debug_aranges
                0x00000330       0x30 /home/user/Desktop/relic-target-4-s256/lib/librelic_s.a(relic_util.c.obj)
 .debug_aranges
                0x00000360       0x1c /home/user/Desktop/relic-target-4-s256/lib/librelic_s.a(relic_bn_cmp.c.obj)
 .debug_aranges
                0x0000037c       0x18 /home/user/Desktop/relic-target-4-s256/lib/librelic_s.a(relic_bn_cmp_low.c.obj)
 .debug_aranges
                0x00000394       0x14 /home/user/mspgcc-4.7.2/lib/gcc/msp430/4.7.2/mmpy-16/libgcc.a(_mulsi3.o)
 .debug_aranges
                0x000003a8       0x14 /home/user/mspgcc-4.7.2/lib/gcc/msp430/4.7.2/mmpy-16/libgcc.a(_udivmod16.o)
 .debug_aranges
                0x000003bc       0x14 /home/user/mspgcc-4.7.2/lib/gcc/msp430/4.7.2/mmpy-16/libgcc.a(_divmod16.o)
 .debug_aranges
                0x000003d0       0x14 /home/user/mspgcc-4.7.2/lib/gcc/msp430/4.7.2/mmpy-16/libgcc.a(_udivmod32.o)
 .debug_aranges
                0x000003e4       0x18 /home/user/mspgcc-4.7.2/lib/gcc/msp430/4.7.2/../../../../msp430/lib/mmpy-16/libc.a(printf.o)
 .debug_aranges
                0x000003fc       0x18 /home/user/mspgcc-4.7.2/lib/gcc/msp430/4.7.2/../../../../msp430/lib/mmpy-16/libc.a(vuprintf.o)
 .debug_aranges
                0x00000414       0x14 /home/user/mspgcc-4.7.2/lib/gcc/msp430/4.7.2/../../../../msp430/lib/mmpy-16/libc.a(puts.o)
 .debug_aranges
                0x00000428       0x1c /home/user/mspgcc-4.7.2/lib/gcc/msp430/4.7.2/../../../../msp430/lib/mmpy-16/libc.a(rand.o)
 .debug_aranges
                0x00000444       0x14 /home/user/mspgcc-4.7.2/lib/gcc/msp430/4.7.2/../../../../msp430/lib/mmpy-16/libc.a(strcmp.o)
 .debug_aranges
                0x00000458       0x14 /home/user/mspgcc-4.7.2/lib/gcc/msp430/4.7.2/../../../../msp430/lib/mmpy-16/libc.a(memcmp.o)
 .debug_aranges
                0x0000046c       0x14 /home/user/mspgcc-4.7.2/lib/gcc/msp430/4.7.2/../../../../msp430/lib/mmpy-16/libc.a(memcpy.o)
 .debug_aranges
                0x00000480       0x14 /home/user/mspgcc-4.7.2/lib/gcc/msp430/4.7.2/../../../../msp430/lib/mmpy-16/libc.a(memset.o)
 .debug_aranges
                0x00000494       0x14 /home/user/mspgcc-4.7.2/lib/gcc/msp430/4.7.2/mmpy-16/libgcc.a(_udivmod64.o)
 .debug_aranges
                0x000004a8       0x14 /home/user/mspgcc-4.7.2/lib/gcc/msp430/4.7.2/mmpy-16/libcrt0.a(__watchdog_support.o)
 .debug_aranges
                0x000004bc       0x14 /home/user/mspgcc-4.7.2/lib/gcc/msp430/4.7.2/mmpy-16/libcrt0.a(__init_stack.o)
 .debug_aranges
                0x000004d0       0x14 /home/user/mspgcc-4.7.2/lib/gcc/msp430/4.7.2/mmpy-16/libcrt0.a(_copy_data.o)
 .debug_aranges
                0x000004e4       0x14 /home/user/mspgcc-4.7.2/lib/gcc/msp430/4.7.2/mmpy-16/libcrt0.a(_clear_bss.o)
 .debug_aranges
                0x000004f8       0x14 /home/user/mspgcc-4.7.2/lib/gcc/msp430/4.7.2/mmpy-16/libcrt0.a(_endless_loop__.o)
 .debug_aranges
                0x0000050c       0x14 /home/user/mspgcc-4.7.2/lib/gcc/msp430/4.7.2/mmpy-16/libcrt0.a(_unexpected_.o)

.debug_pubnames
 *(.debug_pubnames)

.debug_info     0x00000000     0x97e8
 *(.debug_info)
 .debug_info    0x00000000       0x97 /home/user/mspgcc-4.7.2/lib/gcc/msp430/4.7.2/mmpy-16/crt0ivtbl16.o
 .debug_info    0x00000097      0x479 /home/user/Desktop/relic-target-4-s256/lib/librelic_s.a(relic_core.c.obj)
 .debug_info    0x00000510       0x91 /home/user/Desktop/relic-target-4-s256/lib/librelic_s.a(relic_arch_msp.c.obj)
 .debug_info    0x000005a1      0x45b /home/user/Desktop/relic-target-4-s256/lib/librelic_s.a(relic_rand_core.c.obj)
 .debug_info    0x000009fc      0xa6b /home/user/Desktop/relic-target-4-s256/lib/librelic_s.a(relic_rand_hash.c.obj)
 .debug_info    0x00001467      0x456 /home/user/Desktop/relic-target-4-s256/lib/librelic_s.a(relic_bn_mem.c.obj)
 .debug_info    0x000018bd     0x101e /home/user/Desktop/relic-target-4-s256/lib/librelic_s.a(relic_bn_util.c.obj)
 .debug_info    0x000028db      0x685 /home/user/Desktop/relic-target-4-s256/lib/librelic_s.a(relic_bn_add.c.obj)
 .debug_info    0x00002f60      0x60c /home/user/Desktop/relic-target-4-s256/lib/librelic_s.a(relic_dv_util.c.obj)
 .debug_info    0x0000356c      0xb6a /home/user/Desktop/relic-target-4-s256/lib/librelic_s.a(relic_fp_prime.c.obj)
 .debug_info    0x000040d6      0xc9b /home/user/Desktop/relic-target-4-s256/lib/librelic_s.a(relic_fp_util.c.obj)
 .debug_info    0x00004d71     0x11e5 /home/user/Desktop/relic-target-4-s256/lib/librelic_s.a(relic_ep_curve.c.obj)
 .debug_info    0x00005f56      0xf69 /home/user/Desktop/relic-target-4-s256/lib/librelic_s.a(relic_ep_util.c.obj)
 .debug_info    0x00006ebf      0x596 /home/user/Desktop/relic-target-4-s256/lib/librelic_s.a(relic_md_sha256.c.obj)
 .debug_info    0x00007455      0x7c5 /home/user/Desktop/relic-target-4-s256/lib/librelic_s.a(sha224-256.c.obj)
 .debug_info    0x00007c1a      0x178 /home/user/Desktop/relic-target-4-s256/lib/librelic_s.a(relic_bn_add_low.c.obj)
 .debug_info    0x00007d92       0x8f /home/user/Desktop/relic-target-4-s256/lib/librelic_s.a(relic_bn_add_low.s.obj)
 .debug_info    0x00007e21      0x33c /home/user/Desktop/relic-target-4-s256/lib/librelic_s.a(relic_util.c.obj)
 .debug_info    0x0000815d      0x1fd /home/user/Desktop/relic-target-4-s256/lib/librelic_s.a(relic_bn_cmp.c.obj)
 .debug_info    0x0000835a      0x11e /home/user/Desktop/relic-target-4-s256/lib/librelic_s.a(relic_bn_cmp_low.c.obj)
 .debug_info    0x00008478       0x94 /home/user/mspgcc-4.7.2/lib/gcc/msp430/4.7.2/mmpy-16/libgcc.a(_mulsi3.o)
 .debug_info    0x0000850c       0x94 /home/user/mspgcc-4.7.2/lib/gcc/msp430/4.7.2/mmpy-16/libgcc.a(_udivmod16.o)
 .debug_info    0x000085a0       0x94 /home/user/mspgcc-4.7.2/lib/gcc/msp430/4.7.2/mmpy-16/libgcc.a(_divmod16.o)
 .debug_info    0x00008634       0x94 /home/user/mspgcc-4.7.2/lib/gcc/msp430/4.7.2/mmpy-16/libgcc.a(_udivmod32.o)
 .debug_info    0x000086c8      0x16e /home/user/mspgcc-4.7.2/lib/gcc/msp430/4.7.2/../../../../msp430/lib/mmpy-16/libc.a(printf.o)
 .debug_info    0x00008836      0x5d4 /home/user/mspgcc-4.7.2/lib/gcc/msp430/4.7.2/../../../../msp430/lib/mmpy-16/libc.a(vuprintf.o)
 .debug_info    0x00008e0a       0xc7 /home/user/mspgcc-4.7.2/lib/gcc/msp430/4.7.2/../../../../msp430/lib/mmpy-16/libc.a(puts.o)
 .debug_info    0x00008ed1      0x146 /home/user/mspgcc-4.7.2/lib/gcc/msp430/4.7.2/../../../../msp430/lib/mmpy-16/libc.a(rand.o)
 .debug_info    0x00009017       0xa9 /home/user/mspgcc-4.7.2/lib/gcc/msp430/4.7.2/../../../../msp430/lib/mmpy-16/libc.a(strcmp.o)
 .debug_info    0x000090c0       0xe5 /home/user/mspgcc-4.7.2/lib/gcc/msp430/4.7.2/../../../../msp430/lib/mmpy-16/libc.a(memcmp.o)
 .debug_info    0x000091a5      0x12c /home/user/mspgcc-4.7.2/lib/gcc/msp430/4.7.2/../../../../msp430/lib/mmpy-16/libc.a(memcpy.o)
 .debug_info    0x000092d1      0x117 /home/user/mspgcc-4.7.2/lib/gcc/msp430/4.7.2/../../../../msp430/lib/mmpy-16/libc.a(memset.o)
 .debug_info    0x000093e8       0x94 /home/user/mspgcc-4.7.2/lib/gcc/msp430/4.7.2/mmpy-16/libgcc.a(_udivmod64.o)
 .debug_info    0x0000947c       0x92 /home/user/mspgcc-4.7.2/lib/gcc/msp430/4.7.2/mmpy-16/libcrt0.a(__watchdog_support.o)
 .debug_info    0x0000950e       0x92 /home/user/mspgcc-4.7.2/lib/gcc/msp430/4.7.2/mmpy-16/libcrt0.a(__init_stack.o)
 .debug_info    0x000095a0       0x92 /home/user/mspgcc-4.7.2/lib/gcc/msp430/4.7.2/mmpy-16/libcrt0.a(_copy_data.o)
 .debug_info    0x00009632       0x92 /home/user/mspgcc-4.7.2/lib/gcc/msp430/4.7.2/mmpy-16/libcrt0.a(_clear_bss.o)
 .debug_info    0x000096c4       0x92 /home/user/mspgcc-4.7.2/lib/gcc/msp430/4.7.2/mmpy-16/libcrt0.a(_endless_loop__.o)
 .debug_info    0x00009756       0x92 /home/user/mspgcc-4.7.2/lib/gcc/msp430/4.7.2/mmpy-16/libcrt0.a(_unexpected_.o)
 *(.gnu.linkonce.wi.*)

.debug_abbrev   0x00000000     0x272d
 *(.debug_abbrev)
 .debug_abbrev  0x00000000       0x14 /home/user/mspgcc-4.7.2/lib/gcc/msp430/4.7.2/mmpy-16/crt0ivtbl16.o
 .debug_abbrev  0x00000014      0x154 /home/user/Desktop/relic-target-4-s256/lib/librelic_s.a(relic_core.c.obj)
 .debug_abbrev  0x00000168       0x42 /home/user/Desktop/relic-target-4-s256/lib/librelic_s.a(relic_arch_msp.c.obj)
 .debug_abbrev  0x000001aa      0x170 /home/user/Desktop/relic-target-4-s256/lib/librelic_s.a(relic_rand_core.c.obj)
 .debug_abbrev  0x0000031a      0x312 /home/user/Desktop/relic-target-4-s256/lib/librelic_s.a(relic_rand_hash.c.obj)
 .debug_abbrev  0x0000062c      0x15a /home/user/Desktop/relic-target-4-s256/lib/librelic_s.a(relic_bn_mem.c.obj)
 .debug_abbrev  0x00000786      0x2cf /home/user/Desktop/relic-target-4-s256/lib/librelic_s.a(relic_bn_util.c.obj)
 .debug_abbrev  0x00000a55      0x154 /home/user/Desktop/relic-target-4-s256/lib/librelic_s.a(relic_bn_add.c.obj)
 .debug_abbrev  0x00000ba9      0x1d8 /home/user/Desktop/relic-target-4-s256/lib/librelic_s.a(relic_dv_util.c.obj)
 .debug_abbrev  0x00000d81      0x296 /home/user/Desktop/relic-target-4-s256/lib/librelic_s.a(relic_fp_prime.c.obj)
 .debug_abbrev  0x00001017      0x292 /home/user/Desktop/relic-target-4-s256/lib/librelic_s.a(relic_fp_util.c.obj)
 .debug_abbrev  0x000012a9      0x23a /home/user/Desktop/relic-target-4-s256/lib/librelic_s.a(relic_ep_curve.c.obj)
 .debug_abbrev  0x000014e3      0x247 /home/user/Desktop/relic-target-4-s256/lib/librelic_s.a(relic_ep_util.c.obj)
 .debug_abbrev  0x0000172a      0x1a8 /home/user/Desktop/relic-target-4-s256/lib/librelic_s.a(relic_md_sha256.c.obj)
 .debug_abbrev  0x000018d2      0x221 /home/user/Desktop/relic-target-4-s256/lib/librelic_s.a(sha224-256.c.obj)
 .debug_abbrev  0x00001af3       0xd7 /home/user/Desktop/relic-target-4-s256/lib/librelic_s.a(relic_bn_add_low.c.obj)
 .debug_abbrev  0x00001bca       0x14 /home/user/Desktop/relic-target-4-s256/lib/librelic_s.a(relic_bn_add_low.s.obj)
 .debug_abbrev  0x00001bde      0x193 /home/user/Desktop/relic-target-4-s256/lib/librelic_s.a(relic_util.c.obj)
 .debug_abbrev  0x00001d71      0x100 /home/user/Desktop/relic-target-4-s256/lib/librelic_s.a(relic_bn_cmp.c.obj)
 .debug_abbrev  0x00001e71       0xbb /home/user/Desktop/relic-target-4-s256/lib/librelic_s.a(relic_bn_cmp_low.c.obj)
 .debug_abbrev  0x00001f2c       0x14 /home/user/mspgcc-4.7.2/lib/gcc/msp430/4.7.2/mmpy-16/libgcc.a(_mulsi3.o)
 .debug_abbrev  0x00001f40       0x14 /home/user/mspgcc-4.7.2/lib/gcc/msp430/4.7.2/mmpy-16/libgcc.a(_udivmod16.o)
 .debug_abbrev  0x00001f54       0x14 /home/user/mspgcc-4.7.2/lib/gcc/msp430/4.7.2/mmpy-16/libgcc.a(_divmod16.o)
 .debug_abbrev  0x00001f68       0x14 /home/user/mspgcc-4.7.2/lib/gcc/msp430/4.7.2/mmpy-16/libgcc.a(_udivmod32.o)
 .debug_abbrev  0x00001f7c       0xfa /home/user/mspgcc-4.7.2/lib/gcc/msp430/4.7.2/../../../../msp430/lib/mmpy-16/libc.a(printf.o)
 .debug_abbrev  0x00002076      0x23e /home/user/mspgcc-4.7.2/lib/gcc/msp430/4.7.2/../../../../msp430/lib/mmpy-16/libc.a(vuprintf.o)
 .debug_abbrev  0x000022b4       0xa3 /home/user/mspgcc-4.7.2/lib/gcc/msp430/4.7.2/../../../../msp430/lib/mmpy-16/libc.a(puts.o)
 .debug_abbrev  0x00002357       0xfb /home/user/mspgcc-4.7.2/lib/gcc/msp430/4.7.2/../../../../msp430/lib/mmpy-16/libc.a(rand.o)
 .debug_abbrev  0x00002452       0x65 /home/user/mspgcc-4.7.2/lib/gcc/msp430/4.7.2/../../../../msp430/lib/mmpy-16/libc.a(strcmp.o)
 .debug_abbrev  0x000024b7       0x9e /home/user/mspgcc-4.7.2/lib/gcc/msp430/4.7.2/../../../../msp430/lib/mmpy-16/libc.a(memcmp.o)
 .debug_abbrev  0x00002555       0xab /home/user/mspgcc-4.7.2/lib/gcc/msp430/4.7.2/../../../../msp430/lib/mmpy-16/libc.a(memcpy.o)
 .debug_abbrev  0x00002600       0xa1 /home/user/mspgcc-4.7.2/lib/gcc/msp430/4.7.2/../../../../msp430/lib/mmpy-16/libc.a(memset.o)
 .debug_abbrev  0x000026a1       0x14 /home/user/mspgcc-4.7.2/lib/gcc/msp430/4.7.2/mmpy-16/libgcc.a(_udivmod64.o)
 .debug_abbrev  0x000026b5       0x14 /home/user/mspgcc-4.7.2/lib/gcc/msp430/4.7.2/mmpy-16/libcrt0.a(__watchdog_support.o)
 .debug_abbrev  0x000026c9       0x14 /home/user/mspgcc-4.7.2/lib/gcc/msp430/4.7.2/mmpy-16/libcrt0.a(__init_stack.o)
 .debug_abbrev  0x000026dd       0x14 /home/user/mspgcc-4.7.2/lib/gcc/msp430/4.7.2/mmpy-16/libcrt0.a(_copy_data.o)
 .debug_abbrev  0x000026f1       0x14 /home/user/mspgcc-4.7.2/lib/gcc/msp430/4.7.2/mmpy-16/libcrt0.a(_clear_bss.o)
 .debug_abbrev  0x00002705       0x14 /home/user/mspgcc-4.7.2/lib/gcc/msp430/4.7.2/mmpy-16/libcrt0.a(_endless_loop__.o)
 .debug_abbrev  0x00002719       0x14 /home/user/mspgcc-4.7.2/lib/gcc/msp430/4.7.2/mmpy-16/libcrt0.a(_unexpected_.o)

.debug_line     0x00000000     0x3334
 *(.debug_line)
 .debug_line    0x00000000       0x64 /home/user/mspgcc-4.7.2/lib/gcc/msp430/4.7.2/mmpy-16/crt0ivtbl16.o
 .debug_line    0x00000064      0x186 /home/user/Desktop/relic-target-4-s256/lib/librelic_s.a(relic_core.c.obj)
 .debug_line    0x000001ea       0x73 /home/user/Desktop/relic-target-4-s256/lib/librelic_s.a(relic_arch_msp.c.obj)
 .debug_line    0x0000025d      0x158 /home/user/Desktop/relic-target-4-s256/lib/librelic_s.a(relic_rand_core.c.obj)
 .debug_line    0x000003b5      0x24d /home/user/Desktop/relic-target-4-s256/lib/librelic_s.a(relic_rand_hash.c.obj)
 .debug_line    0x00000602      0x18a /home/user/Desktop/relic-target-4-s256/lib/librelic_s.a(relic_bn_mem.c.obj)
 .debug_line    0x0000078c      0x519 /home/user/Desktop/relic-target-4-s256/lib/librelic_s.a(relic_bn_util.c.obj)
 .debug_line    0x00000ca5      0x1e8 /home/user/Desktop/relic-target-4-s256/lib/librelic_s.a(relic_bn_add.c.obj)
 .debug_line    0x00000e8d      0x224 /home/user/Desktop/relic-target-4-s256/lib/librelic_s.a(relic_dv_util.c.obj)
 .debug_line    0x000010b1      0x2fd /home/user/Desktop/relic-target-4-s256/lib/librelic_s.a(relic_fp_prime.c.obj)