Archive member included because of file (symbol)

/home/user/Desktop/relic-target-4/lib/librelic_s.a(relic_core.c.obj)
                              claimer-firmware-shamir.co (core_init)
/home/user/Desktop/relic-target-4/lib/librelic_s.a(relic_arch_msp.c.obj)
                              /home/user/Desktop/relic-target-4/lib/librelic_s.a(relic_core.c.obj) (arch_init)
/home/user/Desktop/relic-target-4/lib/librelic_s.a(relic_rand_core.c.obj)
                              /home/user/Desktop/relic-target-4/lib/librelic_s.a(relic_core.c.obj) (rand_init)
/home/user/Desktop/relic-target-4/lib/librelic_s.a(relic_rand_fips.c.obj)
                              /home/user/Desktop/relic-target-4/lib/librelic_s.a(relic_rand_core.c.obj) (rand_seed)
/home/user/Desktop/relic-target-4/lib/librelic_s.a(relic_bn_mem.c.obj)
                              claimer-firmware-shamir.co (bn_init)
/home/user/Desktop/relic-target-4/lib/librelic_s.a(relic_bn_util.c.obj)
                              claimer-firmware-shamir.co (bn_read_bin)
/home/user/Desktop/relic-target-4/lib/librelic_s.a(relic_bn_add.c.obj)
                              claimer-firmware-shamir.co (bn_add)
/home/user/Desktop/relic-target-4/lib/librelic_s.a(relic_bn_div.c.obj)
                              /home/user/Desktop/relic-target-4/lib/librelic_s.a(relic_bn_util.c.obj) (bn_div_dig)
/home/user/Desktop/relic-target-4/lib/librelic_s.a(relic_dv_util.c.obj)
                              /home/user/Desktop/relic-target-4/lib/librelic_s.a(relic_bn_util.c.obj) (dv_zero)
/home/user/Desktop/relic-target-4/lib/librelic_s.a(relic_fp_prime.c.obj)
                              /home/user/Desktop/relic-target-4/lib/librelic_s.a(relic_core.c.obj) (fp_prime_init)
/home/user/Desktop/relic-target-4/lib/librelic_s.a(relic_fp_util.c.obj)
                              /home/user/Desktop/relic-target-4/lib/librelic_s.a(relic_fp_prime.c.obj) (fp_copy)
/home/user/Desktop/relic-target-4/lib/librelic_s.a(relic_fp_add.c.obj)
                              /home/user/Desktop/relic-target-4/lib/librelic_s.a(relic_fp_prime.c.obj) (fp_sub_basic)
/home/user/Desktop/relic-target-4/lib/librelic_s.a(relic_fp_exp.c.obj)
                              /home/user/Desktop/relic-target-4/lib/librelic_s.a(relic_fp_prime.c.obj) (fp_exp_slide)
/home/user/Desktop/relic-target-4/lib/librelic_s.a(relic_fp_sqr.c.obj)
                              /home/user/Desktop/relic-target-4/lib/librelic_s.a(relic_fp_prime.c.obj) (fp_sqr_comba)
/home/user/Desktop/relic-target-4/lib/librelic_s.a(relic_fp_rdc.c.obj)
                              /home/user/Desktop/relic-target-4/lib/librelic_s.a(relic_fp_prime.c.obj) (fp_rdc_monty_comba)
/home/user/Desktop/relic-target-4/lib/librelic_s.a(relic_fp2_sqr.c.obj)
                              /home/user/Desktop/relic-target-4/lib/librelic_s.a(relic_fp_prime.c.obj) (fp2_sqr_integ)
/home/user/Desktop/relic-target-4/lib/librelic_s.a(relic_fp3_mul.c.obj)
                              /home/user/Desktop/relic-target-4/lib/librelic_s.a(relic_fp_prime.c.obj) (fp3_mul_integ)
/home/user/Desktop/relic-target-4/lib/librelic_s.a(relic_fp2_mul.c.obj)
                              /home/user/Desktop/relic-target-4/lib/librelic_s.a(relic_fp_prime.c.obj) (fp2_mul_integ)
/home/user/Desktop/relic-target-4/lib/librelic_s.a(relic_fpx_frb.c.obj)
                              /home/user/Desktop/relic-target-4/lib/librelic_s.a(relic_fp_prime.c.obj) (fp2_frb)
/home/user/Desktop/relic-target-4/lib/librelic_s.a(relic_fpx_exp.c.obj)
                              /home/user/Desktop/relic-target-4/lib/librelic_s.a(relic_fp_prime.c.obj) (fp2_exp)
/home/user/Desktop/relic-target-4/lib/librelic_s.a(relic_fp3_sqr.c.obj)
                              /home/user/Desktop/relic-target-4/lib/librelic_s.a(relic_fp_prime.c.obj) (fp3_sqr_integ)
/home/user/Desktop/relic-target-4/lib/librelic_s.a(relic_fp12_sqr.c.obj)
                              /home/user/Desktop/relic-target-4/lib/librelic_s.a(relic_fpx_exp.c.obj) (fp12_sqr_basic)
/home/user/Desktop/relic-target-4/lib/librelic_s.a(relic_fp6_mul.c.obj)
                              /home/user/Desktop/relic-target-4/lib/librelic_s.a(relic_fpx_exp.c.obj) (fp6_mul_basic)
/home/user/Desktop/relic-target-4/lib/librelic_s.a(relic_fpx_cmp.c.obj)
                              /home/user/Desktop/relic-target-4/lib/librelic_s.a(relic_fpx_exp.c.obj) (fp12_cmp)
/home/user/Desktop/relic-target-4/lib/librelic_s.a(relic_fpx_add.c.obj)
                              /home/user/Desktop/relic-target-4/lib/librelic_s.a(relic_fpx_exp.c.obj) (fp2_add_integ)
/home/user/Desktop/relic-target-4/lib/librelic_s.a(relic_fpx_util.c.obj)
                              /home/user/Desktop/relic-target-4/lib/librelic_s.a(relic_fp_prime.c.obj) (fp2_copy)
/home/user/Desktop/relic-target-4/lib/librelic_s.a(relic_fp12_mul.c.obj)
                              /home/user/Desktop/relic-target-4/lib/librelic_s.a(relic_fpx_exp.c.obj) (fp12_mul_basic)
[...]
Memory Configuration

Name             Origin             Length             Attributes
sfr              0x00000000         0x00000010
peripheral_8bit  0x00000010         0x000000f0
peripheral_16bit 0x00000100         0x00000100
ram_mirror       0x00000200         0x00000800         xw
infomem          0x00001000         0x00000100
infob            0x00001000         0x00000080
infoa            0x00001080         0x00000080
ram              0x00001100         0x00002800         xw
rom              0x00004000         0x0000bfe0         xr
vectors          0x0000ffe0         0x00000020
bsl              0x00000000         0x00000000
infoc            0x00000000         0x00000000
infod            0x00000000         0x00000000
ram2             0x00000000         0x00000000         xw
usbram           0x00000000         0x00000000         xw
far_rom          0x00000000         0x00000000
*default*        0x00000000         0xffffffff

Linker script and memory map

LOAD /home/user/mspgcc-4.7.2/lib/gcc/msp430/4.7.2/mmpy-16/crt0ivtbl16.o
LOAD claimer-firmware-shamir.co
LOAD obj_sky/contiki-sky-main.o
LOAD /home/user/Desktop/relic-target-4/lib/librelic_s.a
LOAD contiki-sky.a
LOAD /home/user/mspgcc-4.7.2/lib/gcc/msp430/4.7.2/mmpy-16/libgcc.a
LOAD /home/user/mspgcc-4.7.2/lib/gcc/msp430/4.7.2/../../../../msp430/lib/mmpy-16/libc.a
LOAD /home/user/mspgcc-4.7.2/lib/gcc/msp430/4.7.2/mmpy-16/libgcc.a
LOAD /home/user/mspgcc-4.7.2/lib/gcc/msp430/4.7.2/mmpy-16/libcrt0.a
                0x00000080                PROVIDE (__info_segment_size, 0x80)
                0x00001000                PROVIDE (__infob, 0x1000)
                0x00001080                PROVIDE (__infoa, 0x1080)
                0x00000000                __IE1 = 0x0
                0x00000002                __IFG1 = 0x2
                0x00000004                __ME1 = 0x4
                0x00000001                __IE2 = 0x1
                0x00000003                __IFG2 = 0x3
                0x00000005                __ME2 = 0x5
                0x00000120                __WDTCTL = 0x120
                0x00000130                __MPY = 0x130
                0x00000132                __MPYS = 0x132
                0x00000134                __MAC = 0x134
                0x00000136                __MACS = 0x136
                0x00000138                __OP2 = 0x138
                0x0000013a                __RESLO = 0x13a
                0x0000013c                __RESHI = 0x13c
                0x0000013e                __SUMEXT = 0x13e
                0x00000020                __P1IN = 0x20
                0x00000021                __P1OUT = 0x21
                0x00000022                __P1DIR = 0x22
                0x00000023                __P1IFG = 0x23
                0x00000024                __P1IES = 0x24
                0x00000025                __P1IE = 0x25
                0x00000026                __P1SEL = 0x26
                0x00000028                __P2IN = 0x28
                0x00000029                __P2OUT = 0x29
                0x0000002a                __P2DIR = 0x2a
                0x0000002b                __P2IFG = 0x2b
                0x0000002c                __P2IES = 0x2c
                0x0000002d                __P2IE = 0x2d
                0x0000002e                __P2SEL = 0x2e
                0x00000018                __P3IN = 0x18
                0x00000019                __P3OUT = 0x19
                0x0000001a                __P3DIR = 0x1a
                0x0000001b                __P3SEL = 0x1b
                0x0000001c                __P4IN = 0x1c
                0x0000001d                __P4OUT = 0x1d
                0x0000001e                __P4DIR = 0x1e
                0x0000001f                __P4SEL = 0x1f
                0x00000030                __P5IN = 0x30
                0x00000031                __P5OUT = 0x31
                0x00000032                __P5DIR = 0x32
                0x00000033                __P5SEL = 0x33
                0x00000034                __P6IN = 0x34
                0x00000035                __P6OUT = 0x35
                0x00000036                __P6DIR = 0x36
                0x00000037                __P6SEL = 0x37
                0x00000070                __U0CTL = 0x70
                0x00000071                __U0TCTL = 0x71
                0x00000072                __U0RCTL = 0x72
                0x00000073                __U0MCTL = 0x73
                0x00000074                __U0BR0 = 0x74
                0x00000075                __U0BR1 = 0x75
                0x00000076                __U0RXBUF = 0x76
                0x00000077                __U0TXBUF = 0x77
                0x00000078                __U1CTL = 0x78
                0x00000079                __U1TCTL = 0x79
                0x0000007a                __U1RCTL = 0x7a
                0x0000007b                __U1MCTL = 0x7b
                0x0000007c                __U1BR0 = 0x7c
                0x0000007d                __U1BR1 = 0x7d
                0x0000007e                __U1RXBUF = 0x7e
                0x0000007f                __U1TXBUF = 0x7f
                0x00000050                __I2CIE = 0x50
                0x00000051                __I2CIFG = 0x51
                0x00000052                __I2CNDAT = 0x52
                0x00000071                __I2CTCTL = 0x71
                0x00000072                __I2CDCTL = 0x72
                0x00000073                __I2CPSC = 0x73
                0x00000074                __I2CSCLH = 0x74
                0x00000075                __I2CSCLL = 0x75
                0x00000076                __I2CDRB = 0x76
                0x00000076                __I2CDRW = 0x76
                0x00000118                __I2COA = 0x118
                0x0000011a                __I2CSA = 0x11a
                0x0000011c                __I2CIV = 0x11c
                0x0000012e                __TAIV = 0x12e
                0x00000160                __TACTL = 0x160
                0x00000162                __TACCTL0 = 0x162
                0x00000164                __TACCTL1 = 0x164
                0x00000166                __TACCTL2 = 0x166
                0x00000170                __TAR = 0x170
                0x00000172                __TACCR0 = 0x172
                0x00000174                __TACCR1 = 0x174
                0x00000176                __TACCR2 = 0x176
                0x0000011e                __TBIV = 0x11e
                0x00000180                __TBCTL = 0x180
                0x00000182                __TBCCTL0 = 0x182
                0x00000184                __TBCCTL1 = 0x184
                0x00000186                __TBCCTL2 = 0x186
                0x00000188                __TBCCTL3 = 0x188
                0x0000018a                __TBCCTL4 = 0x18a
                0x0000018c                __TBCCTL5 = 0x18c
                0x0000018e                __TBCCTL6 = 0x18e
                0x00000190                __TBR = 0x190
                0x00000192                __TBCCR0 = 0x192
                0x00000194                __TBCCR1 = 0x194
                0x00000196                __TBCCR2 = 0x196
                0x00000198                __TBCCR3 = 0x198
                0x0000019a                __TBCCR4 = 0x19a
                0x0000019c                __TBCCR5 = 0x19c
                0x0000019e                __TBCCR6 = 0x19e
                0x00000056                __DCOCTL = 0x56
                0x00000057                __BCSCTL1 = 0x57
                0x00000058                __BCSCTL2 = 0x58
                0x00000055                __SVSCTL = 0x55
                0x00000128                __FCTL1 = 0x128
                0x0000012a                __FCTL2 = 0x12a
                0x0000012c                __FCTL3 = 0x12c
                0x00000059                __CACTL1 = 0x59
                0x0000005a                __CACTL2 = 0x5a
                0x0000005b                __CAPD = 0x5b
                0x000001a0                __ADC12CTL0 = 0x1a0
                0x000001a2                __ADC12CTL1 = 0x1a2
                0x000001a4                __ADC12IFG = 0x1a4
                0x000001a6                __ADC12IE = 0x1a6
                0x000001a8                __ADC12IV = 0x1a8
                0x00000140                __ADC12MEM0 = 0x140
                0x00000142                __ADC12MEM1 = 0x142
                0x00000144                __ADC12MEM2 = 0x144
                0x00000146                __ADC12MEM3 = 0x146
                0x00000148                __ADC12MEM4 = 0x148
                0x0000014a                __ADC12MEM5 = 0x14a
                0x0000014c                __ADC12MEM6 = 0x14c
                0x0000014e                __ADC12MEM7 = 0x14e
                0x00000150                __ADC12MEM8 = 0x150
                0x00000152                __ADC12MEM9 = 0x152
                0x00000154                __ADC12MEM10 = 0x154
                0x00000156                __ADC12MEM11 = 0x156
                0x00000158                __ADC12MEM12 = 0x158
                0x0000015a                __ADC12MEM13 = 0x15a
                0x0000015c                __ADC12MEM14 = 0x15c
                0x0000015e                __ADC12MEM15 = 0x15e
                0x00000080                __ADC12MCTL0 = 0x80
                0x00000081                __ADC12MCTL1 = 0x81
                0x00000082                __ADC12MCTL2 = 0x82
                0x00000083                __ADC12MCTL3 = 0x83
                0x00000084                __ADC12MCTL4 = 0x84
                0x00000085                __ADC12MCTL5 = 0x85
                0x00000086                __ADC12MCTL6 = 0x86
                0x00000087                __ADC12MCTL7 = 0x87
                0x00000088                __ADC12MCTL8 = 0x88
                0x00000089                __ADC12MCTL9 = 0x89
                0x0000008a                __ADC12MCTL10 = 0x8a
                0x0000008b                __ADC12MCTL11 = 0x8b
                0x0000008c                __ADC12MCTL12 = 0x8c
                0x0000008d                __ADC12MCTL13 = 0x8d
                0x0000008e                __ADC12MCTL14 = 0x8e
                0x0000008f                __ADC12MCTL15 = 0x8f
                0x000001c0                __DAC12_0CTL = 0x1c0
                0x000001c2                __DAC12_1CTL = 0x1c2
                0x000001c8                __DAC12_0DAT = 0x1c8
                0x000001ca                __DAC12_1DAT = 0x1ca
                0x00000122                __DMACTL0 = 0x122
                0x00000124                __DMACTL1 = 0x124
                0x000001e0                __DMA0CTL = 0x1e0
                0x000001e8                __DMA1CTL = 0x1e8
                0x000001f0                __DMA2CTL = 0x1f0
                0x000001e2                __DMA0SA = 0x1e2
                0x000001e4                __DMA0DA = 0x1e4
                0x000001e6                __DMA0SZ = 0x1e6
                0x000001ea                __DMA1SA = 0x1ea
                0x000001ec                __DMA1DA = 0x1ec
                0x000001ee                __DMA1SZ = 0x1ee
                0x000001f2                __DMA2SA = 0x1f2
                0x000001f4                __DMA2DA = 0x1f4
                0x000001f6                __DMA2SZ = 0x1f6

.hash
 *(.hash)

.dynsym
 *(.dynsym)

.dynstr
 *(.dynstr)

.gnu.version
 *(.gnu.version)

.gnu.version_d
 *(.gnu.version_d)

.gnu.version_r
 *(.gnu.version_r)

.rel.init
 *(.rel.init)

.rela.init
 *(.rela.init)

.rel.fini
 *(.rel.fini)

.rela.fini
 *(.rela.fini)

.rel.text
 *(.rel.text .rel.text.* .rel.gnu.linkonce.t.*)

.rela.text
 *(.rela.text .rela.text.* .rela.gnu.linkonce.t.*)

.rel.rodata
 *(.rel.rodata .rel.rodata.* .rel.gnu.linkonce.r.*)

.rela.rodata
 *(.rela.rodata .rela.rodata.* .rela.gnu.linkonce.r.*)

.rel.data
 *(.rel.data .rel.data.* .rel.gnu.linkonce.d.*)

.rela.data
 *(.rela.data .rela.data.* .rela.gnu.linkonce.d.*)

.rel.bss
 *(.rel.bss .rel.bss.* .rel.gnu.linkonce.b.*)

.rela.bss
 *(.rela.bss .rela.bss.* .rela.gnu.linkonce.b.*)

.rel.ctors
 *(.rel.ctors)

.rela.ctors
 *(.rela.ctors)

.rel.dtors
 *(.rel.dtors)

.rela.dtors
 *(.rela.dtors)

.rel.got
 *(.rel.got)

.rela.got
 *(.rela.got)

.rel.plt
 *(.rel.plt)

.rela.plt
 *(.rela.plt)

.text           0x00004000     0x72f2
                0x00004000                . = ALIGN (0x2)
 *(.init .init.*)
 *(.init0)
 .init0         0x00004000        0x0 /home/user/mspgcc-4.7.2/lib/gcc/msp430/4.7.2/mmpy-16/libcrt0.a(_reset_vector__.o)
                0x00004000                _reset_vector__
 *(.init1)
 .init1         0x00004000        0xc /home/user/mspgcc-4.7.2/lib/gcc/msp430/4.7.2/mmpy-16/libcrt0.a(__watchdog_support.o)
                0x00004000                __watchdog_support
 *(.init2)
 .init2         0x0000400c        0x4 /home/user/mspgcc-4.7.2/lib/gcc/msp430/4.7.2/mmpy-16/libcrt0.a(__init_stack.o)
                0x0000400c                __init_stack
 *(.init3)
 .init3         0x00004010        0x0 /home/user/mspgcc-4.7.2/lib/gcc/msp430/4.7.2/mmpy-16/libcrt0.a(__low_level_init.o)
                0x00004010                __low_level_init
 *(.init4)
 .init4         0x00004010       0x18 /home/user/mspgcc-4.7.2/lib/gcc/msp430/4.7.2/mmpy-16/libcrt0.a(_copy_data.o)
                0x00004010                __do_copy_data
 .init4         0x00004028       0x16 /home/user/mspgcc-4.7.2/lib/gcc/msp430/4.7.2/mmpy-16/libcrt0.a(_clear_bss.o)
                0x00004028                __do_clear_bss
 *(.init5)
 *(.init6)
 *(.init7)
 *(.init8)
 *(.init9)
 .init9         0x0000403e      0x2f8 obj_sky/contiki-sky-main.o
                0x0000403e                main
 *(.fini9)
 .fini9         0x00004336        0x0 /home/user/mspgcc-4.7.2/lib/gcc/msp430/4.7.2/mmpy-16/libcrt0.a(__stop_progExec__.o)
                0x00004336                __stop_progExec__
 *(.fini8)
 *(.fini7)
 *(.fini6)
 *(.fini5)
 *(.fini4)
 *(.fini3)
 *(.fini2)
 *(.fini1)
 *(.fini0)
 .fini0         0x00004336        0x6 /home/user/mspgcc-4.7.2/lib/gcc/msp430/4.7.2/mmpy-16/libcrt0.a(_endless_loop__.o)
                0x00004336                _endless_loop__
 *(.fini .fini.*)
                0x0000433c                . = ALIGN (0x2)
                0x0000433c                __ctors_start = .
 *(.ctors)
                0x0000433c                __ctors_end = .
                0x0000433c                __dtors_start = .
 *(.dtors)
                0x0000433c                __dtors_end = .
                0x0000433c                . = ALIGN (0x2)
 *(.text .text.* .gnu.linkonce.t.*)
 .text          0x0000433c        0x4 /home/user/mspgcc-4.7.2/lib/gcc/msp430/4.7.2/mmpy-16/crt0ivtbl16.o
                0x0000433c                __isr_14
                0x0000433c                __isr_11
                0x0000433c                __isr_2
                0x0000433c                __isr_7
                0x0000433c                __isr_0
                0x0000433c                __isr_8
                0x0000433c                __isr_3
                0x0000433c                __isr_12
                0x0000433c                __isr_13
                0x0000433c                __isr_9
 .text.broadcast_recv
                0x00004340       0x34 claimer-firmware-shamir.co
 .text.sha256_transf
                0x00004374      0x5c0 claimer-firmware-shamir.co
                0x00004374                sha256_transf
 .text.sha256_init
                0x00004934       0x2c claimer-firmware-shamir.co
                0x00004934                sha256_init
 .text.sha256_update
                0x00004960       0xe6 claimer-firmware-shamir.co
                0x00004960                sha256_update
 .text.sha256_final
                0x00004a46      0x10c claimer-firmware-shamir.co
                0x00004a46                sha256_final
 .text.sha256   0x00004b52       0x34 claimer-firmware-shamir.co
                0x00004b52                sha256
 .text.hmac_sha256_init
                0x00004b86       0xe8 claimer-firmware-shamir.co
                0x00004b86                hmac_sha256_init
 .text.hmac_sha256_final
                0x00004c6e       0x4c claimer-firmware-shamir.co
                0x00004c6e                hmac_sha256_final
 .text.hmac_sha256
                0x00004cba       0x38 claimer-firmware-shamir.co
                0x00004cba                hmac_sha256
 .text.randomCharArray
                0x00004cf2       0x28 claimer-firmware-shamir.co
                0x00004cf2                randomCharArray
 .text.longToBytes
                0x00004d1a       0x20 claimer-firmware-shamir.co
                0x00004d1a                longToBytes
 .text.initialize_message.constprop.1
                0x00004d3a      0x20e claimer-firmware-shamir.co
 .text.process_thread_claimer_process
                0x00004f48      0x154 claimer-firmware-shamir.co
 .text.core_init
                0x0000509c       0x38 /home/user/Desktop/relic-target-4/lib/librelic_s.a(relic_core.c.obj)
                0x0000509c                core_init
 .text.core_get
                0x000050d4        0x6 /home/user/Desktop/relic-target-4/lib/librelic_s.a(relic_core.c.obj)
                0x000050d4                core_get
 .text.arch_init
                0x000050da        0x2 /home/user/Desktop/relic-target-4/lib/librelic_s.a(relic_arch_msp.c.obj)
                0x000050da                arch_init
 .text.rand_init
                0x000050dc       0x2c /home/user/Desktop/relic-target-4/lib/librelic_s.a(relic_rand_core.c.obj)
                0x000050dc                rand_init
 .text          0x00005108       0x50 /home/user/Desktop/relic-target-4/lib/librelic_s.a(relic_rand_fips.c.obj)
 .text.rand_seed
                0x00005158       0x5a /home/user/Desktop/relic-target-4/lib/librelic_s.a(relic_rand_fips.c.obj)
                0x00005158                rand_seed
 .text          0x000051b2       0x4b /home/user/Desktop/relic-target-4/lib/librelic_s.a(relic_bn_mem.c.obj)
 *fill*         0x000051fd        0x1 00
 .text.bn_init  0x000051fe       0x4a /home/user/Desktop/relic-target-4/lib/librelic_s.a(relic_bn_mem.c.obj)
                0x000051fe                bn_init
 .text.bn_grow  0x00005248       0x26 /home/user/Desktop/relic-target-4/lib/librelic_s.a(relic_bn_mem.c.obj)
                0x00005248                bn_grow
 .text.bn_trim  0x0000526e       0x54 /home/user/Desktop/relic-target-4/lib/librelic_s.a(relic_bn_mem.c.obj)
                0x0000526e                bn_trim
 .text          0x000052c2       0x53 /home/user/Desktop/relic-target-4/lib/librelic_s.a(relic_bn_util.c.obj)
 *fill*         0x00005315        0x1 00
 .text.bn_zero  0x00005316       0x14 /home/user/Desktop/relic-target-4/lib/librelic_s.a(relic_bn_util.c.obj)
                0x00005316                bn_zero
 .text.bn_size_bin
                0x0000532a       0x28 /home/user/Desktop/relic-target-4/lib/librelic_s.a(relic_bn_util.c.obj)
                0x0000532a                bn_size_bin
 .text.bn_read_bin
                0x00005352       0xce /home/user/Desktop/relic-target-4/lib/librelic_s.a(relic_bn_util.c.obj)
                0x00005352                bn_read_bin
 .text.bn_write_bin
                0x00005420       0xc4 /home/user/Desktop/relic-target-4/lib/librelic_s.a(relic_bn_util.c.obj)
                0x00005420                bn_write_bin
 .text.bn_add_imp
                0x000054e4       0xaa /home/user/Desktop/relic-target-4/lib/librelic_s.a(relic_bn_add.c.obj)
 .text.bn_sub_imp
                0x0000558e       0x88 /home/user/Desktop/relic-target-4/lib/librelic_s.a(relic_bn_add.c.obj)
 .text.bn_add   0x00005616       0x8e /home/user/Desktop/relic-target-4/lib/librelic_s.a(relic_bn_add.c.obj)
                0x00005616                bn_add
 .text          0x000056a4       0x4e /home/user/Desktop/relic-target-4/lib/librelic_s.a(relic_dv_util.c.obj)
 .text.dv_zero  0x000056f2       0x48 /home/user/Desktop/relic-target-4/lib/librelic_s.a(relic_dv_util.c.obj)
                0x000056f2                dv_zero
 .text.fp_prime_init
                0x0000573a       0x4e /home/user/Desktop/relic-target-4/lib/librelic_s.a(relic_fp_prime.c.obj)
                0x0000573a                fp_prime_init
 .text.fp_zero  0x00005788       0x12 /home/user/Desktop/relic-target-4/lib/librelic_s.a(relic_fp_util.c.obj)
                0x00005788                fp_zero
 .text.fp2_zero
                0x0000579a       0x16 /home/user/Desktop/relic-target-4/lib/librelic_s.a(relic_fpx_util.c.obj)
                0x0000579a                fp2_zero
 .text.fb_poly_init
                0x000057b0       0x2a /home/user/Desktop/relic-target-4/lib/librelic_s.a(relic_fb_poly.c.obj)
                0x000057b0                fb_poly_init
 .text.fb_zero  0x000057da       0x12 /home/user/Desktop/relic-target-4/lib/librelic_s.a(relic_fb_util.c.obj)
                0x000057da                fb_zero
 .text.ep_curve_init
                0x000057ec       0x76 /home/user/Desktop/relic-target-4/lib/librelic_s.a(relic_ep_curve.c.obj)
                0x000057ec                ep_curve_init
 .text.ep_set_infty
                0x00005862       0x24 /home/user/Desktop/relic-target-4/lib/librelic_s.a(relic_ep_util.c.obj)
                0x00005862                ep_set_infty
 .text.ep2_curve_init
                0x00005886       0x34 /home/user/Desktop/relic-target-4/lib/librelic_s.a(relic_ep2_curve.c.obj)
                0x00005886                ep2_curve_init
 .text.ep2_set_infty
                0x000058ba       0x20 /home/user/Desktop/relic-target-4/lib/librelic_s.a(relic_ep2_util.c.obj)
                0x000058ba                ep2_set_infty
 .text.eb_curve_init
                0x000058da       0x6c /home/user/Desktop/relic-target-4/lib/librelic_s.a(relic_eb_curve.c.obj)
                0x000058da                eb_curve_init
 .text.pp_map_init
                0x00005946        0x6 /home/user/Desktop/relic-target-4/lib/librelic_s.a(relic_pp_map.c.obj)
                0x00005946                pp_map_init
 .text          0x0000594c       0x4c /home/user/Desktop/relic-target-4/lib/librelic_s.a(relic_md_sha1.c.obj)
 .text.md_map_shone
                0x00005998       0x98 /home/user/Desktop/relic-target-4/lib/librelic_s.a(relic_md_sha1.c.obj)
                0x00005998                md_map_shone
 .text.SHA1ProcessMessageBlock
                0x00005a30      0x686 /home/user/Desktop/relic-target-4/lib/librelic_s.a(sha1.c.obj)
 .text.SHA1PadMessage
                0x000060b6       0xd4 /home/user/Desktop/relic-target-4/lib/librelic_s.a(sha1.c.obj)
 .text.SHA1Finalize
                0x0000618a       0x36 /home/user/Desktop/relic-target-4/lib/librelic_s.a(sha1.c.obj)
 .text.SHA1Reset
                0x000061c0       0x64 /home/user/Desktop/relic-target-4/lib/librelic_s.a(sha1.c.obj)
                0x000061c0                SHA1Reset
 .text.SHA1Input
                0x00006224       0xec /home/user/Desktop/relic-target-4/lib/librelic_s.a(sha1.c.obj)
                0x00006224                SHA1Input
 .text.SHA1Result
                0x00006310       0x86 /home/user/Desktop/relic-target-4/lib/librelic_s.a(sha1.c.obj)
                0x00006310                SHA1Result
 .text.bn_add1_low
                0x00006396       0x50 /home/user/Desktop/relic-target-4/lib/librelic_s.a(relic_bn_add_low.c.obj)
                0x00006396                bn_add1_low
 .text.bn_sub1_low
                0x000063e6       0x50 /home/user/Desktop/relic-target-4/lib/librelic_s.a(relic_bn_add_low.c.obj)
                0x000063e6                bn_sub1_low
 *fill*         0x00006436        0x2 00
 .text          0x00006438       0x68 /home/user/Desktop/relic-target-4/lib/librelic_s.a(relic_bn_add_low.s.obj)
                0x00006438                bn_addn_low
                0x00006468                bn_subn_low
 .text.util_printf
                0x000064a0        0xe /home/user/Desktop/relic-target-4/lib/librelic_s.a(relic_util.c.obj)
                0x000064a0                util_printf
 .text.bn_cmp_abs
                0x000064ae       0x26 /home/user/Desktop/relic-target-4/lib/librelic_s.a(relic_bn_cmp.c.obj)
                0x000064ae                bn_cmp_abs
 .text.bn_cmpn_low
                0x000064d4       0x4e /home/user/Desktop/relic-target-4/lib/librelic_s.a(relic_bn_cmp_low.c.obj)
                0x000064d4                bn_cmpn_low
 .text.rimeaddr_copy
                0x00006522        0xc contiki-sky.a(rimeaddr.o)
                0x00006522                rimeaddr_copy
 .text.rimeaddr_cmp
                0x0000652e       0x12 contiki-sky.a(rimeaddr.o)
                0x0000652e                rimeaddr_cmp
 .text.rimeaddr_set_node_addr
                0x00006540        0xc contiki-sky.a(rimeaddr.o)
                0x00006540                rimeaddr_set_node_addr
 .text.input    0x0000654c       0x3a contiki-sky.a(rime.o)
 .text.init     0x00006586       0x2e contiki-sky.a(rime.o)
 .text.packet_sent
                0x000065b4       0x44 contiki-sky.a(rime.o)
 .text.rime_output
                0x000065f8       0x24 contiki-sky.a(rime.o)
                0x000065f8                rime_output
 .text.announcement_init
                0x0000661c        0xa contiki-sky.a(announcement.o)
                0x0000661c                announcement_init
 .text.announcement_register_observer_callback
                0x00006626        0x6 contiki-sky.a(announcement.o)
                0x00006626                announcement_register_observer_callback
 .text.announcement_list
                0x0000662c        0xa contiki-sky.a(announcement.o)
                0x0000662c                announcement_list
 .text.announcement_heard
                0x00006636       0x42 contiki-sky.a(announcement.o)
                0x00006636                announcement_heard
 .text.adv_packet_sent
                0x00006678        0x2 contiki-sky.a(broadcast-annou)
 .text.adv_packet_received
                0x0000667a       0x64 contiki-sky.a(broadcast-annou)
 .text.set_timers
                0x000066de       0x4a contiki-sky.a(broadcast-annou)
 .text.send_timer
                0x00006728       0x32 contiki-sky.a(broadcast-annou)
 .text.send_adv
                0x0000675a       0x66 contiki-sky.a(broadcast-annou)
 .text.new_announcement
                0x000067c0       0x18 contiki-sky.a(broadcast-annou)
 .text.broadcast_announcement_init
                0x000067d8       0x48 contiki-sky.a(broadcast-annou)
                0x000067d8                broadcast_announcement_init
 .text.sent_by_abc
                0x00006820       0x10 contiki-sky.a(broadcast.o)
 .text.recv_from_abc
                0x00006830       0x26 contiki-sky.a(broadcast.o)
 .text.broadcast_open
                0x00006856       0x2a contiki-sky.a(broadcast.o)
                0x00006856                broadcast_open
 .text.broadcast_close
                0x00006880        0x6 contiki-sky.a(broadcast.o)
                0x00006880                broadcast_close
 .text.broadcast_send
                0x00006886       0x1a contiki-sky.a(broadcast.o)
                0x00006886                broadcast_send
 .text.abc_open
                0x000068a0       0x26 contiki-sky.a(abc.o)
                0x000068a0                abc_open
 .text.abc_close
                0x000068c6        0x6 contiki-sky.a(abc.o)
                0x000068c6                abc_close
 .text.abc_send
                0x000068cc        0x6 contiki-sky.a(abc.o)
                0x000068cc                abc_send
 .text.abc_input
                0x000068d2        0xe contiki-sky.a(abc.o)
                0x000068d2                abc_input
 .text.abc_sent
                0x000068e0       0x10 contiki-sky.a(abc.o)
                0x000068e0                abc_sent
 .text.chameleon_init
                0x000068f0        0x6 contiki-sky.a(chameleon.o)
                0x000068f0                chameleon_init
 .text.chameleon_parse
                0x000068f6       0x10 contiki-sky.a(chameleon.o)
                0x000068f6                chameleon_parse
 .text.chameleon_create
                0x00006906       0x1c contiki-sky.a(chameleon.o)
                0x00006906                chameleon_create
 .text.chameleon_hdrsize
                0x00006922        0x6 contiki-sky.a(chameleon.o)
                0x00006922                chameleon_hdrsize
 .text.channel_init
                0x00006928        0xa contiki-sky.a(channel.o)
                0x00006928                channel_init
 .text.channel_open
                0x00006932       0x10 contiki-sky.a(channel.o)
                0x00006932                channel_open
 .text.channel_close
                0x00006942        0xc contiki-sky.a(channel.o)
                0x00006942                channel_close
 .text.channel_lookup
                0x0000694e       0x20 contiki-sky.a(channel.o)
                0x0000694e                channel_lookup
 .text.channel_set_attributes
                0x0000696e       0x24 contiki-sky.a(channel.o)
                0x0000696e                channel_set_attributes
 .text.header_size
                0x00006992       0x16 contiki-sky.a(chameleon-bitop)
 .text.get_bits_in_byte
                0x000069a8       0x3a contiki-sky.a(chameleon-bitop)
                0x000069a8                get_bits_in_byte
 .text.get_bits
                0x000069e2       0xa2 contiki-sky.a(chameleon-bitop)
                0x000069e2                get_bits
 .text.unpack_header
                0x00006a84       0xd2 contiki-sky.a(chameleon-bitop)
 .text.set_bits_in_byte
                0x00006b56       0x2c contiki-sky.a(chameleon-bitop)
                0x00006b56                set_bits_in_byte
 .text.set_bits
                0x00006b82       0xc8 contiki-sky.a(chameleon-bitop)
                0x00006b82                set_bits
 .text.pack_header
                0x00006c4a       0xbe contiki-sky.a(chameleon-bitop)
 .text.input_packet
                0x00006d08        0x6 contiki-sky.a(csma.o)
 .text.on       0x00006d0e        0x6 contiki-sky.a(csma.o)
 .text.off      0x00006d14        0x6 contiki-sky.a(csma.o)
 .text.channel_check_interval
                0x00006d1a       0x10 contiki-sky.a(csma.o)
 .text.transmit_packet_list
                0x00006d2a       0x24 contiki-sky.a(csma.o)
 .text.init     0x00006d4e       0x1a contiki-sky.a(csma.o)
 .text.send_packet
                0x00006d68      0x162 contiki-sky.a(csma.o)
 .text.free_packet
                0x00006eca       0x98 contiki-sky.a(csma.o)
 .text.packet_sent
                0x00006f62      0x130 contiki-sky.a(csma.o)
 .text.duty_cycle
                0x00007092        0x6 contiki-sky.a(contikimac.o)
 .text.init     0x00007098       0x2e contiki-sky.a(contikimac.o)
 .text.on       0x000070c6       0x1a contiki-sky.a(contikimac.o)
 .text.off      0x000070e0       0x22 contiki-sky.a(contikimac.o)
 .text.recv_burst_off
                0x00007102        0xa contiki-sky.a(contikimac.o)
 .text.turn_off
                0x0000710c       0x20 contiki-sky.a(contikimac.o)
 .text.turn_on  0x0000712c       0x30 contiki-sky.a(contikimac.o)
 .text.schedule_powercycle_fixed.part.4
                0x0000715c       0x34 contiki-sky.a(contikimac.o)
 .text.powercycle_turn_radio_off
                0x00007190       0x30 contiki-sky.a(contikimac.o)
 .text.input_packet
                0x000071c0      0x122 contiki-sky.a(contikimac.o)
 .text.send_packet
                0x000072e2      0x2c8 contiki-sky.a(contikimac.o)
 .text.qsend_list
                0x000075aa       0x82 contiki-sky.a(contikimac.o)
 .text.qsend_packet
                0x0000762c       0x28 contiki-sky.a(contikimac.o)
 .text.powercycle
                0x00007654      0x1de contiki-sky.a(contikimac.o)
 .text.send_packet
                0x00007832       0x44 contiki-sky.a(phase.o)
 .text.phase_update
                0x00007876       0x92 contiki-sky.a(phase.o)
                0x00007876                phase_update
 .text.phase_wait
                0x00007908       0xf2 contiki-sky.a(phase.o)
                0x00007908                phase_wait
 .text.phase_init
                0x000079fa       0x14 contiki-sky.a(phase.o)
                0x000079fa                phase_init
 .text.call_process
                0x00007a0e       0x46 contiki-sky.a(process.o)
 .text.exit_process
                0x00007a54       0x96 contiki-sky.a(process.o)
 .text.do_poll  0x00007aea       0x30 contiki-sky.a(process.o)
 .text.process_alloc_event
                0x00007b1a        0xe contiki-sky.a(process.o)
                0x00007b1a                process_alloc_event
 .text.process_init
                0x00007b28       0x1c contiki-sky.a(process.o)
                0x00007b28                process_init
 .text.process_run
                0x00007b44       0xa2 contiki-sky.a(process.o)
                0x00007b44                process_run
 .text.process_nevents
                0x00007be6        0xe contiki-sky.a(process.o)
                0x00007be6                process_nevents
 .text.process_post
                0x00007bf4       0x54 contiki-sky.a(process.o)
                0x00007bf4                process_post
 .text.process_post_synch
                0x00007c48       0x12 contiki-sky.a(process.o)
                0x00007c48                process_post_synch
 .text.process_start
                0x00007c5a       0x36 contiki-sky.a(process.o)
                0x00007c5a                process_start
 .text.process_poll
                0x00007c90       0x18 contiki-sky.a(process.o)
                0x00007c90                process_poll
 .text.autostart_start
                0x00007ca8       0x16 contiki-sky.a(autostart.o)
                0x00007ca8                autostart_start
 .text.compower_accumulate
                0x00007cbe       0x72 contiki-sky.a(compower.o)
                0x00007cbe                compower_accumulate
 .text.compower_clear
                0x00007d30       0x12 contiki-sky.a(compower.o)
                0x00007d30                compower_clear
 .text.compower_attrconv
                0x00007d42       0x10 contiki-sky.a(compower.o)
                0x00007d42                compower_attrconv
 .text.process_thread_serial_line_process
                0x00007d52       0x9e contiki-sky.a(serial-line.o)
 .text.serial_line_input_byte
                0x00007df0       0x4a contiki-sky.a(serial-line.o)
                0x00007df0                serial_line_input_byte
 .text.serial_line_init
                0x00007e3a       0x1c contiki-sky.a(serial-line.o)
                0x00007e3a                serial_line_init
 .text.memb_init
                0x00007e56       0x36 contiki-sky.a(memb.o)
                0x00007e56                memb_init
 .text.memb_alloc
                0x00007e8c       0x3e contiki-sky.a(memb.o)
                0x00007e8c                memb_alloc
 .text.memb_free
                0x00007eca       0x3a contiki-sky.a(memb.o)
                0x00007eca                memb_free
 .text.memb_inmemb
                0x00007f04       0x2a contiki-sky.a(memb.o)
                0x00007f04                memb_inmemb
 .text.timer_set
                0x00007f2e       0x1c contiki-sky.a(timer.o)
                0x00007f2e                timer_set
 .text.timer_reset
                0x00007f4a        0xe contiki-sky.a(timer.o)
                0x00007f4a                timer_reset
 .text.timer_expired
                0x00007f58       0x2a contiki-sky.a(timer.o)
                0x00007f58                timer_expired
 .text.list_init
                0x00007f82        0x6 contiki-sky.a(list.o)
                0x00007f82                list_init
 .text.list_head
                0x00007f88        0x4 contiki-sky.a(list.o)
                0x00007f88                list_head
 .text.list_tail
                0x00007f8c       0x14 contiki-sky.a(list.o)
                0x00007f8c                list_tail
 .text.list_remove
                0x00007fa0       0x2e contiki-sky.a(list.o)
                0x00007fa0                list_remove
 .text.list_push
                0x00007fce       0x1a contiki-sky.a(list.o)
                0x00007fce                list_push
 .text.list_add
                0x00007fe8       0x2a contiki-sky.a(list.o)
                0x00007fe8                list_add
 .text.list_length
                0x00008012       0x10 contiki-sky.a(list.o)
                0x00008012                list_length
 .text.list_item_next
                0x00008022        0x8 contiki-sky.a(list.o)
                0x00008022                list_item_next
 .text.update_time
                0x0000802a       0x78 contiki-sky.a(etimer.o)
 .text.etimer_request_poll
                0x000080a2        0xa contiki-sky.a(etimer.o)
                0x000080a2                etimer_request_poll
 .text.process_thread_etimer_process
                0x000080ac       0xcc contiki-sky.a(etimer.o)
 .text.add_timer
                0x00008178       0x40 contiki-sky.a(etimer.o)
 .text.etimer_set
                0x000081b8       0x12 contiki-sky.a(etimer.o)
                0x000081b8                etimer_set
 .text.etimer_reset
                0x000081ca       0x12 contiki-sky.a(etimer.o)
                0x000081ca                etimer_reset
 .text.etimer_expired
                0x000081dc        0xe contiki-sky.a(etimer.o)
                0x000081dc                etimer_expired
 .text.etimer_pending
                0x000081ea        0xc contiki-sky.a(etimer.o)
                0x000081ea                etimer_pending
 .text.etimer_next_expiration_time
                0x000081f6       0x16 contiki-sky.a(etimer.o)
                0x000081f6                etimer_next_expiration_time
 .text.etimer_stop
                0x0000820c       0x3e contiki-sky.a(etimer.o)
                0x0000820c                etimer_stop
 .text.process_thread_ctimer_process
                0x0000824a       0xa8 contiki-sky.a(ctimer.o)
 .text.ctimer_init
                0x000082f2       0x18 contiki-sky.a(ctimer.o)
                0x000082f2                ctimer_init
 .text.ctimer_set
                0x0000830a       0x5a contiki-sky.a(ctimer.o)
                0x0000830a                ctimer_set
 .text.ctimer_reset
                0x00008364       0x3a contiki-sky.a(ctimer.o)
                0x00008364                ctimer_reset
 .text.ctimer_stop
                0x0000839e       0x28 contiki-sky.a(ctimer.o)
                0x0000839e                ctimer_stop
 .text.energest_init
                0x000083c6       0x26 contiki-sky.a(energest.o)
                0x000083c6                energest_init
 .text.energest_type_time
                0x000083ec       0x48 contiki-sky.a(energest.o)
                0x000083ec                energest_type_time
 .text.energest_type_set
                0x00008434        0xe contiki-sky.a(energest.o)
                0x00008434                energest_type_set
 .text.energest_flush
                0x00008442       0x48 contiki-sky.a(energest.o)
                0x00008442                energest_flush
 .text.rtimer_init
                0x0000848a        0x6 contiki-sky.a(rtimer.o)
                0x0000848a                rtimer_init
 .text.rtimer_set
                0x00008490       0x24 contiki-sky.a(rtimer.o)
                0x00008490                rtimer_set
 .text.rtimer_run_next
                0x000084b4       0x26 contiki-sky.a(rtimer.o)
                0x000084b4                rtimer_run_next
 .text.random_init
                0x000084da        0x6 contiki-sky.a(random.o)
                0x000084da                random_init
 .text.random_rand
                0x000084e0        0x6 contiki-sky.a(random.o)
                0x000084e0                random_rand
 .text.ringbuf_init
                0x000084e6       0x14 contiki-sky.a(ringbuf.o)
                0x000084e6                ringbuf_init
 .text.ringbuf_put
                0x000084fa       0x38 contiki-sky.a(ringbuf.o)
                0x000084fa                ringbuf_put
 .text.ringbuf_get
                0x00008532       0x32 contiki-sky.a(ringbuf.o)
                0x00008532                ringbuf_get
 .text.item_from_index
                0x00008564       0x2a contiki-sky.a(nbr-table.o)
 .text.index_from_key
                0x0000858e       0x12 contiki-sky.a(nbr-table.o)
 .text.index_from_item
                0x000085a0       0x1e contiki-sky.a(nbr-table.o)
 .text.nbr_set_bit
                0x000085be       0x58 contiki-sky.a(nbr-table.o)
 .text.index_from_lladdr
                0x00008616       0x42 contiki-sky.a(nbr-table.o)
 .text.nbr_get_bit.constprop.0
                0x00008658       0x2e contiki-sky.a(nbr-table.o)
 .text.nbr_table_register
                0x00008686       0x26 contiki-sky.a(nbr-table.o)
                0x00008686                nbr_table_register
 .text.nbr_table_add_lladdr
                0x000086ac      0x128 contiki-sky.a(nbr-table.o)
                0x000086ac                nbr_table_add_lladdr
 .text.nbr_table_get_from_lladdr
                0x000087d4       0x2c contiki-sky.a(nbr-table.o)
                0x000087d4                nbr_table_get_from_lladdr
 .text.nbr_table_remove
                0x00008800       0x32 contiki-sky.a(nbr-table.o)
                0x00008800                nbr_table_remove
 .text.packetbuf_copyto_hdr
                0x00008832       0x1c contiki-sky.a(packetbuf.o)
                0x00008832                packetbuf_copyto_hdr
 .text.packetbuf_copyto
                0x0000884e       0x52 contiki-sky.a(packetbuf.o)
                0x0000884e                packetbuf_copyto
 .text.packetbuf_hdr_remove
                0x000088a0        0x6 contiki-sky.a(packetbuf.o)
                0x000088a0                packetbuf_hdr_remove
 .text.packetbuf_hdrreduce
                0x000088a6       0x1a contiki-sky.a(packetbuf.o)
                0x000088a6                packetbuf_hdrreduce
 .text.packetbuf_set_datalen
                0x000088c0        0x6 contiki-sky.a(packetbuf.o)
                0x000088c0                packetbuf_set_datalen
 .text.packetbuf_dataptr
                0x000088c6        0xe contiki-sky.a(packetbuf.o)
                0x000088c6                packetbuf_dataptr
 .text.packetbuf_hdrptr
                0x000088d4        0xa contiki-sky.a(packetbuf.o)
                0x000088d4                packetbuf_hdrptr
 .text.packetbuf_is_reference
                0x000088de        0xe contiki-sky.a(packetbuf.o)
                0x000088de                packetbuf_is_reference
 .text.packetbuf_compact
                0x000088ec       0x48 contiki-sky.a(packetbuf.o)
                0x000088ec                packetbuf_compact
 .text.packetbuf_reference_ptr
                0x00008934        0x6 contiki-sky.a(packetbuf.o)
                0x00008934                packetbuf_reference_ptr
 .text.packetbuf_datalen
                0x0000893a        0x6 contiki-sky.a(packetbuf.o)
                0x0000893a                packetbuf_datalen
 .text.packetbuf_totlen
                0x00008940       0x10 contiki-sky.a(packetbuf.o)
                0x00008940                packetbuf_totlen
 .text.packetbuf_hdralloc
                0x00008950       0x2e contiki-sky.a(packetbuf.o)
                0x00008950                packetbuf_hdralloc
 .text.packetbuf_attr_clear
                0x0000897e       0x2c contiki-sky.a(packetbuf.o)
                0x0000897e                packetbuf_attr_clear
 .text.packetbuf_clear
                0x000089aa       0x1a contiki-sky.a(packetbuf.o)
                0x000089aa                packetbuf_clear
 .text.packetbuf_copyfrom
                0x000089c4       0x2e contiki-sky.a(packetbuf.o)
                0x000089c4                packetbuf_copyfrom
 .text.packetbuf_attr_copyto
                0x000089f2       0x20 contiki-sky.a(packetbuf.o)
                0x000089f2                packetbuf_attr_copyto
 .text.packetbuf_attr_copyfrom
                0x00008a12       0x22 contiki-sky.a(packetbuf.o)
                0x00008a12                packetbuf_attr_copyfrom
 .text.queuebuf_init
                0x00008a34       0x1a contiki-sky.a(queuebuf.o)
                0x00008a34                queuebuf_init
 .text.queuebuf_new_from_packetbuf
                0x00008a4e       0x7e contiki-sky.a(queuebuf.o)
                0x00008a4e                queuebuf_new_from_packetbuf
 .text.queuebuf_update_attr_from_packetbuf
                0x00008acc       0x12 contiki-sky.a(queuebuf.o)
                0x00008acc                queuebuf_update_attr_from_packetbuf
 .text.queuebuf_free
                0x00008ade       0x40 contiki-sky.a(queuebuf.o)
                0x00008ade                queuebuf_free
 .text.queuebuf_to_packetbuf
                0x00008b1e       0x6e contiki-sky.a(queuebuf.o)
                0x00008b1e                queuebuf_to_packetbuf
 .text.queuebuf_attr
                0x00008b8c        0xe contiki-sky.a(queuebuf.o)
                0x00008b8c                queuebuf_attr
 .text.init_platform
                0x00008b9a        0xc contiki-sky.a(contiki-sky-pla)
                0x00008b9a                init_platform
 .text.status   0x00008ba6       0x18 contiki-sky.a(button-sensor.o)
 .text.value    0x00008bbe       0x20 contiki-sky.a(button-sensor.o)
 .text.configure
                0x00008bde       0x4c contiki-sky.a(button-sensor.o)
 .text.irq_p2   0x00008c2a       0x88 contiki-sky.a(button-sensor.o)
                0x00008c2a                irq_p2
                0x00008c2a                __isr_1
 .text.owreadb  0x00008cb2       0x50 contiki-sky.a(ds2411.o)
 .text.ds2411_init
                0x00008d02      0x120 contiki-sky.a(ds2411.o)
                0x00008d02                ds2411_init
 .text.wait_ready
                0x00008e22       0x4a contiki-sky.a(xmem.o)
 .text.xmem_init
                0x00008e6c       0x3c contiki-sky.a(xmem.o)
                0x00008e6c                xmem_init
 .text.xmem_pread
                0x00008ea8       0xda contiki-sky.a(xmem.o)
                0x00008ea8                xmem_pread
 .text.node_id_restore
                0x00008f82       0x38 contiki-sky.a(node-id.o)
                0x00008f82                node_id_restore
 .text.process_thread_sensors_process
                0x00008fba       0xc2 contiki-sky.a(sensors.o)
 .text.sensors_changed
                0x0000907c       0x2a contiki-sky.a(sensors.o)
                0x0000907c                sensors_changed
 .text.strobe   0x000090a6       0x1c contiki-sky.a(cc2420.o)
 .text.status   0x000090c2       0x22 contiki-sky.a(cc2420.o)
 .text.getreg   0x000090e4       0x4c contiki-sky.a(cc2420.o)
 .text.setreg   0x00009130       0x4c contiki-sky.a(cc2420.o)
 .text.set_txpower
                0x0000917c       0x24 contiki-sky.a(cc2420.o)
 .text.cc2420_receiving_packet
                0x000091a0        0xc contiki-sky.a(cc2420.o)
 .text.pending_packet
                0x000091ac        0x8 contiki-sky.a(cc2420.o)
 .text.on       0x000091b4       0x44 contiki-sky.a(cc2420.o)
 .text.flushrx  0x000091f8       0x6c contiki-sky.a(cc2420.o)
 .text.off      0x00009264       0x72 contiki-sky.a(cc2420.o)
 .text.RELEASE_LOCK
                0x000092d6       0x28 contiki-sky.a(cc2420.o)
 .text.cc2420_prepare
                0x000092fe       0x82 contiki-sky.a(cc2420.o)
 .text.getrxdata
                0x00009380       0x50 contiki-sky.a(cc2420.o)
 .text.cc2420_on
                0x000093d0       0x22 contiki-sky.a(cc2420.o)
                0x000093d0                cc2420_on
 .text.cc2420_off
                0x000093f2       0x30 contiki-sky.a(cc2420.o)
                0x000093f2                cc2420_off
 .text.cc2420_cca
                0x00009422       0x82 contiki-sky.a(cc2420.o)
 .text.cc2420_read
                0x000094a4       0xda contiki-sky.a(cc2420.o)
 .text.process_thread_cc2420_process
                0x0000957e       0x54 contiki-sky.a(cc2420.o)
 .text.cc2420_set_channel
                0x000095d2       0x80 contiki-sky.a(cc2420.o)
                0x000095d2                cc2420_set_channel
 .text.cc2420_set_pan_addr
                0x00009652      0x13e contiki-sky.a(cc2420.o)
                0x00009652                cc2420_set_pan_addr
 .text.cc2420_interrupt
                0x00009790       0x1e contiki-sky.a(cc2420.o)
                0x00009790                cc2420_interrupt
 .text.cc2420_get_txpower
                0x000097ae       0x1e contiki-sky.a(cc2420.o)
                0x000097ae                cc2420_get_txpower
 .text.cc2420_transmit
                0x000097cc      0x1a6 contiki-sky.a(cc2420.o)
 .text.cc2420_send
                0x00009972       0x12 contiki-sky.a(cc2420.o)
 .text.cc2420_set_cca_threshold
                0x00009984       0x16 contiki-sky.a(cc2420.o)
                0x00009984                cc2420_set_cca_threshold
 .text.cc2420_init
                0x0000999a       0xd2 contiki-sky.a(cc2420.o)
                0x0000999a                cc2420_init
 .text.cc2420_port1_interrupt
                0x00009a6c       0x62 contiki-sky.a(cc2420-arch.o)
                0x00009a6c                __isr_4
                0x00009a6c                cc2420_port1_interrupt
 .text.cc2420_arch_init
                0x00009ace       0x1a contiki-sky.a(cc2420-arch.o)
                0x00009ace                cc2420_arch_init
 .text.handle_rxdma_timer
                0x00009ae8       0x3a contiki-sky.a(uart1.o)
 .text.uart1_active
                0x00009b22       0x18 contiki-sky.a(uart1.o)
                0x00009b22                uart1_active
 .text.uart1_set_input
                0x00009b3a       0x20 contiki-sky.a(uart1.o)
                0x00009b3a                uart1_set_input
 .text.uart1_writeb
                0x00009b5a       0x18 contiki-sky.a(uart1.o)
                0x00009b5a                uart1_writeb
 .text.uart1_init
                0x00009b72       0xf4 contiki-sky.a(uart1.o)
                0x00009b72                uart1_init
 .text.putchar  0x00009c66       0x10 contiki-sky.a(uart1-putchar.o)
                0x00009c66                putchar
 .text.msp430_init_dco
                0x00009c76       0x82 contiki-sky.a(msp430.o)
                0x00009c76                msp430_init_dco
 .text.msp430_add_lpm_req
                0x00009cf8        0xc contiki-sky.a(msp430.o)
                0x00009cf8                msp430_add_lpm_req
 .text.msp430_cpu_init
                0x00009d04       0x2a contiki-sky.a(msp430.o)
                0x00009d04                msp430_cpu_init
 .text.splhigh_
                0x00009d2e        0x8 contiki-sky.a(msp430.o)
                0x00009d2e                splhigh_
 .text.msp430_sync_dco
                0x00009d36       0x6c contiki-sky.a(msp430.o)
                0x00009d36                msp430_sync_dco
 .text.timera1  0x00009da2       0xfe contiki-sky.a(clock.o)
                0x00009da2                __isr_5
                0x00009da2                timera1
 .text.clock_time
                0x00009ea0       0x1a contiki-sky.a(clock.o)
                0x00009ea0                clock_time
 .text.clock_init
                0x00009eba       0x28 contiki-sky.a(clock.o)
                0x00009eba                clock_init
 .text.clock_delay
                0x00009ee2        0xc contiki-sky.a(clock.o)
                0x00009ee2                clock_delay
 .text.show_leds
                0x00009eee      0x100 contiki-sky.a(leds.o)
 .text.leds_init
                0x00009fee        0xe contiki-sky.a(leds.o)
                0x00009fee                leds_init
 .text.leds_on  0x00009ffc       0x14 contiki-sky.a(leds.o)
                0x00009ffc                leds_on
 .text.leds_off
                0x0000a010       0x14 contiki-sky.a(leds.o)
                0x0000a010                leds_off
 .text.leds_arch_init
                0x0000a024        0xe contiki-sky.a(leds-arch.o)
                0x0000a024                leds_arch_init
 .text.leds_arch_set
                0x0000a032       0x38 contiki-sky.a(leds-arch.o)
                0x0000a032                leds_arch_set
 .text.watchdog_interrupt
                0x0000a06a        0x6 contiki-sky.a(watchdog.o)
                0x0000a06a                __isr_10
                0x0000a06a                watchdog_interrupt
 .text.watchdog_start
                0x0000a070       0x14 contiki-sky.a(watchdog.o)
                0x0000a070                watchdog_start
 .text.watchdog_periodic
                0x0000a084       0x12 contiki-sky.a(watchdog.o)
                0x0000a084                watchdog_periodic
 .text.watchdog_stop
                0x0000a096       0x16 contiki-sky.a(watchdog.o)
                0x0000a096                watchdog_stop
 .text.watchdog_init
                0x0000a0ac       0x12 contiki-sky.a(watchdog.o)
                0x0000a0ac                watchdog_init
 .text.rtimer_arch_init
                0x0000a0be        0xe contiki-sky.a(rtimer-arch.o)
                0x0000a0be                rtimer_arch_init
 .text.rtimer_arch_now
                0x0000a0cc        0xe contiki-sky.a(rtimer-arch.o)
                0x0000a0cc                rtimer_arch_now
 .text.timera0  0x0000a0da       0x70 contiki-sky.a(rtimer-arch.o)
                0x0000a0da                __isr_6
                0x0000a0da                timera0
 .text.rtimer_arch_schedule
                0x0000a14a        0x6 contiki-sky.a(rtimer-arch.o)
                0x0000a14a                rtimer_arch_schedule
 .text.mac_call_sent_callback
                0x0000a150       0x14 contiki-sky.a(mac.o)
                0x0000a150                mac_call_sent_callback
 .text.create   0x0000a164      0x106 contiki-sky.a(framer-802154.o)
 .text.parse    0x0000a26a       0xac contiki-sky.a(framer-802154.o)
 .text.spi_init
                0x0000a316       0x30 contiki-sky.a(spi.o)
                0x0000a316                spi_init
 .text.field_len
                0x0000a346       0x90 contiki-sky.a(frame802154.o)
 .text.frame802154_hdrlen
                0x0000a3d6       0x2e contiki-sky.a(frame802154.o)
                0x0000a3d6                frame802154_hdrlen
 .text.frame802154_create
                0x0000a404      0x172 contiki-sky.a(frame802154.o)
                0x0000a404                frame802154_create
 .text.frame802154_parse
                0x0000a576      0x1c4 contiki-sky.a(frame802154.o)
                0x0000a576                frame802154_parse
 .text.libgcc   0x0000a73a       0x2c /home/user/mspgcc-4.7.2/lib/gcc/msp430/4.7.2/mmpy-16/libgcc.a(_mulsi3.o)
                0x0000a73a                __mulsi3
 .text.libgcc   0x0000a766       0x22 /home/user/mspgcc-4.7.2/lib/gcc/msp430/4.7.2/mmpy-16/libgcc.a(_udivmod16.o)
                0x0000a766                __udivhi3
                0x0000a766                __ext_udivmod16
                0x0000a780                __umodhi3
 .text.libgcc   0x0000a788       0x3a /home/user/mspgcc-4.7.2/lib/gcc/msp430/4.7.2/mmpy-16/libgcc.a(_divmod16.o)
                0x0000a788                __ext_divmod16
                0x0000a788                __divhi3
                0x0000a7ba                __modhi3
 .text.libgcc   0x0000a7c2       0x40 /home/user/mspgcc-4.7.2/lib/gcc/msp430/4.7.2/mmpy-16/libgcc.a(_udivmod32.o)
                0x0000a7c2                __udivsi3
                0x0000a7c2                __ext_udivmod32
                0x0000a7f8                __umodsi3
 .text.printf   0x0000a802       0x10 /home/user/mspgcc-4.7.2/lib/gcc/msp430/4.7.2/../../../../msp430/lib/mmpy-16/libc.a(printf.o)
                0x0000a802                printf
 .text.vprintf  0x0000a812        0xe /home/user/mspgcc-4.7.2/lib/gcc/msp430/4.7.2/../../../../msp430/lib/mmpy-16/libc.a(printf.o)
                0x0000a812                vprintf
 .text.print_field
                0x0000a820      0x194 /home/user/mspgcc-4.7.2/lib/gcc/msp430/4.7.2/../../../../msp430/lib/mmpy-16/libc.a(vuprintf.o)
 .text.vuprintf
                0x0000a9b4      0x63e /home/user/mspgcc-4.7.2/lib/gcc/msp430/4.7.2/../../../../msp430/lib/mmpy-16/libc.a(vuprintf.o)
                0x0000a9b4                vuprintf
 .text.puts     0x0000aff2       0x2c /home/user/mspgcc-4.7.2/lib/gcc/msp430/4.7.2/../../../../msp430/lib/mmpy-16/libc.a(puts.o)
                0x0000aff2                puts
 .text.rand     0x0000b01e       0x26 /home/user/mspgcc-4.7.2/lib/gcc/msp430/4.7.2/../../../../msp430/lib/mmpy-16/libc.a(rand.o)
                0x0000b01e                rand
 .text.srand    0x0000b044        0xa /home/user/mspgcc-4.7.2/lib/gcc/msp430/4.7.2/../../../../msp430/lib/mmpy-16/libc.a(rand.o)
                0x0000b044                srand
 .text.strcmp   0x0000b04e       0x1e /home/user/mspgcc-4.7.2/lib/gcc/msp430/4.7.2/../../../../msp430/lib/mmpy-16/libc.a(strcmp.o)
                0x0000b04e                strcmp
 .text.memcmp   0x0000b06c       0x30 /home/user/mspgcc-4.7.2/lib/gcc/msp430/4.7.2/../../../../msp430/lib/mmpy-16/libc.a(memcmp.o)
                0x0000b06c                memcmp
 .text.memcpy   0x0000b09c       0xfa /home/user/mspgcc-4.7.2/lib/gcc/msp430/4.7.2/../../../../msp430/lib/mmpy-16/libc.a(memcpy.o)
                0x0000b09c                memcpy
 .text.memset   0x0000b196       0x6a /home/user/mspgcc-4.7.2/lib/gcc/msp430/4.7.2/../../../../msp430/lib/mmpy-16/libc.a(memset.o)
                0x0000b196                memset
 .text.libgcc   0x0000b200       0xf0 /home/user/mspgcc-4.7.2/lib/gcc/msp430/4.7.2/mmpy-16/libgcc.a(_udivmod64.o)
                0x0000b200                __xabi_udivmod64
                0x0000b25e                __udivdi3
                0x0000b284                __umoddi3
                0x0000b2b2                __udivmoddi4
 .text.crt0     0x0000b2f0        0x2 /home/user/mspgcc-4.7.2/lib/gcc/msp430/4.7.2/mmpy-16/libcrt0.a(_unexpected_.o)
                0x0000b2f0                _unexpected_
 *(.near.text .near.text.*)

.rodata         0x0000b2f2      0x2cf
                0x0000b2f2                . = ALIGN (0x2)
 *(.rodata .rodata.* .gnu.linkonce.r.*)
 .rodata        0x0000b2f2      0x120 claimer-firmware-shamir.co
                0x0000b350                autostart_processes
 .rodata        0x0000b412       0xe1 obj_sky/contiki-sky-main.o
 *fill*         0x0000b4f3        0x1 00
 .rodata        0x0000b4f4        0x2 contiki-sky.a(rimeaddr.o)
                0x0000b4f4                rimeaddr_null
 .rodata        0x0000b4f6        0xc contiki-sky.a(rime.o)
                0x0000b4fc                rime_driver
 .rodata        0x0000b502        0x4 contiki-sky.a(broadcast-annou)
 .rodata        0x0000b506        0x8 contiki-sky.a(broadcast.o)
 .rodata        0x0000b50e        0x2 contiki-sky.a(abc.o)
 .rodata        0x0000b510       0x10 contiki-sky.a(chameleon-bitop)
                0x0000b510                chameleon_bitopt
 .rodata        0x0000b520       0x14 contiki-sky.a(csma.o)
                0x0000b526                csma_driver
 .rodata        0x0000b534       0x1c contiki-sky.a(contikimac.o)
                0x0000b540                contikimac_driver
 .rodata        0x0000b550        0xe contiki-sky.a(serial-line.o)
 .rodata        0x0000b55e        0xc contiki-sky.a(etimer.o)
 .rodata        0x0000b56a        0xf contiki-sky.a(ctimer.o)
 *fill*         0x0000b579        0x1 00
 .rodata        0x0000b57a       0x10 contiki-sky.a(button-sensor.o)
                0x0000b582                button_sensor
 .rodata        0x0000b58a        0x8 contiki-sky.a(sensors.o)
 .rodata        0x0000b592       0x22 contiki-sky.a(cc2420.o)
                0x0000b592                cc2420_driver
 .rodata        0x0000b5b4        0x4 contiki-sky.a(framer-802154.o)
                0x0000b5b4                framer_802154
 .rodata        0x0000b5b8        0x2 contiki-sky.a(frame802154.o)
 .rodata.vuprintf
                0x0000b5ba        0x7 /home/user/mspgcc-4.7.2/lib/gcc/msp430/4.7.2/../../../../msp430/lib/mmpy-16/libc.a(vuprintf.o)
 *(.near.rodata .near.rodata.*)
                0x0000b5c2                . = ALIGN (0x2)
                0x0000b5c2                _etext = .

.data           0x00001100      0x1ae load address 0x0000b5c2
                0x00001100                . = ALIGN (0x2)
                0x00001100                __data_start = .
 *(.data .data.* .gnu.linkonce.d.*)
 .data          0x00001100      0x12a claimer-firmware-shamir.co
                0x00001100                claimer_process
                0x0000110a                sha256_k
                0x0000120a                sha256_h0
 .data          0x0000122a       0x18 contiki-sky.a(csma.o)
 .data          0x00001242       0x10 contiki-sky.a(phase.o)
 .data          0x00001252        0xa contiki-sky.a(serial-line.o)
                0x00001252                serial_line_process
 .data          0x0000125c        0xa contiki-sky.a(etimer.o)
                0x0000125c                etimer_process
 .data          0x00001266        0xa contiki-sky.a(ctimer.o)
                0x00001266                ctimer_process
 .data          0x00001270        0x8 contiki-sky.a(nbr-table.o)
 .data          0x00001278       0x18 contiki-sky.a(queuebuf.o)
 .data          0x00001290        0x4 contiki-sky.a(contiki-sky-pla)
                0x00001290                sensors
 .data          0x00001294        0xa contiki-sky.a(sensors.o)
                0x00001294                sensors_process
 .data          0x0000129e        0xa contiki-sky.a(cc2420.o)
                0x0000129e                cc2420_process
 .data          0x000012a8        0x2 contiki-sky.a(msp430.o)
 .data.next     0x000012aa        0x4 /home/user/mspgcc-4.7.2/lib/gcc/msp430/4.7.2/../../../../msp430/lib/mmpy-16/libc.a(rand.o)
 *(.near.data .near.data.*)
                0x000012ae                . = ALIGN (0x2)
                0x000012ae                _edata = .
                0x0000b5c2                __data_load_start = LOADADDR (.data)
                0x000001ae                __data_size = SIZEOF (.data)

.bss            0x000012ae     0x22ce load address 0x0000b770
                0x000012ae                __bss_start = .
 *(.bss .bss.*)
 .bss           0x000012ae      0x120 claimer-firmware-shamir.co
 .bss           0x000013ce        0xc obj_sky/contiki-sky-main.o
 .bss.core_ctx  0x000013da        0x2 /home/user/Desktop/relic-target-4/lib/librelic_s.a(relic_core.c.obj)
                0x000013da                core_ctx
 .bss           0x000013dc        0x2 contiki-sky.a(rime.o)
 .bss           0x000013de        0x6 contiki-sky.a(announcement.o)
 .bss           0x000013e4       0x46 contiki-sky.a(broadcast-annou)
 .bss           0x0000142a        0x2 contiki-sky.a(channel.o)
 .bss           0x0000142c      0x126 contiki-sky.a(csma.o)
 .bss           0x00001552       0x74 contiki-sky.a(contikimac.o)
 .bss           0x000015c6      0x148 contiki-sky.a(phase.o)
 .bss           0x0000170e       0x42 contiki-sky.a(process.o)
                0x0000170e                process_current
                0x00001710                process_list
 .bss           0x00001750        0x8 contiki-sky.a(compower.o)
 .bss           0x00001758      0x10a contiki-sky.a(serial-line.o)
 .bss           0x00001862        0x6 contiki-sky.a(etimer.o)
 .bss           0x00001868        0x4 contiki-sky.a(ctimer.o)
 .bss           0x0000186c        0x2 contiki-sky.a(rtimer.o)
 .bss           0x0000186e       0x4c contiki-sky.a(nbr-table.o)
 .bss           0x000018ba       0xba contiki-sky.a(packetbuf.o)
 .bss           0x00001974      0xc4e contiki-sky.a(queuebuf.o)
 .bss           0x000025c2        0x8 contiki-sky.a(button-sensor.o)
 .bss           0x000025ca        0x2 contiki-sky.a(node-id.o)
                0x000025ca                node_id
 .bss           0x000025cc        0x6 contiki-sky.a(sensors.o)
 .bss           0x000025d2        0xa contiki-sky.a(cc2420.o)
 .bss           0x000025dc       0x9a contiki-sky.a(uart1.o)
 .bss           0x00002676        0xa contiki-sky.a(clock.o)
 .bss           0x00002680        0x2 contiki-sky.a(leds.o)
 .bss           0x00002682        0x2 contiki-sky.a(watchdog.o)
 .bss           0x00002684        0x2 contiki-sky.a(framer-802154.o)
 *(.near.bss .near.bss.*)
 *(COMMON)
 COMMON         0x00002686      0xe38 /home/user/Desktop/relic-target-4/lib/librelic_s.a(relic_core.c.obj)
                0x00002686                first_ctx
 COMMON         0x000034be        0x2 contiki-sky.a(rimeaddr.o)
                0x000034be                rimeaddr_node_addr
 COMMON         0x000034c0        0x1 contiki-sky.a(process.o)
                0x000034c0                process_maxevents
 *fill*         0x000034c1        0x1 00
 COMMON         0x000034c2        0x8 contiki-sky.a(compower.o)
                0x000034c2                compower_idle_activity
 COMMON         0x000034ca        0x1 contiki-sky.a(serial-line.o)
                0x000034ca                serial_line_event_message
 *fill*         0x000034cb        0x1 00
 COMMON         0x000034cc       0x56 contiki-sky.a(energest.o)
                0x000034cc                energest_total_time
                0x000034fc                energest_total_count
                0x000034fe                energest_current_mode
                0x0000350a                energest_current_time
 COMMON         0x00003522       0x38 contiki-sky.a(packetbuf.o)
                0x00003522                packetbuf_addrs
                0x0000352a                packetbuf_attrs
 COMMON         0x0000355a        0x2 contiki-sky.a(contiki-sky-pla)
                0x0000355a                sensors_flags
 COMMON         0x0000355c        0x8 contiki-sky.a(ds2411.o)
                0x0000355c                ds2411_id
 COMMON         0x00003564        0x1 contiki-sky.a(sensors.o)
                0x00003564                sensors_event
 *fill*         0x00003565        0x1 00
 COMMON         0x00003566       0x14 contiki-sky.a(cc2420.o)
                0x00003566                cc2420_last_rssi
                0x00003568                cc2420_packets_read
                0x0000356a                cc2420_packets_seen
                0x0000356c                cc2420_sfd_start_time
                0x0000356e                cc2420_time_of_departure
                0x00003570                cc2420_time_of_arrival
                0x00003572                cc2420_last_correlation
                0x00003574                cc2420_authority_level_of_sender
                0x00003576                cc2420_sfd_counter
                0x00003578                cc2420_sfd_end_time
 COMMON         0x0000357a        0x2 contiki-sky.a(msp430.o)
                0x0000357a                msp430_dco_required
                0x0000357c                . = ALIGN (0x2)
                0x0000357c                __bss_end = .
                0x000022ce                __bss_size = SIZEOF (.bss)

.noinit         0x0000357c        0x2 load address 0x0000b770
                0x0000357c                . = ALIGN (0x2)
                0x0000357c                __noinit_start = .
 *(.noinit .noinit.*)
 .noinit.crt0   0x0000357c        0x2 /home/user/mspgcc-4.7.2/lib/gcc/msp430/4.7.2/mmpy-16/libcrt0.a(__watchdog_support.o)
                0x0000357c                __wdt_clear_value
                0x0000357e                . = ALIGN (0x2)
                0x0000357e                __noinit_end = .
                0x0000357e                . = ALIGN (0x2)
                0x0000357e                _end = .

.infomem        0x00001000        0x0
                0x00001000                . = ALIGN (0x2)
 *(.infomem .infomem.*)

.infomemnobits  0x00001000        0x0
                0x00001000                . = ALIGN (0x2)
 *(.infomemnobits .infomemnobits.*)

.infoa          0x00001080        0x0
                0x00001080                . = ALIGN (0x2)
 *(.infoa .infoa.*)

.infob          0x00001000        0x0
                0x00001000                . = ALIGN (0x2)
 *(.infob .infob.*)

.infoc          0x00000000        0x0
                0x00000000                . = ALIGN (0x2)
 *(.infoc .infoc.*)

.infod          0x00000000        0x0
                0x00000000                . = ALIGN (0x2)
 *(.infod .infod.*)
                0x0000ffff                PROVIDE (__vte_0, 0xffff)
                0x0000ffff                PROVIDE (__vte_1, 0xffff)
                0x0000ffff                PROVIDE (__vte_2, 0xffff)
                0x0000ffff                PROVIDE (__vte_3, 0xffff)
                0x0000ffff                PROVIDE (__vte_4, 0xffff)
                0x0000ffff                PROVIDE (__vte_5, 0xffff)
                0x0000ffff                PROVIDE (__vte_6, 0xffff)
                0x0000ffff                PROVIDE (__vte_7, 0xffff)
                0x0000ffff                PROVIDE (__vte_8, 0xffff)
                0x0000ffff                PROVIDE (__vte_9, 0xffff)
                0x0000ffff                PROVIDE (__vte_10, 0xffff)
                0x0000ffff                PROVIDE (__vte_11, 0xffff)
                0x0000ffff                PROVIDE (__vte_12, 0xffff)
                0x0000ffff                PROVIDE (__vte_13, 0xffff)
                0x0000ffff                PROVIDE (__vte_14, 0xffff)
                0x0000ffff                PROVIDE (__vte_15, 0xffff)
                0x0000ffff                PROVIDE (__vte_16, 0xffff)
                0x0000ffff                PROVIDE (__vte_17, 0xffff)
                0x0000ffff                PROVIDE (__vte_18, 0xffff)
                0x0000ffff                PROVIDE (__vte_19, 0xffff)
                0x0000ffff                PROVIDE (__vte_20, 0xffff)
                0x0000ffff                PROVIDE (__vte_21, 0xffff)
                0x0000ffff                PROVIDE (__vte_22, 0xffff)
                0x0000ffff                PROVIDE (__vte_23, 0xffff)
                0x0000ffff                PROVIDE (__vte_24, 0xffff)
                0x0000ffff                PROVIDE (__vte_25, 0xffff)
                0x0000ffff                PROVIDE (__vte_26, 0xffff)
                0x0000ffff                PROVIDE (__vte_27, 0xffff)
                0x0000ffff                PROVIDE (__vte_28, 0xffff)
                0x0000ffff                PROVIDE (__vte_29, 0xffff)
                0x0000ffff                PROVIDE (__vte_30, 0xffff)
                0x0000ffff                PROVIDE (__vte_31, 0xffff)

.vectors        0x0000ffe0       0x20
                0x0000ffe0                __vectors_start = .
 *(.vectors*)
 .vectors       0x0000ffe0       0x20 /home/user/mspgcc-4.7.2/lib/gcc/msp430/4.7.2/mmpy-16/crt0ivtbl16.o
                0x0000ffe0                __ivtbl_16
                0x00010000                _vectors_end = .

.fartext        0x00000000        0x0
                0x00000000                . = ALIGN (0x2)
 *(.fartext .fartext.*)

.far.text       0x00000000        0x0
                0x00000000                . = ALIGN (0x2)
 *(.far.text .far.text.*)

.far.rodata     0x00000000        0x0
                0x00000000                . = ALIGN (0x2)
 *(.far.rodata .far.rodata.*)
                0x00000000                . = ALIGN (0x2)
                0x00000000                _efartext = .

.far.data       0x00000000        0x0
                0x00000000                . = ALIGN (0x2)
                0x00000000                __far_data_start = .
 *(.far.data .far.data.*)
                0x00000000                . = ALIGN (0x2)
                0x00000000                _efardata = .
                0x00000000                __far_data_load_start = LOADADDR (.far.data)
                0x00000000                __far_data_size = SIZEOF (.far.data)

.far.bss        0x00000000        0x0
                0x00000000                . = ALIGN (0x2)
                0x00000000                __far_bss_start = .
 *(.far.bss .far.bss.*)
                0x00000000                . = ALIGN (0x2)
                0x00000000                __far_bss_end = .
                0x00000000                __far_bss_size = SIZEOF (.far.bss)
                0x00000000                . = ALIGN (0x2)
                0x00000000                _far_end = .

.profiler
 *(.profiler)

.stab
 *(.stab)

.stabstr
 *(.stabstr)

.stab.excl
 *(.stab.excl)

.stab.exclstr
 *(.stab.exclstr)

.stab.index
 *(.stab.index)

.stab.indexstr
 *(.stab.indexstr)

.comment        0x00000000       0x30
 *(.comment)
 .comment       0x00000000       0x30 claimer-firmware-shamir.co
                                 0x31 (size before relaxing)
 .comment       0x00000000       0x31 obj_sky/contiki-sky-main.o
 .comment       0x00000000       0x31 contiki-sky.a(rimeaddr.o)
 .comment       0x00000000       0x31 contiki-sky.a(rime.o)
 .comment       0x00000000       0x31 contiki-sky.a(announcement.o)
 .comment       0x00000000       0x31 contiki-sky.a(broadcast-annou)
 .comment       0x00000000       0x31 contiki-sky.a(broadcast.o)
 .comment       0x00000000       0x31 contiki-sky.a(abc.o)
 .comment       0x00000000       0x31 contiki-sky.a(chameleon.o)
 .comment       0x00000000       0x31 contiki-sky.a(channel.o)
 .comment       0x00000000       0x31 contiki-sky.a(chameleon-bitop)
 .comment       0x00000000       0x31 contiki-sky.a(csma.o)
 .comment       0x00000000       0x31 contiki-sky.a(contikimac.o)
 .comment       0x00000000       0x31 contiki-sky.a(phase.o)
 .comment       0x00000000       0x31 contiki-sky.a(process.o)
 .comment       0x00000000       0x31 contiki-sky.a(autostart.o)
 .comment       0x00000000       0x31 contiki-sky.a(compower.o)
 .comment       0x00000000       0x31 contiki-sky.a(serial-line.o)
 .comment       0x00000000       0x31 contiki-sky.a(memb.o)
 .comment       0x00000000       0x31 contiki-sky.a(timer.o)
 .comment       0x00000000       0x31 contiki-sky.a(etimer.o)
 .comment       0x00000000       0x31 contiki-sky.a(ctimer.o)
 .comment       0x00000000       0x31 contiki-sky.a(energest.o)
 .comment       0x00000000       0x31 contiki-sky.a(rtimer.o)
 .comment       0x00000000       0x31 contiki-sky.a(random.o)
 .comment       0x00000000       0x31 contiki-sky.a(ringbuf.o)
 .comment       0x00000000       0x31 contiki-sky.a(nbr-table.o)
 .comment       0x00000000       0x31 contiki-sky.a(packetbuf.o)
 .comment       0x00000000       0x31 contiki-sky.a(queuebuf.o)
 .comment       0x00000000       0x31 contiki-sky.a(contiki-sky-pla)
 .comment       0x00000000       0x31 contiki-sky.a(button-sensor.o)
 .comment       0x00000000       0x31 contiki-sky.a(ds2411.o)
 .comment       0x00000000       0x31 contiki-sky.a(xmem.o)
 .comment       0x00000000       0x31 contiki-sky.a(node-id.o)
 .comment       0x00000000       0x31 contiki-sky.a(sensors.o)
 .comment       0x00000000       0x31 contiki-sky.a(cc2420.o)
 .comment       0x00000000       0x31 contiki-sky.a(cc2420-arch.o)
 .comment       0x00000000       0x31 contiki-sky.a(uart1.o)
 .comment       0x00000000       0x31 contiki-sky.a(uart1-putchar.o)
 .comment       0x00000000       0x31 contiki-sky.a(msp430.o)
 .comment       0x00000000       0x31 contiki-sky.a(clock.o)
 .comment       0x00000000       0x31 contiki-sky.a(leds.o)
 .comment       0x00000000       0x31 contiki-sky.a(leds-arch.o)
 .comment       0x00000000       0x31 contiki-sky.a(watchdog.o)
 .comment       0x00000000       0x31 contiki-sky.a(rtimer-arch.o)
 .comment       0x00000000       0x31 contiki-sky.a(mac.o)
 .comment       0x00000000       0x31 contiki-sky.a(framer-802154.o)
 .comment       0x00000000       0x31 contiki-sky.a(spi.o)
 .comment       0x00000000       0x31 contiki-sky.a(frame802154.o)
 .comment       0x00000000       0x31 /home/user/mspgcc-4.7.2/lib/gcc/msp430/4.7.2/../../../../msp430/lib/mmpy-16/libc.a(printf.o)
 .comment       0x00000000       0x31 /home/user/mspgcc-4.7.2/lib/gcc/msp430/4.7.2/../../../../msp430/lib/mmpy-16/libc.a(vuprintf.o)
 .comment       0x00000000       0x31 /home/user/mspgcc-4.7.2/lib/gcc/msp430/4.7.2/../../../../msp430/lib/mmpy-16/libc.a(puts.o)
 .comment       0x00000000       0x31 /home/user/mspgcc-4.7.2/lib/gcc/msp430/4.7.2/../../../../msp430/lib/mmpy-16/libc.a(rand.o)
 .comment       0x00000000       0x31 /home/user/mspgcc-4.7.2/lib/gcc/msp430/4.7.2/../../../../msp430/lib/mmpy-16/libc.a(strcmp.o)
 .comment       0x00000000       0x31 /home/user/mspgcc-4.7.2/lib/gcc/msp430/4.7.2/../../../../msp430/lib/mmpy-16/libc.a(memcmp.o)
 .comment       0x00000000       0x31 /home/user/mspgcc-4.7.2/lib/gcc/msp430/4.7.2/../../../../msp430/lib/mmpy-16/libc.a(memcpy.o)
 .comment       0x00000000       0x31 /home/user/mspgcc-4.7.2/lib/gcc/msp430/4.7.2/../../../../msp430/lib/mmpy-16/libc.a(memset.o)

.debug
 *(.debug)

.line
 *(.line)

.debug_srcinfo
 *(.debug_srcinfo)

.debug_sfnames
 *(.debug_sfnames)

.debug_aranges  0x00000000      0x764
 *(.debug_aranges)
 .debug_aranges
                0x00000000       0x14 /home/user/mspgcc-4.7.2/lib/gcc/msp430/4.7.2/mmpy-16/crt0ivtbl16.o
 .debug_aranges
                0x00000014       0x20 /home/user/Desktop/relic-target-4/lib/librelic_s.a(relic_core.c.obj)
 .debug_aranges
                0x00000034       0x1c /home/user/Desktop/relic-target-4/lib/librelic_s.a(relic_arch_msp.c.obj)
 .debug_aranges
                0x00000050       0x18 /home/user/Desktop/relic-target-4/lib/librelic_s.a(relic_rand_core.c.obj)
 .debug_aranges
                0x00000068       0x1c /home/user/Desktop/relic-target-4/lib/librelic_s.a(relic_rand_fips.c.obj)
 .debug_aranges
                0x00000084       0x20 /home/user/Desktop/relic-target-4/lib/librelic_s.a(relic_bn_mem.c.obj)
 .debug_aranges
                0x000000a4       0x74 /home/user/Desktop/relic-target-4/lib/librelic_s.a(relic_bn_util.c.obj)
 .debug_aranges
                0x00000118       0x28 /home/user/Desktop/relic-target-4/lib/librelic_s.a(relic_bn_add.c.obj)
 .debug_aranges
                0x00000140       0x28 /home/user/Desktop/relic-target-4/lib/librelic_s.a(relic_dv_util.c.obj)
 .debug_aranges
                0x00000168       0x58 /home/user/Desktop/relic-target-4/lib/librelic_s.a(relic_fp_prime.c.obj)
 .debug_aranges
                0x000001c0       0x50 /home/user/Desktop/relic-target-4/lib/librelic_s.a(relic_fp_util.c.obj)
 .debug_aranges
                0x00000210       0xb0 /home/user/Desktop/relic-target-4/lib/librelic_s.a(relic_fpx_util.c.obj)
 .debug_aranges
                0x000002c0       0x58 /home/user/Desktop/relic-target-4/lib/librelic_s.a(relic_fb_poly.c.obj)
 .debug_aranges
                0x00000318       0x58 /home/user/Desktop/relic-target-4/lib/librelic_s.a(relic_fb_util.c.obj)
 .debug_aranges
                0x00000370       0x5c /home/user/Desktop/relic-target-4/lib/librelic_s.a(relic_ep_curve.c.obj)
 .debug_aranges
                0x000003cc       0x40 /home/user/Desktop/relic-target-4/lib/librelic_s.a(relic_ep_util.c.obj)
 .debug_aranges
                0x0000040c       0x38 /home/user/Desktop/relic-target-4/lib/librelic_s.a(relic_ep2_curve.c.obj)
 .debug_aranges
                0x00000444       0x40 /home/user/Desktop/relic-target-4/lib/librelic_s.a(relic_ep2_util.c.obj)
 .debug_aranges
                0x00000484       0x54 /home/user/Desktop/relic-target-4/lib/librelic_s.a(relic_eb_curve.c.obj)
 .debug_aranges
                0x000004d8       0x2c /home/user/Desktop/relic-target-4/lib/librelic_s.a(relic_pp_map.c.obj)
 .debug_aranges
                0x00000504       0x18 /home/user/Desktop/relic-target-4/lib/librelic_s.a(relic_md_sha1.c.obj)
 .debug_aranges
                0x0000051c       0x2c /home/user/Desktop/relic-target-4/lib/librelic_s.a(sha1.c.obj)
 .debug_aranges
                0x00000548       0x18 /home/user/Desktop/relic-target-4/lib/librelic_s.a(relic_bn_add_low.c.obj)
 .debug_aranges
                0x00000560       0x14 /home/user/Desktop/relic-target-4/lib/librelic_s.a(relic_bn_add_low.s.obj)
 .debug_aranges
                0x00000574       0x30 /home/user/Desktop/relic-target-4/lib/librelic_s.a(relic_util.c.obj)
 .debug_aranges
                0x000005a4       0x1c /home/user/Desktop/relic-target-4/lib/librelic_s.a(relic_bn_cmp.c.obj)
 .debug_aranges
                0x000005c0       0x18 /home/user/Desktop/relic-target-4/lib/librelic_s.a(relic_bn_cmp_low.c.obj)
 .debug_aranges
                0x000005d8       0x14 /home/user/mspgcc-4.7.2/lib/gcc/msp430/4.7.2/mmpy-16/libgcc.a(_mulsi3.o)
 .debug_aranges
                0x000005ec       0x14 /home/user/mspgcc-4.7.2/lib/gcc/msp430/4.7.2/mmpy-16/libgcc.a(_udivmod16.o)
 .debug_aranges
                0x00000600       0x14 /home/user/mspgcc-4.7.2/lib/gcc/msp430/4.7.2/mmpy-16/libgcc.a(_divmod16.o)
 .debug_aranges
                0x00000614       0x14 /home/user/mspgcc-4.7.2/lib/gcc/msp430/4.7.2/mmpy-16/libgcc.a(_udivmod32.o)
 .debug_aranges
                0x00000628       0x18 /home/user/mspgcc-4.7.2/lib/gcc/msp430/4.7.2/../../../../msp430/lib/mmpy-16/libc.a(printf.o)
 .debug_aranges
                0x00000640       0x18 /home/user/mspgcc-4.7.2/lib/gcc/msp430/4.7.2/../../../../msp430/lib/mmpy-16/libc.a(vuprintf.o)
 .debug_aranges
                0x00000658       0x14 /home/user/mspgcc-4.7.2/lib/gcc/msp430/4.7.2/../../../../msp430/lib/mmpy-16/libc.a(puts.o)
 .debug_aranges
                0x0000066c       0x1c /home/user/mspgcc-4.7.2/lib/gcc/msp430/4.7.2/../../../../msp430/lib/mmpy-16/libc.a(rand.o)
 .debug_aranges
                0x00000688       0x14 /home/user/mspgcc-4.7.2/lib/gcc/msp430/4.7.2/../../../../msp430/lib/mmpy-16/libc.a(strcmp.o)
 .debug_aranges
                0x0000069c       0x14 /home/user/mspgcc-4.7.2/lib/gcc/msp430/4.7.2/../../../../msp430/lib/mmpy-16/libc.a(memcmp.o)
 .debug_aranges
                0x000006b0       0x14 /home/user/mspgcc-4.7.2/lib/gcc/msp430/4.7.2/../../../../msp430/lib/mmpy-16/libc.a(memcpy.o)
 .debug_aranges
                0x000006c4       0x14 /home/user/mspgcc-4.7.2/lib/gcc/msp430/4.7.2/../../../../msp430/lib/mmpy-16/libc.a(memset.o)
 .debug_aranges
                0x000006d8       0x14 /home/user/mspgcc-4.7.2/lib/gcc/msp430/4.7.2/mmpy-16/libgcc.a(_udivmod64.o)
 .debug_aranges
                0x000006ec       0x14 /home/user/mspgcc-4.7.2/lib/gcc/msp430/4.7.2/mmpy-16/libcrt0.a(__watchdog_support.o)
 .debug_aranges
                0x00000700       0x14 /home/user/mspgcc-4.7.2/lib/gcc/msp430/4.7.2/mmpy-16/libcrt0.a(__init_stack.o)
 .debug_aranges
                0x00000714       0x14 /home/user/mspgcc-4.7.2/lib/gcc/msp430/4.7.2/mmpy-16/libcrt0.a(_copy_data.o)
 .debug_aranges
                0x00000728       0x14 /home/user/mspgcc-4.7.2/lib/gcc/msp430/4.7.2/mmpy-16/libcrt0.a(_clear_bss.o)
 .debug_aranges
                0x0000073c       0x14 /home/user/mspgcc-4.7.2/lib/gcc/msp430/4.7.2/mmpy-16/libcrt0.a(_endless_loop__.o)
 .debug_aranges
                0x00000750       0x14 /home/user/mspgcc-4.7.2/lib/gcc/msp430/4.7.2/mmpy-16/libcrt0.a(_unexpected_.o)

.debug_pubnames
                0x00000000     0x119f
 *(.debug_pubnames)
 .debug_pubnames
                0x00000000       0x64 /home/user/Desktop/relic-target-4/lib/librelic_s.a(relic_core.c.obj)
 .debug_pubnames
                0x00000064       0x3f /home/user/Desktop/relic-target-4/lib/librelic_s.a(relic_arch_msp.c.obj)
 .debug_pubnames
                0x000000a3       0x2f /home/user/Desktop/relic-target-4/lib/librelic_s.a(relic_rand_core.c.obj)
 .debug_pubnames
                0x000000d2       0x2f /home/user/Desktop/relic-target-4/lib/librelic_s.a(relic_rand_fips.c.obj)
 .debug_pubnames
                0x00000101       0x43 /home/user/Desktop/relic-target-4/lib/librelic_s.a(relic_bn_mem.c.obj)
 .debug_pubnames
                0x00000144      0x177 /home/user/Desktop/relic-target-4/lib/librelic_s.a(relic_bn_util.c.obj)
 .debug_pubnames
                0x000002bb       0x46 /home/user/Desktop/relic-target-4/lib/librelic_s.a(relic_bn_add.c.obj)
 .debug_pubnames
                0x00000301       0x6a /home/user/Desktop/relic-target-4/lib/librelic_s.a(relic_dv_util.c.obj)
 .debug_pubnames
                0x0000036b      0x142 /home/user/Desktop/relic-target-4/lib/librelic_s.a(relic_fp_prime.c.obj)
 .debug_pubnames
                0x000004ad       0xfc /home/user/Desktop/relic-target-4/lib/librelic_s.a(relic_fp_util.c.obj)
 .debug_pubnames
                0x000005a9      0x27a /home/user/Desktop/relic-target-4/lib/librelic_s.a(relic_fpx_util.c.obj)
 .debug_pubnames
                0x00000823      0x135 /home/user/Desktop/relic-target-4/lib/librelic_s.a(relic_fb_poly.c.obj)
 .debug_pubnames
                0x00000958       0xf8 /home/user/Desktop/relic-target-4/lib/librelic_s.a(relic_fb_util.c.obj)
 .debug_pubnames
                0x00000a50      0x186 /home/user/Desktop/relic-target-4/lib/librelic_s.a(relic_ep_curve.c.obj)
 .debug_pubnames
                0x00000bd6       0xba /home/user/Desktop/relic-target-4/lib/librelic_s.a(relic_ep_util.c.obj)
 .debug_pubnames
                0x00000c90       0xe4 /home/user/Desktop/relic-target-4/lib/librelic_s.a(relic_ep2_curve.c.obj)
 .debug_pubnames
                0x00000d74       0xc6 /home/user/Desktop/relic-target-4/lib/librelic_s.a(relic_ep2_util.c.obj)
 .debug_pubnames
                0x00000e3a      0x13a /home/user/Desktop/relic-target-4/lib/librelic_s.a(relic_eb_curve.c.obj)
 .debug_pubnames
                0x00000f74       0x5c /home/user/Desktop/relic-target-4/lib/librelic_s.a(relic_pp_map.c.obj)
 .debug_pubnames
                0x00000fd0       0x38 /home/user/Desktop/relic-target-4/lib/librelic_s.a(relic_md_sha1.c.obj)
 .debug_pubnames
                0x00001008       0x4f /home/user/Desktop/relic-target-4/lib/librelic_s.a(sha1.c.obj)
 .debug_pubnames
                0x00001057       0x32 /home/user/Desktop/relic-target-4/lib/librelic_s.a(relic_bn_add_low.c.obj)
 .debug_pubnames
                0x00001089       0xa9 /home/user/Desktop/relic-target-4/lib/librelic_s.a(relic_util.c.obj)
 .debug_pubnames
                0x00001132       0x3b /home/user/Desktop/relic-target-4/lib/librelic_s.a(relic_bn_cmp.c.obj)
 .debug_pubnames
                0x0000116d       0x32 /home/user/Desktop/relic-target-4/lib/librelic_s.a(relic_bn_cmp_low.c.obj)

.debug_info     0x00000000     0x9cbd
 *(.debug_info)
 .debug_info    0x00000000       0x97 /home/user/mspgcc-4.7.2/lib/gcc/msp430/4.7.2/mmpy-16/crt0ivtbl16.o
 .debug_info    0x00000097      0x78c /home/user/Desktop/relic-target-4/lib/librelic_s.a(relic_core.c.obj)
 .debug_info    0x00000823      0x171 /home/user/Desktop/relic-target-4/lib/librelic_s.a(relic_arch_msp.c.obj)
 .debug_info    0x00000994       0xb8 /home/user/Desktop/relic-target-4/lib/librelic_s.a(relic_rand_core.c.obj)
 .debug_info    0x00000a4c      0x843 /home/user/Desktop/relic-target-4/lib/librelic_s.a(relic_rand_fips.c.obj)
 .debug_info    0x0000128f      0x180 /home/user/Desktop/relic-target-4/lib/librelic_s.a(relic_bn_mem.c.obj)
 .debug_info    0x0000140f      0x87e /home/user/Desktop/relic-target-4/lib/librelic_s.a(relic_bn_util.c.obj)
 .debug_info    0x00001c8d      0x302 /home/user/Desktop/relic-target-4/lib/librelic_s.a(relic_bn_add.c.obj)
 .debug_info    0x00001f8f      0x2bc /home/user/Desktop/relic-target-4/lib/librelic_s.a(relic_dv_util.c.obj)
 .debug_info    0x0000224b      0xbc6 /home/user/Desktop/relic-target-4/lib/librelic_s.a(relic_fp_prime.c.obj)
 .debug_info    0x00002e11      0x568 /home/user/Desktop/relic-target-4/lib/librelic_s.a(relic_fp_util.c.obj)
 .debug_info    0x00003379      0x88d /home/user/Desktop/relic-target-4/lib/librelic_s.a(relic_fpx_util.c.obj)
 .debug_info    0x00003c06      0xacd /home/user/Desktop/relic-target-4/lib/librelic_s.a(relic_fb_poly.c.obj)
 .debug_info    0x000046d3      0x661 /home/user/Desktop/relic-target-4/lib/librelic_s.a(relic_fb_util.c.obj)
 .debug_info    0x00004d34      0xb00 /home/user/Desktop/relic-target-4/lib/librelic_s.a(relic_ep_curve.c.obj)
 .debug_info    0x00005834      0x494 /home/user/Desktop/relic-target-4/lib/librelic_s.a(relic_ep_util.c.obj)
 .debug_info    0x00005cc8      0xa12 /home/user/Desktop/relic-target-4/lib/librelic_s.a(relic_ep2_curve.c.obj)
 .debug_info    0x000066da      0x4b7 /home/user/Desktop/relic-target-4/lib/librelic_s.a(relic_ep2_util.c.obj)
 .debug_info    0x00006b91      0x9f8 /home/user/Desktop/relic-target-4/lib/librelic_s.a(relic_eb_curve.c.obj)
 .debug_info    0x00007589      0x5b8 /home/user/Desktop/relic-target-4/lib/librelic_s.a(relic_pp_map.c.obj)
 .debug_info    0x00007b41      0x262 /home/user/Desktop/relic-target-4/lib/librelic_s.a(relic_md_sha1.c.obj)
 .debug_info    0x00007da3      0x462 /home/user/Desktop/relic-target-4/lib/librelic_s.a(sha1.c.obj)
 .debug_info    0x00008205      0x171 /home/user/Desktop/relic-target-4/lib/librelic_s.a(relic_bn_add_low.c.obj)
 .debug_info    0x00008376       0x8a /home/user/Desktop/relic-target-4/lib/librelic_s.a(relic_bn_add_low.s.obj)
 .debug_info    0x00008400      0x2bd /home/user/Desktop/relic-target-4/lib/librelic_s.a(relic_util.c.obj)
 .debug_info    0x000086bd      0x179 /home/user/Desktop/relic-target-4/lib/librelic_s.a(relic_bn_cmp.c.obj)
 .debug_info    0x00008836      0x117 /home/user/Desktop/relic-target-4/lib/librelic_s.a(relic_bn_cmp_low.c.obj)
 .debug_info    0x0000894d       0x94 /home/user/mspgcc-4.7.2/lib/gcc/msp430/4.7.2/mmpy-16/libgcc.a(_mulsi3.o)
 .debug_info    0x000089e1       0x94 /home/user/mspgcc-4.7.2/lib/gcc/msp430/4.7.2/mmpy-16/libgcc.a(_udivmod16.o)
 .debug_info    0x00008a75       0x94 /home/user/mspgcc-4.7.2/lib/gcc/msp430/4.7.2/mmpy-16/libgcc.a(_divmod16.o)
 .debug_info    0x00008b09       0x94 /home/user/mspgcc-4.7.2/lib/gcc/msp430/4.7.2/mmpy-16/libgcc.a(_udivmod32.o)
 .debug_info    0x00008b9d      0x16e /home/user/mspgcc-4.7.2/lib/gcc/msp430/4.7.2/../../../../msp430/lib/mmpy-16/libc.a(printf.o)
 .debug_info    0x00008d0b      0x5d4 /home/user/mspgcc-4.7.2/lib/gcc/msp430/4.7.2/../../../../msp430/lib/mmpy-16/libc.a(vuprintf.o)
 .debug_info    0x000092df       0xc7 /home/user/mspgcc-4.7.2/lib/gcc/msp430/4.7.2/../../../../msp430/lib/mmpy-16/libc.a(puts.o)
 .debug_info    0x000093a6      0x146 /home/user/mspgcc-4.7.2/lib/gcc/msp430/4.7.2/../../../../msp430/lib/mmpy-16/libc.a(rand.o)
 .debug_info    0x000094ec       0xa9 /home/user/mspgcc-4.7.2/lib/gcc/msp430/4.7.2/../../../../msp430/lib/mmpy-16/libc.a(strcmp.o)
 .debug_info    0x00009595       0xe5 /home/user/mspgcc-4.7.2/lib/gcc/msp430/4.7.2/../../../../msp430/lib/mmpy-16/libc.a(memcmp.o)
 .debug_info    0x0000967a      0x12c /home/user/mspgcc-4.7.2/lib/gcc/msp430/4.7.2/../../../../msp430/lib/mmpy-16/libc.a(memcpy.o)
 .debug_info    0x000097a6      0x117 /home/user/mspgcc-4.7.2/lib/gcc/msp430/4.7.2/../../../../msp430/lib/mmpy-16/libc.a(memset.o)
 .debug_info    0x000098bd       0x94 /home/user/mspgcc-4.7.2/lib/gcc/msp430/4.7.2/mmpy-16/libgcc.a(_udivmod64.o)
 .debug_info    0x00009951       0x92 /home/user/mspgcc-4.7.2/lib/gcc/msp430/4.7.2/mmpy-16/libcrt0.a(__watchdog_support.o)
 .debug_info    0x000099e3       0x92 /home/user/mspgcc-4.7.2/lib/gcc/msp430/4.7.2/mmpy-16/libcrt0.a(__init_stack.o)
 .debug_info    0x00009a75       0x92 /home/user/mspgcc-4.7.2/lib/gcc/msp430/4.7.2/mmpy-16/libcrt0.a(_copy_data.o)
 .debug_info    0x00009b07       0x92 /home/user/mspgcc-4.7.2/lib/gcc/msp430/4.7.2/mmpy-16/libcrt0.a(_clear_bss.o)
 .debug_info    0x00009b99       0x92 /home/user/mspgcc-4.7.2/lib/gcc/msp430/4.7.2/mmpy-16/libcrt0.a(_endless_loop__.o)
 .debug_info    0x00009c2b       0x92 /home/user/mspgcc-4.7.2/lib/gcc/msp430/4.7.2/mmpy-16/libcrt0.a(_unexpected_.o)
 *(.gnu.linkonce.wi.*)

.debug_abbrev   0x00000000     0x27bb
 *(.debug_abbrev)
 .debug_abbrev  0x00000000       0x14 /home/user/mspgcc-4.7.2/lib/gcc/msp430/4.7.2/mmpy-16/crt0ivtbl16.o
 .debug_abbrev  0x00000014      0x116 /home/user/Desktop/relic-target-4/lib/librelic_s.a(relic_core.c.obj)
 .debug_abbrev  0x0000012a       0xcd /home/user/Desktop/relic-target-4/lib/librelic_s.a(relic_arch_msp.c.obj)
 .debug_abbrev  0x000001f7       0x84 /home/user/Desktop/relic-target-4/lib/librelic_s.a(relic_rand_core.c.obj)
 .debug_abbrev  0x0000027b      0x178 /home/user/Desktop/relic-target-4/lib/librelic_s.a(relic_rand_fips.c.obj)
 .debug_abbrev  0x000003f3       0xed /home/user/Desktop/relic-target-4/lib/librelic_s.a(relic_bn_mem.c.obj)
 .debug_abbrev  0x000004e0      0x1eb /home/user/Desktop/relic-target-4/lib/librelic_s.a(relic_bn_util.c.obj)
 .debug_abbrev  0x000006cb       0xf2 /home/user/Desktop/relic-target-4/lib/librelic_s.a(relic_bn_add.c.obj)
 .debug_abbrev  0x000007bd       0xf6 /home/user/Desktop/relic-target-4/lib/librelic_s.a(relic_dv_util.c.obj)
 .debug_abbrev  0x000008b3      0x1d4 /home/user/Desktop/relic-target-4/lib/librelic_s.a(relic_fp_prime.c.obj)
 .debug_abbrev  0x00000a87      0x1a9 /home/user/Desktop/relic-target-4/lib/librelic_s.a(relic_fp_util.c.obj)
 .debug_abbrev  0x00000c30      0x13a /home/user/Desktop/relic-target-4/lib/librelic_s.a(relic_fpx_util.c.obj)
 .debug_abbrev  0x00000d6a      0x1c3 /home/user/Desktop/relic-target-4/lib/librelic_s.a(relic_fb_poly.c.obj)
 .debug_abbrev  0x00000f2d      0x1ca /home/user/Desktop/relic-target-4/lib/librelic_s.a(relic_fb_util.c.obj)
 .debug_abbrev  0x000010f7      0x1a6 /home/user/Desktop/relic-target-4/lib/librelic_s.a(relic_ep_curve.c.obj)
 .debug_abbrev  0x0000129d      0x165 /home/user/Desktop/relic-target-4/lib/librelic_s.a(relic_ep_util.c.obj)
 .debug_abbrev  0x00001402      0x188 /home/user/Desktop/relic-target-4/lib/librelic_s.a(relic_ep2_curve.c.obj)
 .debug_abbrev  0x0000158a      0x167 /home/user/Desktop/relic-target-4/lib/librelic_s.a(relic_ep2_util.c.obj)
 .debug_abbrev  0x000016f1      0x189 /home/user/Desktop/relic-target-4/lib/librelic_s.a(relic_eb_curve.c.obj)
 .debug_abbrev  0x0000187a      0x153 /home/user/Desktop/relic-target-4/lib/librelic_s.a(relic_pp_map.c.obj)
 .debug_abbrev  0x000019cd       0xff /home/user/Desktop/relic-target-4/lib/librelic_s.a(relic_md_sha1.c.obj)
 .debug_abbrev  0x00001acc      0x160 /home/user/Desktop/relic-target-4/lib/librelic_s.a(sha1.c.obj)
 .debug_abbrev  0x00001c2c       0xc2 /home/user/Desktop/relic-target-4/lib/librelic_s.a(relic_bn_add_low.c.obj)
 .debug_abbrev  0x00001cee       0x14 /home/user/Desktop/relic-target-4/lib/librelic_s.a(relic_bn_add_low.s.obj)
 .debug_abbrev  0x00001d02      0x140 /home/user/Desktop/relic-target-4/lib/librelic_s.a(relic_util.c.obj)
 .debug_abbrev  0x00001e42       0xc3 /home/user/Desktop/relic-target-4/lib/librelic_s.a(relic_bn_cmp.c.obj)
 .debug_abbrev  0x00001f05       0xb5 /home/user/Desktop/relic-target-4/lib/librelic_s.a(relic_bn_cmp_low.c.obj)
 .debug_abbrev  0x00001fba       0x14 /home/user/mspgcc-4.7.2/lib/gcc/msp430/4.7.2/mmpy-16/libgcc.a(_mulsi3.o)
 .debug_abbrev  0x00001fce       0x14 /home/user/mspgcc-4.7.2/lib/gcc/msp430/4.7.2/mmpy-16/libgcc.a(_udivmod16.o)
 .debug_abbrev  0x00001fe2       0x14 /home/user/mspgcc-4.7.2/lib/gcc/msp430/4.7.2/mmpy-16/libgcc.a(_divmod16.o)