Archive member included because of file (symbol)

/home/user/Desktop/relic-target-4-s256/lib/librelic_s.a(relic_core.c.obj)
                              verifier-firmware.co (core_init)
/home/user/Desktop/relic-target-4-s256/lib/librelic_s.a(relic_arch_msp.c.obj)
                              /home/user/Desktop/relic-target-4-s256/lib/librelic_s.a(relic_core.c.obj) (arch_init)
/home/user/Desktop/relic-target-4-s256/lib/librelic_s.a(relic_rand_core.c.obj)
                              /home/user/Desktop/relic-target-4-s256/lib/librelic_s.a(relic_core.c.obj) (rand_init)
/home/user/Desktop/relic-target-4-s256/lib/librelic_s.a(relic_rand_hash.c.obj)
                              /home/user/Desktop/relic-target-4-s256/lib/librelic_s.a(relic_rand_core.c.obj) (rand_seed)
/home/user/Desktop/relic-target-4-s256/lib/librelic_s.a(relic_bn_mem.c.obj)
                              verifier-firmware.co (bn_init)
/home/user/Desktop/relic-target-4-s256/lib/librelic_s.a(relic_bn_util.c.obj)
                              verifier-firmware.co (bn_read_bin)
/home/user/Desktop/relic-target-4-s256/lib/librelic_s.a(relic_bn_add.c.obj)
                              /home/user/Desktop/relic-target-4-s256/lib/librelic_s.a(relic_bn_util.c.obj) (bn_add_dig)
/home/user/Desktop/relic-target-4-s256/lib/librelic_s.a(relic_bn_div.c.obj)
                              /home/user/Desktop/relic-target-4-s256/lib/librelic_s.a(relic_bn_util.c.obj) (bn_div_dig)
/home/user/Desktop/relic-target-4-s256/lib/librelic_s.a(relic_dv_util.c.obj)
                              /home/user/Desktop/relic-target-4-s256/lib/librelic_s.a(relic_bn_util.c.obj) (dv_zero)
/home/user/Desktop/relic-target-4-s256/lib/librelic_s.a(relic_fp_prime.c.obj)
                              /home/user/Desktop/relic-target-4-s256/lib/librelic_s.a(relic_core.c.obj) (fp_prime_init)
/home/user/Desktop/relic-target-4-s256/lib/librelic_s.a(relic_fp_util.c.obj)
                              /home/user/Desktop/relic-target-4-s256/lib/librelic_s.a(relic_fp_prime.c.obj) (fp_zero)
/home/user/Desktop/relic-target-4-s256/lib/librelic_s.a(relic_ep_curve.c.obj)
                              /home/user/Desktop/relic-target-4-s256/lib/librelic_s.a(relic_core.c.obj) (ep_curve_init)
/home/user/Desktop/relic-target-4-s256/lib/librelic_s.a(relic_ep_util.c.obj)
                              /home/user/Desktop/relic-target-4-s256/lib/librelic_s.a(relic_ep_curve.c.obj) (ep_set_infty)
/home/user/Desktop/relic-target-4-s256/lib/librelic_s.a(relic_ep_dbl.c.obj)
                              /home/user/Desktop/relic-target-4-s256/lib/librelic_s.a(relic_ep_util.c.obj) (ep_dbl_projc)
/home/user/Desktop/relic-target-4-s256/lib/librelic_s.a(relic_ep_mul_fix.c.obj)
                              /home/user/Desktop/relic-target-4-s256/lib/librelic_s.a(relic_ep_curve.c.obj) (ep_mul_pre_combs)
/home/user/Desktop/relic-target-4-s256/lib/librelic_s.a(relic_ep_neg.c.obj)
                              /home/user/Desktop/relic-target-4-s256/lib/librelic_s.a(relic_ep_mul_fix.c.obj) (ep_neg_projc)
/home/user/Desktop/relic-target-4-s256/lib/librelic_s.a(relic_ep_pck.c.obj)
                              /home/user/Desktop/relic-target-4-s256/lib/librelic_s.a(relic_ep_util.c.obj) (ep_pck)
/home/user/Desktop/relic-target-4-s256/lib/librelic_s.a(relic_ep_add.c.obj)
                              /home/user/Desktop/relic-target-4-s256/lib/librelic_s.a(relic_ep_util.c.obj) (ep_add_projc)
/home/user/Desktop/relic-target-4-s256/lib/librelic_s.a(relic_md_sha256.c.obj)
                              verifier-firmware.co (md_map_sh256)
/home/user/Desktop/relic-target-4-s256/lib/librelic_s.a(sha224-256.c.obj)
                              /home/user/Desktop/relic-target-4-s256/lib/librelic_s.a(relic_md_sha256.c.obj) (SHA256Reset)
/home/user/Desktop/relic-target-4-s256/lib/librelic_s.a(relic_bn_add_low.c.obj)
                              /home/user/Desktop/relic-target-4-s256/lib/librelic_s.a(relic_bn_add.c.obj) (bn_add1_low)
/home/user/Desktop/relic-target-4-s256/lib/librelic_s.a(relic_bn_div_low.c.obj)
                              /home/user/Desktop/relic-target-4-s256/lib/librelic_s.a(relic_bn_div.c.obj) (bn_divn_low)
/home/user/Desktop/relic-target-4-s256/lib/librelic_s.a(relic_fp_cmp_low.c.obj)
                              /home/user/Desktop/relic-target-4-s256/lib/librelic_s.a(relic_fp_util.c.obj) (fp_cmpn_low)
/home/user/Desktop/relic-target-4-s256/lib/librelic_s.a(relic_bn_add_low.s.obj)
                              /home/user/Desktop/relic-target-4-s256/lib/librelic_s.a(relic_bn_add.c.obj) (bn_addn_low)
/home/user/Desktop/relic-target-4-s256/lib/librelic_s.a(relic_fp_add_low.s.obj)
                              /home/user/Desktop/relic-target-4-s256/lib/librelic_s.a(relic_fp_util.c.obj) (fp_subn_low)
/home/user/Desktop/relic-target-4-s256/lib/librelic_s.a(relic_util.c.obj)
                              /home/user/Desktop/relic-target-4-s256/lib/librelic_s.a(relic_rand_hash.c.obj) (util_conv_big)
[...]
Memory Configuration

Name             Origin             Length             Attributes
sfr              0x00000000         0x00000010
peripheral_8bit  0x00000010         0x000000f0
peripheral_16bit 0x00000100         0x00000100
ram_mirror       0x00000200         0x00000800         xw
infomem          0x00001000         0x00000100
infob            0x00001000         0x00000080
infoa            0x00001080         0x00000080
ram              0x00001100         0x00002800         xw
rom              0x00004000         0x0000bfe0         xr
vectors          0x0000ffe0         0x00000020
bsl              0x00000000         0x00000000
infoc            0x00000000         0x00000000
infod            0x00000000         0x00000000
ram2             0x00000000         0x00000000         xw
usbram           0x00000000         0x00000000         xw
far_rom          0x00000000         0x00000000
*default*        0x00000000         0xffffffff

Linker script and memory map

LOAD /home/user/mspgcc-4.7.2/lib/gcc/msp430/4.7.2/mmpy-16/crt0ivtbl16.o
LOAD verifier-firmware.co
LOAD obj_sky/contiki-sky-main.o
LOAD /home/user/Desktop/relic-target-4-s256/lib/librelic_s.a
LOAD contiki-sky.a
LOAD /home/user/mspgcc-4.7.2/lib/gcc/msp430/4.7.2/mmpy-16/libgcc.a
LOAD /home/user/mspgcc-4.7.2/lib/gcc/msp430/4.7.2/../../../../msp430/lib/mmpy-16/libc.a
LOAD /home/user/mspgcc-4.7.2/lib/gcc/msp430/4.7.2/mmpy-16/libgcc.a
LOAD /home/user/mspgcc-4.7.2/lib/gcc/msp430/4.7.2/mmpy-16/libcrt0.a
                0x00000080                PROVIDE (__info_segment_size, 0x80)
                0x00001000                PROVIDE (__infob, 0x1000)
                0x00001080                PROVIDE (__infoa, 0x1080)
                0x00000000                __IE1 = 0x0
                0x00000002                __IFG1 = 0x2
                0x00000004                __ME1 = 0x4
                0x00000001                __IE2 = 0x1
                0x00000003                __IFG2 = 0x3
                0x00000005                __ME2 = 0x5
                0x00000120                __WDTCTL = 0x120
                0x00000130                __MPY = 0x130
                0x00000132                __MPYS = 0x132
                0x00000134                __MAC = 0x134
                0x00000136                __MACS = 0x136
                0x00000138                __OP2 = 0x138
                0x0000013a                __RESLO = 0x13a
                0x0000013c                __RESHI = 0x13c
                0x0000013e                __SUMEXT = 0x13e
                0x00000020                __P1IN = 0x20
                0x00000021                __P1OUT = 0x21
                0x00000022                __P1DIR = 0x22
                0x00000023                __P1IFG = 0x23
                0x00000024                __P1IES = 0x24
                0x00000025                __P1IE = 0x25
                0x00000026                __P1SEL = 0x26
                0x00000028                __P2IN = 0x28
                0x00000029                __P2OUT = 0x29
                0x0000002a                __P2DIR = 0x2a
                0x0000002b                __P2IFG = 0x2b
                0x0000002c                __P2IES = 0x2c
                0x0000002d                __P2IE = 0x2d
                0x0000002e                __P2SEL = 0x2e
                0x00000018                __P3IN = 0x18
                0x00000019                __P3OUT = 0x19
                0x0000001a                __P3DIR = 0x1a
                0x0000001b                __P3SEL = 0x1b
                0x0000001c                __P4IN = 0x1c
                0x0000001d                __P4OUT = 0x1d
                0x0000001e                __P4DIR = 0x1e
                0x0000001f                __P4SEL = 0x1f
                0x00000030                __P5IN = 0x30
                0x00000031                __P5OUT = 0x31
                0x00000032                __P5DIR = 0x32
                0x00000033                __P5SEL = 0x33
                0x00000034                __P6IN = 0x34
                0x00000035                __P6OUT = 0x35
                0x00000036                __P6DIR = 0x36
                0x00000037                __P6SEL = 0x37
                0x00000070                __U0CTL = 0x70
                0x00000071                __U0TCTL = 0x71
                0x00000072                __U0RCTL = 0x72
                0x00000073                __U0MCTL = 0x73
                0x00000074                __U0BR0 = 0x74
                0x00000075                __U0BR1 = 0x75
                0x00000076                __U0RXBUF = 0x76
                0x00000077                __U0TXBUF = 0x77
                0x00000078                __U1CTL = 0x78
                0x00000079                __U1TCTL = 0x79
                0x0000007a                __U1RCTL = 0x7a
                0x0000007b                __U1MCTL = 0x7b
                0x0000007c                __U1BR0 = 0x7c
                0x0000007d                __U1BR1 = 0x7d
                0x0000007e                __U1RXBUF = 0x7e
                0x0000007f                __U1TXBUF = 0x7f
                0x00000050                __I2CIE = 0x50
                0x00000051                __I2CIFG = 0x51
                0x00000052                __I2CNDAT = 0x52
                0x00000071                __I2CTCTL = 0x71
                0x00000072                __I2CDCTL = 0x72
                0x00000073                __I2CPSC = 0x73
                0x00000074                __I2CSCLH = 0x74
                0x00000075                __I2CSCLL = 0x75
                0x00000076                __I2CDRB = 0x76
                0x00000076                __I2CDRW = 0x76
                0x00000118                __I2COA = 0x118
                0x0000011a                __I2CSA = 0x11a
                0x0000011c                __I2CIV = 0x11c
                0x0000012e                __TAIV = 0x12e
                0x00000160                __TACTL = 0x160
                0x00000162                __TACCTL0 = 0x162
                0x00000164                __TACCTL1 = 0x164
                0x00000166                __TACCTL2 = 0x166
                0x00000170                __TAR = 0x170
                0x00000172                __TACCR0 = 0x172
                0x00000174                __TACCR1 = 0x174
                0x00000176                __TACCR2 = 0x176
                0x0000011e                __TBIV = 0x11e
                0x00000180                __TBCTL = 0x180
                0x00000182                __TBCCTL0 = 0x182
                0x00000184                __TBCCTL1 = 0x184
                0x00000186                __TBCCTL2 = 0x186
                0x00000188                __TBCCTL3 = 0x188
                0x0000018a                __TBCCTL4 = 0x18a
                0x0000018c                __TBCCTL5 = 0x18c
                0x0000018e                __TBCCTL6 = 0x18e
                0x00000190                __TBR = 0x190
                0x00000192                __TBCCR0 = 0x192
                0x00000194                __TBCCR1 = 0x194
                0x00000196                __TBCCR2 = 0x196
                0x00000198                __TBCCR3 = 0x198
                0x0000019a                __TBCCR4 = 0x19a
                0x0000019c                __TBCCR5 = 0x19c
                0x0000019e                __TBCCR6 = 0x19e
                0x00000056                __DCOCTL = 0x56
                0x00000057                __BCSCTL1 = 0x57
                0x00000058                __BCSCTL2 = 0x58
                0x00000055                __SVSCTL = 0x55
                0x00000128                __FCTL1 = 0x128
                0x0000012a                __FCTL2 = 0x12a
                0x0000012c                __FCTL3 = 0x12c
                0x00000059                __CACTL1 = 0x59
                0x0000005a                __CACTL2 = 0x5a
                0x0000005b                __CAPD = 0x5b
                0x000001a0                __ADC12CTL0 = 0x1a0
                0x000001a2                __ADC12CTL1 = 0x1a2
                0x000001a4                __ADC12IFG = 0x1a4
                0x000001a6                __ADC12IE = 0x1a6
                0x000001a8                __ADC12IV = 0x1a8
                0x00000140                __ADC12MEM0 = 0x140
                0x00000142                __ADC12MEM1 = 0x142
                0x00000144                __ADC12MEM2 = 0x144
                0x00000146                __ADC12MEM3 = 0x146
                0x00000148                __ADC12MEM4 = 0x148
                0x0000014a                __ADC12MEM5 = 0x14a
                0x0000014c                __ADC12MEM6 = 0x14c
                0x0000014e                __ADC12MEM7 = 0x14e
                0x00000150                __ADC12MEM8 = 0x150
                0x00000152                __ADC12MEM9 = 0x152
                0x00000154                __ADC12MEM10 = 0x154
                0x00000156                __ADC12MEM11 = 0x156
                0x00000158                __ADC12MEM12 = 0x158
                0x0000015a                __ADC12MEM13 = 0x15a
                0x0000015c                __ADC12MEM14 = 0x15c
                0x0000015e                __ADC12MEM15 = 0x15e
                0x00000080                __ADC12MCTL0 = 0x80
                0x00000081                __ADC12MCTL1 = 0x81
                0x00000082                __ADC12MCTL2 = 0x82
                0x00000083                __ADC12MCTL3 = 0x83
                0x00000084                __ADC12MCTL4 = 0x84
                0x00000085                __ADC12MCTL5 = 0x85
                0x00000086                __ADC12MCTL6 = 0x86
                0x00000087                __ADC12MCTL7 = 0x87
                0x00000088                __ADC12MCTL8 = 0x88
                0x00000089                __ADC12MCTL9 = 0x89
                0x0000008a                __ADC12MCTL10 = 0x8a
                0x0000008b                __ADC12MCTL11 = 0x8b
                0x0000008c                __ADC12MCTL12 = 0x8c
                0x0000008d                __ADC12MCTL13 = 0x8d
                0x0000008e                __ADC12MCTL14 = 0x8e
                0x0000008f                __ADC12MCTL15 = 0x8f
                0x000001c0                __DAC12_0CTL = 0x1c0
                0x000001c2                __DAC12_1CTL = 0x1c2
                0x000001c8                __DAC12_0DAT = 0x1c8
                0x000001ca                __DAC12_1DAT = 0x1ca
                0x00000122                __DMACTL0 = 0x122
                0x00000124                __DMACTL1 = 0x124
                0x000001e0                __DMA0CTL = 0x1e0
                0x000001e8                __DMA1CTL = 0x1e8
                0x000001f0                __DMA2CTL = 0x1f0
                0x000001e2                __DMA0SA = 0x1e2
                0x000001e4                __DMA0DA = 0x1e4
                0x000001e6                __DMA0SZ = 0x1e6
                0x000001ea                __DMA1SA = 0x1ea
                0x000001ec                __DMA1DA = 0x1ec
                0x000001ee                __DMA1SZ = 0x1ee
                0x000001f2                __DMA2SA = 0x1f2
                0x000001f4                __DMA2DA = 0x1f4
                0x000001f6                __DMA2SZ = 0x1f6

.hash
 *(.hash)

.dynsym
 *(.dynsym)

.dynstr
 *(.dynstr)

.gnu.version
 *(.gnu.version)

.gnu.version_d
 *(.gnu.version_d)

.gnu.version_r
 *(.gnu.version_r)

.rel.init
 *(.rel.init)

.rela.init
 *(.rela.init)

.rel.fini
 *(.rel.fini)

.rela.fini
 *(.rela.fini)

.rel.text
 *(.rel.text .rel.text.* .rel.gnu.linkonce.t.*)

.rela.text
 *(.rela.text .rela.text.* .rela.gnu.linkonce.t.*)

.rel.rodata
 *(.rel.rodata .rel.rodata.* .rel.gnu.linkonce.r.*)

.rela.rodata
 *(.rela.rodata .rela.rodata.* .rela.gnu.linkonce.r.*)

.rel.data
 *(.rel.data .rel.data.* .rel.gnu.linkonce.d.*)

.rela.data
 *(.rela.data .rela.data.* .rela.gnu.linkonce.d.*)

.rel.bss
 *(.rel.bss .rel.bss.* .rel.gnu.linkonce.b.*)

.rela.bss
 *(.rela.bss .rela.bss.* .rela.gnu.linkonce.b.*)

.rel.ctors
 *(.rel.ctors)

.rela.ctors
 *(.rela.ctors)

.rel.dtors
 *(.rel.dtors)

.rela.dtors
 *(.rela.dtors)

.rel.got
 *(.rel.got)

.rela.got
 *(.rela.got)

.rel.plt
 *(.rel.plt)

.rela.plt
 *(.rela.plt)

.text           0x00004000     0x708e
                0x00004000                . = ALIGN (0x2)
 *(.init .init.*)
 *(.init0)
 .init0         0x00004000        0x0 /home/user/mspgcc-4.7.2/lib/gcc/msp430/4.7.2/mmpy-16/libcrt0.a(_reset_vector__.o)
                0x00004000                _reset_vector__
 *(.init1)
 .init1         0x00004000        0xc /home/user/mspgcc-4.7.2/lib/gcc/msp430/4.7.2/mmpy-16/libcrt0.a(__watchdog_support.o)
                0x00004000                __watchdog_support
 *(.init2)
 .init2         0x0000400c        0x4 /home/user/mspgcc-4.7.2/lib/gcc/msp430/4.7.2/mmpy-16/libcrt0.a(__init_stack.o)
                0x0000400c                __init_stack
 *(.init3)
 .init3         0x00004010        0x0 /home/user/mspgcc-4.7.2/lib/gcc/msp430/4.7.2/mmpy-16/libcrt0.a(__low_level_init.o)
                0x00004010                __low_level_init
 *(.init4)
 .init4         0x00004010       0x18 /home/user/mspgcc-4.7.2/lib/gcc/msp430/4.7.2/mmpy-16/libcrt0.a(_copy_data.o)
                0x00004010                __do_copy_data
 .init4         0x00004028       0x16 /home/user/mspgcc-4.7.2/lib/gcc/msp430/4.7.2/mmpy-16/libcrt0.a(_clear_bss.o)
                0x00004028                __do_clear_bss
 *(.init5)
 *(.init6)
 *(.init7)
 *(.init8)
 *(.init9)
 .init9         0x0000403e      0x2f8 obj_sky/contiki-sky-main.o
                0x0000403e                main
 *(.fini9)
 .fini9         0x00004336        0x0 /home/user/mspgcc-4.7.2/lib/gcc/msp430/4.7.2/mmpy-16/libcrt0.a(__stop_progExec__.o)
                0x00004336                __stop_progExec__
 *(.fini8)
 *(.fini7)
 *(.fini6)
 *(.fini5)
 *(.fini4)
 *(.fini3)
 *(.fini2)
 *(.fini1)
 *(.fini0)
 .fini0         0x00004336        0x6 /home/user/mspgcc-4.7.2/lib/gcc/msp430/4.7.2/mmpy-16/libcrt0.a(_endless_loop__.o)
                0x00004336                _endless_loop__
 *(.fini .fini.*)
                0x0000433c                . = ALIGN (0x2)
                0x0000433c                __ctors_start = .
 *(.ctors)
                0x0000433c                __ctors_end = .
                0x0000433c                __dtors_start = .
 *(.dtors)
                0x0000433c                __dtors_end = .
                0x0000433c                . = ALIGN (0x2)
 *(.text .text.* .gnu.linkonce.t.*)
 .text          0x0000433c        0x4 /home/user/mspgcc-4.7.2/lib/gcc/msp430/4.7.2/mmpy-16/crt0ivtbl16.o
                0x0000433c                __isr_14
                0x0000433c                __isr_11
                0x0000433c                __isr_2
                0x0000433c                __isr_7
                0x0000433c                __isr_0
                0x0000433c                __isr_8
                0x0000433c                __isr_3
                0x0000433c                __isr_12
                0x0000433c                __isr_13
                0x0000433c                __isr_9
 .text.copyToArray
                0x00004340       0x20 verifier-firmware.co
 .text.process_thread_verifier_process
                0x00004360       0x72 verifier-firmware.co
 .text.sendMsg  0x000043d2       0x24 verifier-firmware.co
 .text.sha256_transf
                0x000043f6      0x5c0 verifier-firmware.co
                0x000043f6                sha256_transf
 .text.sha256_init
                0x000049b6       0x2c verifier-firmware.co
                0x000049b6                sha256_init
 .text.sha256_update
                0x000049e2       0xe6 verifier-firmware.co
                0x000049e2                sha256_update
 .text.sha256_final
                0x00004ac8      0x10c verifier-firmware.co
                0x00004ac8                sha256_final
 .text.sha256   0x00004bd4       0x34 verifier-firmware.co
                0x00004bd4                sha256
 .text.hmac_sha256_init
                0x00004c08       0xe8 verifier-firmware.co
                0x00004c08                hmac_sha256_init
 .text.hmac_sha256_final
                0x00004cf0       0x4c verifier-firmware.co
                0x00004cf0                hmac_sha256_final
 .text.hmac_sha256
                0x00004d3c       0x38 verifier-firmware.co
                0x00004d3c                hmac_sha256
 .text.broadcast_recv
                0x00004d74      0x354 verifier-firmware.co
 .text.core_init
                0x000050c8       0x28 /home/user/Desktop/relic-target-4-s256/lib/librelic_s.a(relic_core.c.obj)
                0x000050c8                core_init
 .text.core_get
                0x000050f0        0x6 /home/user/Desktop/relic-target-4-s256/lib/librelic_s.a(relic_core.c.obj)
                0x000050f0                core_get
 .text.arch_init
                0x000050f6        0x2 /home/user/Desktop/relic-target-4-s256/lib/librelic_s.a(relic_arch_msp.c.obj)
                0x000050f6                arch_init
 .text.rand_init
                0x000050f8       0x28 /home/user/Desktop/relic-target-4-s256/lib/librelic_s.a(relic_rand_core.c.obj)
                0x000050f8                rand_init
 .text.rand_hash.constprop.0
                0x00005120       0xbe /home/user/Desktop/relic-target-4-s256/lib/librelic_s.a(relic_rand_hash.c.obj)
 .text.rand_seed
                0x000051de       0xe8 /home/user/Desktop/relic-target-4-s256/lib/librelic_s.a(relic_rand_hash.c.obj)
                0x000051de                rand_seed
 .text.bn_init  0x000052c6       0x46 /home/user/Desktop/relic-target-4-s256/lib/librelic_s.a(relic_bn_mem.c.obj)
                0x000052c6                bn_init
 .text.bn_grow  0x0000530c       0x26 /home/user/Desktop/relic-target-4-s256/lib/librelic_s.a(relic_bn_mem.c.obj)
                0x0000530c                bn_grow
 .text.bn_trim  0x00005332       0x2e /home/user/Desktop/relic-target-4-s256/lib/librelic_s.a(relic_bn_mem.c.obj)
                0x00005332                bn_trim
 .text.bn_zero  0x00005360       0x14 /home/user/Desktop/relic-target-4-s256/lib/librelic_s.a(relic_bn_util.c.obj)
                0x00005360                bn_zero
 .text.bn_size_bin
                0x00005374       0x24 /home/user/Desktop/relic-target-4-s256/lib/librelic_s.a(relic_bn_util.c.obj)
                0x00005374                bn_size_bin
 .text.bn_read_bin
                0x00005398       0xb0 /home/user/Desktop/relic-target-4-s256/lib/librelic_s.a(relic_bn_util.c.obj)
                0x00005398                bn_read_bin
 .text.bn_write_bin
                0x00005448       0xa4 /home/user/Desktop/relic-target-4-s256/lib/librelic_s.a(relic_bn_util.c.obj)
                0x00005448                bn_write_bin
 .text.bn_add_imp
                0x000054ec       0x96 /home/user/Desktop/relic-target-4-s256/lib/librelic_s.a(relic_bn_add.c.obj)
 .text.bn_sub_imp
                0x00005582       0x74 /home/user/Desktop/relic-target-4-s256/lib/librelic_s.a(relic_bn_add.c.obj)
 .text.bn_sub   0x000055f6       0x70 /home/user/Desktop/relic-target-4-s256/lib/librelic_s.a(relic_bn_add.c.obj)
                0x000055f6                bn_sub
 .text.dv_zero  0x00005666       0x44 /home/user/Desktop/relic-target-4-s256/lib/librelic_s.a(relic_dv_util.c.obj)
                0x00005666                dv_zero
 .text.fp_prime_init
                0x000056aa       0x2e /home/user/Desktop/relic-target-4-s256/lib/librelic_s.a(relic_fp_prime.c.obj)
                0x000056aa                fp_prime_init
 .text.fp_zero  0x000056d8       0x12 /home/user/Desktop/relic-target-4-s256/lib/librelic_s.a(relic_fp_util.c.obj)
                0x000056d8                fp_zero
 .text.ep_curve_init
                0x000056ea       0xb8 /home/user/Desktop/relic-target-4-s256/lib/librelic_s.a(relic_ep_curve.c.obj)
                0x000056ea                ep_curve_init
 .text.ep_set_infty
                0x000057a2       0x24 /home/user/Desktop/relic-target-4-s256/lib/librelic_s.a(relic_ep_util.c.obj)
                0x000057a2                ep_set_infty
 .text.md_map_sh256
                0x000057c6       0x94 /home/user/Desktop/relic-target-4-s256/lib/librelic_s.a(relic_md_sha256.c.obj)
                0x000057c6                md_map_sh256
 .text.SHA224_256ProcessMessageBlock
                0x0000585a      0x618 /home/user/Desktop/relic-target-4-s256/lib/librelic_s.a(sha224-256.c.obj)
 .text.SHA224_256PadMessage
                0x00005e72       0xa6 /home/user/Desktop/relic-target-4-s256/lib/librelic_s.a(sha224-256.c.obj)
 .text.SHA224_256Finalize
                0x00005f18       0x32 /home/user/Desktop/relic-target-4-s256/lib/librelic_s.a(sha224-256.c.obj)
 .text.SHA224_256Reset
                0x00005f4a       0x86 /home/user/Desktop/relic-target-4-s256/lib/librelic_s.a(sha224-256.c.obj)
 .text.SHA224_256ResultN
                0x00005fd0       0x80 /home/user/Desktop/relic-target-4-s256/lib/librelic_s.a(sha224-256.c.obj)
 .text.SHA256Reset
                0x00006050        0xa /home/user/Desktop/relic-target-4-s256/lib/librelic_s.a(sha224-256.c.obj)
                0x00006050                SHA256Reset
 .text.SHA256Input
                0x0000605a       0xc4 /home/user/Desktop/relic-target-4-s256/lib/librelic_s.a(sha224-256.c.obj)
                0x0000605a                SHA256Input
 .text.SHA256Result
                0x0000611e        0xa /home/user/Desktop/relic-target-4-s256/lib/librelic_s.a(sha224-256.c.obj)
                0x0000611e                SHA256Result
 .text.bn_add1_low
                0x00006128       0x42 /home/user/Desktop/relic-target-4-s256/lib/librelic_s.a(relic_bn_add_low.c.obj)
                0x00006128                bn_add1_low
 .text.bn_sub1_low
                0x0000616a       0x40 /home/user/Desktop/relic-target-4-s256/lib/librelic_s.a(relic_bn_add_low.c.obj)
                0x0000616a                bn_sub1_low
 *fill*         0x000061aa        0x2 00
 .text          0x000061ac       0x68 /home/user/Desktop/relic-target-4-s256/lib/librelic_s.a(relic_bn_add_low.s.obj)
                0x000061ac                bn_addn_low
                0x000061dc                bn_subn_low
 .text.util_conv_endian
                0x00006214       0x5e /home/user/Desktop/relic-target-4-s256/lib/librelic_s.a(relic_util.c.obj)
                0x00006214                util_conv_endian
 .text.util_conv_big
                0x00006272        0x6 /home/user/Desktop/relic-target-4-s256/lib/librelic_s.a(relic_util.c.obj)
                0x00006272                util_conv_big
 .text.util_printf
                0x00006278        0xc /home/user/Desktop/relic-target-4-s256/lib/librelic_s.a(relic_util.c.obj)
                0x00006278                util_printf
 .text.bn_cmp_abs
                0x00006284       0x26 /home/user/Desktop/relic-target-4-s256/lib/librelic_s.a(relic_bn_cmp.c.obj)
                0x00006284                bn_cmp_abs
 .text.bn_cmpn_low
                0x000062aa       0x40 /home/user/Desktop/relic-target-4-s256/lib/librelic_s.a(relic_bn_cmp_low.c.obj)
                0x000062aa                bn_cmpn_low
 .text.rimeaddr_copy
                0x000062ea        0xc contiki-sky.a(rimeaddr.o)
                0x000062ea                rimeaddr_copy
 .text.rimeaddr_cmp
                0x000062f6       0x12 contiki-sky.a(rimeaddr.o)
                0x000062f6                rimeaddr_cmp
 .text.rimeaddr_set_node_addr
                0x00006308        0xc contiki-sky.a(rimeaddr.o)
                0x00006308                rimeaddr_set_node_addr
 .text.input    0x00006314       0x3a contiki-sky.a(rime.o)
 .text.init     0x0000634e       0x2e contiki-sky.a(rime.o)
 .text.packet_sent
                0x0000637c       0x44 contiki-sky.a(rime.o)
 .text.rime_output
                0x000063c0       0x24 contiki-sky.a(rime.o)
                0x000063c0                rime_output
 .text.announcement_init
                0x000063e4        0xa contiki-sky.a(announcement.o)
                0x000063e4                announcement_init
 .text.announcement_register_observer_callback
                0x000063ee        0x6 contiki-sky.a(announcement.o)
                0x000063ee                announcement_register_observer_callback
 .text.announcement_list
                0x000063f4        0xa contiki-sky.a(announcement.o)
                0x000063f4                announcement_list
 .text.announcement_heard
                0x000063fe       0x42 contiki-sky.a(announcement.o)
                0x000063fe                announcement_heard
 .text.adv_packet_sent
                0x00006440        0x2 contiki-sky.a(broadcast-annou)
 .text.adv_packet_received
                0x00006442       0x64 contiki-sky.a(broadcast-annou)
 .text.set_timers
                0x000064a6       0x4a contiki-sky.a(broadcast-annou)
 .text.send_timer
                0x000064f0       0x32 contiki-sky.a(broadcast-annou)
 .text.send_adv
                0x00006522       0x66 contiki-sky.a(broadcast-annou)
 .text.new_announcement
                0x00006588       0x18 contiki-sky.a(broadcast-annou)
 .text.broadcast_announcement_init
                0x000065a0       0x48 contiki-sky.a(broadcast-annou)
                0x000065a0                broadcast_announcement_init
 .text.sent_by_abc
                0x000065e8       0x10 contiki-sky.a(broadcast.o)
 .text.recv_from_abc
                0x000065f8       0x26 contiki-sky.a(broadcast.o)
 .text.broadcast_open
                0x0000661e       0x2a contiki-sky.a(broadcast.o)
                0x0000661e                broadcast_open
 .text.broadcast_close
                0x00006648        0x6 contiki-sky.a(broadcast.o)
                0x00006648                broadcast_close
 .text.broadcast_send
                0x0000664e       0x1a contiki-sky.a(broadcast.o)
                0x0000664e                broadcast_send
 .text.abc_open
                0x00006668       0x26 contiki-sky.a(abc.o)
                0x00006668                abc_open
 .text.abc_close
                0x0000668e        0x6 contiki-sky.a(abc.o)
                0x0000668e                abc_close
 .text.abc_send
                0x00006694        0x6 contiki-sky.a(abc.o)
                0x00006694                abc_send
 .text.abc_input
                0x0000669a        0xe contiki-sky.a(abc.o)
                0x0000669a                abc_input
 .text.abc_sent
                0x000066a8       0x10 contiki-sky.a(abc.o)
                0x000066a8                abc_sent
 .text.chameleon_init
                0x000066b8        0x6 contiki-sky.a(chameleon.o)
                0x000066b8                chameleon_init
 .text.chameleon_parse
                0x000066be       0x10 contiki-sky.a(chameleon.o)
                0x000066be                chameleon_parse
 .text.chameleon_create
                0x000066ce       0x1c contiki-sky.a(chameleon.o)
                0x000066ce                chameleon_create
 .text.chameleon_hdrsize
                0x000066ea        0x6 contiki-sky.a(chameleon.o)
                0x000066ea                chameleon_hdrsize
 .text.channel_init
                0x000066f0        0xa contiki-sky.a(channel.o)
                0x000066f0                channel_init
 .text.channel_open
                0x000066fa       0x10 contiki-sky.a(channel.o)
                0x000066fa                channel_open
 .text.channel_close
                0x0000670a        0xc contiki-sky.a(channel.o)
                0x0000670a                channel_close
 .text.channel_lookup
                0x00006716       0x20 contiki-sky.a(channel.o)
                0x00006716                channel_lookup
 .text.channel_set_attributes
                0x00006736       0x24 contiki-sky.a(channel.o)
                0x00006736                channel_set_attributes
 .text.header_size
                0x0000675a       0x16 contiki-sky.a(chameleon-bitop)
 .text.get_bits_in_byte
                0x00006770       0x3a contiki-sky.a(chameleon-bitop)
                0x00006770                get_bits_in_byte
 .text.get_bits
                0x000067aa       0xa2 contiki-sky.a(chameleon-bitop)
                0x000067aa                get_bits
 .text.unpack_header
                0x0000684c       0xd2 contiki-sky.a(chameleon-bitop)
 .text.set_bits_in_byte
                0x0000691e       0x2c contiki-sky.a(chameleon-bitop)
                0x0000691e                set_bits_in_byte
 .text.set_bits
                0x0000694a       0xc8 contiki-sky.a(chameleon-bitop)
                0x0000694a                set_bits
 .text.pack_header
                0x00006a12       0xbe contiki-sky.a(chameleon-bitop)
 .text.input_packet
                0x00006ad0        0x6 contiki-sky.a(csma.o)
 .text.on       0x00006ad6        0x6 contiki-sky.a(csma.o)
 .text.off      0x00006adc        0x6 contiki-sky.a(csma.o)
 .text.channel_check_interval
                0x00006ae2       0x10 contiki-sky.a(csma.o)
 .text.transmit_packet_list
                0x00006af2       0x24 contiki-sky.a(csma.o)
 .text.init     0x00006b16       0x1a contiki-sky.a(csma.o)
 .text.send_packet
                0x00006b30      0x162 contiki-sky.a(csma.o)
 .text.free_packet
                0x00006c92       0x98 contiki-sky.a(csma.o)
 .text.packet_sent
                0x00006d2a      0x130 contiki-sky.a(csma.o)
 .text.duty_cycle
                0x00006e5a        0x6 contiki-sky.a(contikimac.o)
 .text.init     0x00006e60       0x2e contiki-sky.a(contikimac.o)
 .text.on       0x00006e8e       0x1a contiki-sky.a(contikimac.o)
 .text.off      0x00006ea8       0x22 contiki-sky.a(contikimac.o)
 .text.recv_burst_off
                0x00006eca        0xa contiki-sky.a(contikimac.o)
 .text.turn_off
                0x00006ed4       0x20 contiki-sky.a(contikimac.o)
 .text.turn_on  0x00006ef4       0x30 contiki-sky.a(contikimac.o)
 .text.schedule_powercycle_fixed.part.4
                0x00006f24       0x34 contiki-sky.a(contikimac.o)
 .text.powercycle_turn_radio_off
                0x00006f58       0x30 contiki-sky.a(contikimac.o)
 .text.input_packet
                0x00006f88      0x122 contiki-sky.a(contikimac.o)
 .text.send_packet
                0x000070aa      0x2c8 contiki-sky.a(contikimac.o)
 .text.qsend_list
                0x00007372       0x82 contiki-sky.a(contikimac.o)
 .text.qsend_packet
                0x000073f4       0x28 contiki-sky.a(contikimac.o)
 .text.powercycle
                0x0000741c      0x1de contiki-sky.a(contikimac.o)
 .text.send_packet
                0x000075fa       0x44 contiki-sky.a(phase.o)
 .text.phase_update
                0x0000763e       0x92 contiki-sky.a(phase.o)
                0x0000763e                phase_update
 .text.phase_wait
                0x000076d0       0xf2 contiki-sky.a(phase.o)
                0x000076d0                phase_wait
 .text.phase_init
                0x000077c2       0x14 contiki-sky.a(phase.o)
                0x000077c2                phase_init
 .text.call_process
                0x000077d6       0x46 contiki-sky.a(process.o)
 .text.exit_process
                0x0000781c       0x96 contiki-sky.a(process.o)
 .text.do_poll  0x000078b2       0x30 contiki-sky.a(process.o)
 .text.process_alloc_event
                0x000078e2        0xe contiki-sky.a(process.o)
                0x000078e2                process_alloc_event
 .text.process_init
                0x000078f0       0x1c contiki-sky.a(process.o)
                0x000078f0                process_init
 .text.process_run
                0x0000790c       0xa2 contiki-sky.a(process.o)
                0x0000790c                process_run
 .text.process_nevents
                0x000079ae        0xe contiki-sky.a(process.o)
                0x000079ae                process_nevents
 .text.process_post
                0x000079bc       0x54 contiki-sky.a(process.o)
                0x000079bc                process_post
 .text.process_post_synch
                0x00007a10       0x12 contiki-sky.a(process.o)
                0x00007a10                process_post_synch
 .text.process_start
                0x00007a22       0x36 contiki-sky.a(process.o)
                0x00007a22                process_start
 .text.process_poll
                0x00007a58       0x18 contiki-sky.a(process.o)
                0x00007a58                process_poll
 .text.autostart_start
                0x00007a70       0x16 contiki-sky.a(autostart.o)
                0x00007a70                autostart_start
 .text.compower_accumulate
                0x00007a86       0x72 contiki-sky.a(compower.o)
                0x00007a86                compower_accumulate
 .text.compower_clear
                0x00007af8       0x12 contiki-sky.a(compower.o)
                0x00007af8                compower_clear
 .text.compower_attrconv
                0x00007b0a       0x10 contiki-sky.a(compower.o)
                0x00007b0a                compower_attrconv
 .text.process_thread_serial_line_process
                0x00007b1a       0x9e contiki-sky.a(serial-line.o)
 .text.serial_line_input_byte
                0x00007bb8       0x4a contiki-sky.a(serial-line.o)
                0x00007bb8                serial_line_input_byte
 .text.serial_line_init
                0x00007c02       0x1c contiki-sky.a(serial-line.o)
                0x00007c02                serial_line_init
 .text.memb_init
                0x00007c1e       0x36 contiki-sky.a(memb.o)
                0x00007c1e                memb_init
 .text.memb_alloc
                0x00007c54       0x3e contiki-sky.a(memb.o)
                0x00007c54                memb_alloc
 .text.memb_free
                0x00007c92       0x3a contiki-sky.a(memb.o)
                0x00007c92                memb_free
 .text.memb_inmemb
                0x00007ccc       0x2a contiki-sky.a(memb.o)
                0x00007ccc                memb_inmemb
 .text.timer_set
                0x00007cf6       0x1c contiki-sky.a(timer.o)
                0x00007cf6                timer_set
 .text.timer_reset
                0x00007d12        0xe contiki-sky.a(timer.o)
                0x00007d12                timer_reset
 .text.timer_expired
                0x00007d20       0x2a contiki-sky.a(timer.o)
                0x00007d20                timer_expired
 .text.list_init
                0x00007d4a        0x6 contiki-sky.a(list.o)
                0x00007d4a                list_init
 .text.list_head
                0x00007d50        0x4 contiki-sky.a(list.o)
                0x00007d50                list_head
 .text.list_tail
                0x00007d54       0x14 contiki-sky.a(list.o)
                0x00007d54                list_tail
 .text.list_remove
                0x00007d68       0x2e contiki-sky.a(list.o)
                0x00007d68                list_remove
 .text.list_push
                0x00007d96       0x1a contiki-sky.a(list.o)
                0x00007d96                list_push
 .text.list_add
                0x00007db0       0x2a contiki-sky.a(list.o)
                0x00007db0                list_add
 .text.list_length
                0x00007dda       0x10 contiki-sky.a(list.o)
                0x00007dda                list_length
 .text.list_item_next
                0x00007dea        0x8 contiki-sky.a(list.o)
                0x00007dea                list_item_next
 .text.update_time
                0x00007df2       0x78 contiki-sky.a(etimer.o)
 .text.etimer_request_poll
                0x00007e6a        0xa contiki-sky.a(etimer.o)
                0x00007e6a                etimer_request_poll
 .text.process_thread_etimer_process
                0x00007e74       0xcc contiki-sky.a(etimer.o)
 .text.add_timer
                0x00007f40       0x40 contiki-sky.a(etimer.o)
 .text.etimer_set
                0x00007f80       0x12 contiki-sky.a(etimer.o)
                0x00007f80                etimer_set
 .text.etimer_reset
                0x00007f92       0x12 contiki-sky.a(etimer.o)
                0x00007f92                etimer_reset
 .text.etimer_pending
                0x00007fa4        0xc contiki-sky.a(etimer.o)
                0x00007fa4                etimer_pending
 .text.etimer_next_expiration_time
                0x00007fb0       0x16 contiki-sky.a(etimer.o)
                0x00007fb0                etimer_next_expiration_time
 .text.etimer_stop
                0x00007fc6       0x3e contiki-sky.a(etimer.o)
                0x00007fc6                etimer_stop
 .text.process_thread_ctimer_process
                0x00008004       0xa8 contiki-sky.a(ctimer.o)
 .text.ctimer_init
                0x000080ac       0x18 contiki-sky.a(ctimer.o)
                0x000080ac                ctimer_init
 .text.ctimer_set
                0x000080c4       0x5a contiki-sky.a(ctimer.o)
                0x000080c4                ctimer_set
 .text.ctimer_reset
                0x0000811e       0x3a contiki-sky.a(ctimer.o)
                0x0000811e                ctimer_reset
 .text.ctimer_stop
                0x00008158       0x28 contiki-sky.a(ctimer.o)
                0x00008158                ctimer_stop
 .text.energest_init
                0x00008180       0x26 contiki-sky.a(energest.o)
                0x00008180                energest_init
 .text.energest_type_time
                0x000081a6       0x48 contiki-sky.a(energest.o)
                0x000081a6                energest_type_time
 .text.energest_type_set
                0x000081ee        0xe contiki-sky.a(energest.o)
                0x000081ee                energest_type_set
 .text.energest_flush
                0x000081fc       0x48 contiki-sky.a(energest.o)
                0x000081fc                energest_flush
 .text.rtimer_init
                0x00008244        0x6 contiki-sky.a(rtimer.o)
                0x00008244                rtimer_init
 .text.rtimer_set
                0x0000824a       0x24 contiki-sky.a(rtimer.o)
                0x0000824a                rtimer_set
 .text.rtimer_run_next
                0x0000826e       0x26 contiki-sky.a(rtimer.o)
                0x0000826e                rtimer_run_next
 .text.random_init
                0x00008294        0x6 contiki-sky.a(random.o)
                0x00008294                random_init
 .text.random_rand
                0x0000829a        0x6 contiki-sky.a(random.o)
                0x0000829a                random_rand
 .text.ringbuf_init
                0x000082a0       0x14 contiki-sky.a(ringbuf.o)
                0x000082a0                ringbuf_init
 .text.ringbuf_put
                0x000082b4       0x38 contiki-sky.a(ringbuf.o)
                0x000082b4                ringbuf_put
 .text.ringbuf_get
                0x000082ec       0x32 contiki-sky.a(ringbuf.o)
                0x000082ec                ringbuf_get
 .text.item_from_index
                0x0000831e       0x2a contiki-sky.a(nbr-table.o)
 .text.index_from_key
                0x00008348       0x12 contiki-sky.a(nbr-table.o)
 .text.index_from_item
                0x0000835a       0x1e contiki-sky.a(nbr-table.o)
 .text.nbr_set_bit
                0x00008378       0x58 contiki-sky.a(nbr-table.o)
 .text.index_from_lladdr
                0x000083d0       0x42 contiki-sky.a(nbr-table.o)
 .text.nbr_get_bit.constprop.0
                0x00008412       0x2e contiki-sky.a(nbr-table.o)
 .text.nbr_table_register
                0x00008440       0x26 contiki-sky.a(nbr-table.o)
                0x00008440                nbr_table_register
 .text.nbr_table_add_lladdr
                0x00008466      0x128 contiki-sky.a(nbr-table.o)
                0x00008466                nbr_table_add_lladdr
 .text.nbr_table_get_from_lladdr
                0x0000858e       0x2c contiki-sky.a(nbr-table.o)
                0x0000858e                nbr_table_get_from_lladdr
 .text.nbr_table_remove
                0x000085ba       0x32 contiki-sky.a(nbr-table.o)
                0x000085ba                nbr_table_remove
 .text.packetbuf_copyto_hdr
                0x000085ec       0x1c contiki-sky.a(packetbuf.o)
                0x000085ec                packetbuf_copyto_hdr
 .text.packetbuf_copyto
                0x00008608       0x52 contiki-sky.a(packetbuf.o)
                0x00008608                packetbuf_copyto
 .text.packetbuf_hdr_remove
                0x0000865a        0x6 contiki-sky.a(packetbuf.o)
                0x0000865a                packetbuf_hdr_remove
 .text.packetbuf_hdrreduce
                0x00008660       0x1a contiki-sky.a(packetbuf.o)
                0x00008660                packetbuf_hdrreduce
 .text.packetbuf_set_datalen
                0x0000867a        0x6 contiki-sky.a(packetbuf.o)
                0x0000867a                packetbuf_set_datalen
 .text.packetbuf_dataptr
                0x00008680        0xe contiki-sky.a(packetbuf.o)
                0x00008680                packetbuf_dataptr
 .text.packetbuf_hdrptr
                0x0000868e        0xa contiki-sky.a(packetbuf.o)
                0x0000868e                packetbuf_hdrptr
 .text.packetbuf_is_reference
                0x00008698        0xe contiki-sky.a(packetbuf.o)
                0x00008698                packetbuf_is_reference
 .text.packetbuf_compact
                0x000086a6       0x48 contiki-sky.a(packetbuf.o)
                0x000086a6                packetbuf_compact
 .text.packetbuf_reference_ptr
                0x000086ee        0x6 contiki-sky.a(packetbuf.o)
                0x000086ee                packetbuf_reference_ptr
 .text.packetbuf_datalen
                0x000086f4        0x6 contiki-sky.a(packetbuf.o)
                0x000086f4                packetbuf_datalen
 .text.packetbuf_totlen
                0x000086fa       0x10 contiki-sky.a(packetbuf.o)
                0x000086fa                packetbuf_totlen
 .text.packetbuf_hdralloc
                0x0000870a       0x2e contiki-sky.a(packetbuf.o)
                0x0000870a                packetbuf_hdralloc
 .text.packetbuf_attr_clear
                0x00008738       0x2c contiki-sky.a(packetbuf.o)
                0x00008738                packetbuf_attr_clear
 .text.packetbuf_clear
                0x00008764       0x1a contiki-sky.a(packetbuf.o)
                0x00008764                packetbuf_clear
 .text.packetbuf_copyfrom
                0x0000877e       0x2e contiki-sky.a(packetbuf.o)
                0x0000877e                packetbuf_copyfrom
 .text.packetbuf_attr_copyto
                0x000087ac       0x20 contiki-sky.a(packetbuf.o)
                0x000087ac                packetbuf_attr_copyto
 .text.packetbuf_attr_copyfrom
                0x000087cc       0x22 contiki-sky.a(packetbuf.o)
                0x000087cc                packetbuf_attr_copyfrom
 .text.queuebuf_init
                0x000087ee       0x1a contiki-sky.a(queuebuf.o)
                0x000087ee                queuebuf_init
 .text.queuebuf_new_from_packetbuf
                0x00008808       0x7e contiki-sky.a(queuebuf.o)
                0x00008808                queuebuf_new_from_packetbuf
 .text.queuebuf_update_attr_from_packetbuf
                0x00008886       0x12 contiki-sky.a(queuebuf.o)
                0x00008886                queuebuf_update_attr_from_packetbuf
 .text.queuebuf_free
                0x00008898       0x40 contiki-sky.a(queuebuf.o)
                0x00008898                queuebuf_free
 .text.queuebuf_to_packetbuf
                0x000088d8       0x6e contiki-sky.a(queuebuf.o)
                0x000088d8                queuebuf_to_packetbuf
 .text.queuebuf_attr
                0x00008946        0xe contiki-sky.a(queuebuf.o)
                0x00008946                queuebuf_attr
 .text.init_platform
                0x00008954        0xc contiki-sky.a(contiki-sky-pla)
                0x00008954                init_platform
 .text.status   0x00008960       0x18 contiki-sky.a(button-sensor.o)
 .text.value    0x00008978       0x20 contiki-sky.a(button-sensor.o)
 .text.configure
                0x00008998       0x4c contiki-sky.a(button-sensor.o)
 .text.irq_p2   0x000089e4       0x88 contiki-sky.a(button-sensor.o)
                0x000089e4                irq_p2
                0x000089e4                __isr_1
 .text.owreadb  0x00008a6c       0x50 contiki-sky.a(ds2411.o)
 .text.ds2411_init
                0x00008abc      0x120 contiki-sky.a(ds2411.o)
                0x00008abc                ds2411_init
 .text.wait_ready
                0x00008bdc       0x4a contiki-sky.a(xmem.o)
 .text.xmem_init
                0x00008c26       0x3c contiki-sky.a(xmem.o)
                0x00008c26                xmem_init
 .text.xmem_pread
                0x00008c62       0xda contiki-sky.a(xmem.o)
                0x00008c62                xmem_pread
 .text.node_id_restore
                0x00008d3c       0x38 contiki-sky.a(node-id.o)
                0x00008d3c                node_id_restore
 .text.process_thread_sensors_process
                0x00008d74       0xc2 contiki-sky.a(sensors.o)
 .text.sensors_changed
                0x00008e36       0x2a contiki-sky.a(sensors.o)
                0x00008e36                sensors_changed
 .text.strobe   0x00008e60       0x1c contiki-sky.a(cc2420.o)
 .text.status   0x00008e7c       0x22 contiki-sky.a(cc2420.o)
 .text.getreg   0x00008e9e       0x4c contiki-sky.a(cc2420.o)
 .text.setreg   0x00008eea       0x4c contiki-sky.a(cc2420.o)
 .text.set_txpower
                0x00008f36       0x24 contiki-sky.a(cc2420.o)
 .text.cc2420_receiving_packet
                0x00008f5a        0xc contiki-sky.a(cc2420.o)
 .text.pending_packet
                0x00008f66        0x8 contiki-sky.a(cc2420.o)
 .text.on       0x00008f6e       0x44 contiki-sky.a(cc2420.o)
 .text.flushrx  0x00008fb2       0x6c contiki-sky.a(cc2420.o)
 .text.off      0x0000901e       0x72 contiki-sky.a(cc2420.o)
 .text.RELEASE_LOCK
                0x00009090       0x28 contiki-sky.a(cc2420.o)
 .text.cc2420_prepare
                0x000090b8       0x82 contiki-sky.a(cc2420.o)
 .text.getrxdata
                0x0000913a       0x50 contiki-sky.a(cc2420.o)
 .text.cc2420_on
                0x0000918a       0x22 contiki-sky.a(cc2420.o)
                0x0000918a                cc2420_on
 .text.cc2420_off
                0x000091ac       0x30 contiki-sky.a(cc2420.o)
                0x000091ac                cc2420_off
 .text.cc2420_cca
                0x000091dc       0x82 contiki-sky.a(cc2420.o)
 .text.cc2420_read
                0x0000925e       0xda contiki-sky.a(cc2420.o)
 .text.process_thread_cc2420_process
                0x00009338       0x54 contiki-sky.a(cc2420.o)
 .text.cc2420_set_channel
                0x0000938c       0x80 contiki-sky.a(cc2420.o)
                0x0000938c                cc2420_set_channel
 .text.cc2420_set_pan_addr
                0x0000940c      0x13e contiki-sky.a(cc2420.o)
                0x0000940c                cc2420_set_pan_addr
 .text.cc2420_interrupt
                0x0000954a       0x1e contiki-sky.a(cc2420.o)
                0x0000954a                cc2420_interrupt
 .text.cc2420_get_txpower
                0x00009568       0x1e contiki-sky.a(cc2420.o)
                0x00009568                cc2420_get_txpower
 .text.cc2420_transmit
                0x00009586      0x1a6 contiki-sky.a(cc2420.o)
 .text.cc2420_send
                0x0000972c       0x12 contiki-sky.a(cc2420.o)
 .text.cc2420_set_cca_threshold
                0x0000973e       0x16 contiki-sky.a(cc2420.o)
                0x0000973e                cc2420_set_cca_threshold
 .text.cc2420_init
                0x00009754       0xd2 contiki-sky.a(cc2420.o)
                0x00009754                cc2420_init
 .text.cc2420_port1_interrupt
                0x00009826       0x62 contiki-sky.a(cc2420-arch.o)
                0x00009826                __isr_4
                0x00009826                cc2420_port1_interrupt
 .text.cc2420_arch_init
                0x00009888       0x1a contiki-sky.a(cc2420-arch.o)
                0x00009888                cc2420_arch_init
 .text.handle_rxdma_timer
                0x000098a2       0x3a contiki-sky.a(uart1.o)
 .text.uart1_active
                0x000098dc       0x18 contiki-sky.a(uart1.o)
                0x000098dc                uart1_active
 .text.uart1_set_input
                0x000098f4       0x20 contiki-sky.a(uart1.o)
                0x000098f4                uart1_set_input
 .text.uart1_writeb
                0x00009914       0x18 contiki-sky.a(uart1.o)
                0x00009914                uart1_writeb
 .text.uart1_init
                0x0000992c       0xf4 contiki-sky.a(uart1.o)
                0x0000992c                uart1_init
 .text.putchar  0x00009a20       0x10 contiki-sky.a(uart1-putchar.o)
                0x00009a20                putchar
 .text.msp430_init_dco
                0x00009a30       0x82 contiki-sky.a(msp430.o)
                0x00009a30                msp430_init_dco
 .text.msp430_add_lpm_req
                0x00009ab2        0xc contiki-sky.a(msp430.o)
                0x00009ab2                msp430_add_lpm_req
 .text.msp430_cpu_init
                0x00009abe       0x2a contiki-sky.a(msp430.o)
                0x00009abe                msp430_cpu_init
 .text.splhigh_
                0x00009ae8        0x8 contiki-sky.a(msp430.o)
                0x00009ae8                splhigh_
 .text.msp430_sync_dco
                0x00009af0       0x6c contiki-sky.a(msp430.o)
                0x00009af0                msp430_sync_dco
 .text.timera1  0x00009b5c       0xfe contiki-sky.a(clock.o)
                0x00009b5c                __isr_5
                0x00009b5c                timera1
 .text.clock_time
                0x00009c5a       0x1a contiki-sky.a(clock.o)
                0x00009c5a                clock_time
 .text.clock_init
                0x00009c74       0x28 contiki-sky.a(clock.o)
                0x00009c74                clock_init
 .text.clock_delay
                0x00009c9c        0xc contiki-sky.a(clock.o)
                0x00009c9c                clock_delay
 .text.show_leds
                0x00009ca8      0x100 contiki-sky.a(leds.o)
 .text.leds_init
                0x00009da8        0xe contiki-sky.a(leds.o)
                0x00009da8                leds_init
 .text.leds_on  0x00009db6       0x14 contiki-sky.a(leds.o)
                0x00009db6                leds_on
 .text.leds_off
                0x00009dca       0x14 contiki-sky.a(leds.o)
                0x00009dca                leds_off
 .text.leds_arch_init
                0x00009dde        0xe contiki-sky.a(leds-arch.o)
                0x00009dde                leds_arch_init
 .text.leds_arch_set
                0x00009dec       0x38 contiki-sky.a(leds-arch.o)
                0x00009dec                leds_arch_set
 .text.watchdog_interrupt
                0x00009e24        0x6 contiki-sky.a(watchdog.o)
                0x00009e24                __isr_10
                0x00009e24                watchdog_interrupt
 .text.watchdog_start
                0x00009e2a       0x14 contiki-sky.a(watchdog.o)
                0x00009e2a                watchdog_start
 .text.watchdog_periodic
                0x00009e3e       0x12 contiki-sky.a(watchdog.o)
                0x00009e3e                watchdog_periodic
 .text.watchdog_stop
                0x00009e50       0x16 contiki-sky.a(watchdog.o)
                0x00009e50                watchdog_stop
 .text.watchdog_init
                0x00009e66       0x12 contiki-sky.a(watchdog.o)
                0x00009e66                watchdog_init
 .text.rtimer_arch_init
                0x00009e78        0xe contiki-sky.a(rtimer-arch.o)
                0x00009e78                rtimer_arch_init
 .text.rtimer_arch_now
                0x00009e86        0xe contiki-sky.a(rtimer-arch.o)
                0x00009e86                rtimer_arch_now
 .text.timera0  0x00009e94       0x70 contiki-sky.a(rtimer-arch.o)
                0x00009e94                __isr_6
                0x00009e94                timera0
 .text.rtimer_arch_schedule
                0x00009f04        0x6 contiki-sky.a(rtimer-arch.o)
                0x00009f04                rtimer_arch_schedule
 .text.mac_call_sent_callback
                0x00009f0a       0x14 contiki-sky.a(mac.o)
                0x00009f0a                mac_call_sent_callback
 .text.create   0x00009f1e      0x106 contiki-sky.a(framer-802154.o)
 .text.parse    0x0000a024       0xac contiki-sky.a(framer-802154.o)
 .text.spi_init
                0x0000a0d0       0x30 contiki-sky.a(spi.o)
                0x0000a0d0                spi_init
 .text.field_len
                0x0000a100       0x90 contiki-sky.a(frame802154.o)
 .text.frame802154_hdrlen
                0x0000a190       0x2e contiki-sky.a(frame802154.o)
                0x0000a190                frame802154_hdrlen
 .text.frame802154_create
                0x0000a1be      0x172 contiki-sky.a(frame802154.o)
                0x0000a1be                frame802154_create
 .text.frame802154_parse
                0x0000a330      0x1c4 contiki-sky.a(frame802154.o)
                0x0000a330                frame802154_parse
 .text.libgcc   0x0000a4f4       0x2c /home/user/mspgcc-4.7.2/lib/gcc/msp430/4.7.2/mmpy-16/libgcc.a(_mulsi3.o)
                0x0000a4f4                __mulsi3
 .text.libgcc   0x0000a520       0x22 /home/user/mspgcc-4.7.2/lib/gcc/msp430/4.7.2/mmpy-16/libgcc.a(_udivmod16.o)
                0x0000a520                __udivhi3
                0x0000a520                __ext_udivmod16
                0x0000a53a                __umodhi3
 .text.libgcc   0x0000a542       0x3a /home/user/mspgcc-4.7.2/lib/gcc/msp430/4.7.2/mmpy-16/libgcc.a(_divmod16.o)
                0x0000a542                __ext_divmod16
                0x0000a542                __divhi3
                0x0000a574                __modhi3
 .text.libgcc   0x0000a57c       0x40 /home/user/mspgcc-4.7.2/lib/gcc/msp430/4.7.2/mmpy-16/libgcc.a(_udivmod32.o)
                0x0000a57c                __udivsi3
                0x0000a57c                __ext_udivmod32
                0x0000a5b2                __umodsi3
 .text.printf   0x0000a5bc       0x10 /home/user/mspgcc-4.7.2/lib/gcc/msp430/4.7.2/../../../../msp430/lib/mmpy-16/libc.a(printf.o)
                0x0000a5bc                printf
 .text.vprintf  0x0000a5cc        0xe /home/user/mspgcc-4.7.2/lib/gcc/msp430/4.7.2/../../../../msp430/lib/mmpy-16/libc.a(printf.o)
                0x0000a5cc                vprintf
 .text.print_field
                0x0000a5da      0x194 /home/user/mspgcc-4.7.2/lib/gcc/msp430/4.7.2/../../../../msp430/lib/mmpy-16/libc.a(vuprintf.o)
 .text.vuprintf
                0x0000a76e      0x63e /home/user/mspgcc-4.7.2/lib/gcc/msp430/4.7.2/../../../../msp430/lib/mmpy-16/libc.a(vuprintf.o)
                0x0000a76e                vuprintf
 .text.puts     0x0000adac       0x2c /home/user/mspgcc-4.7.2/lib/gcc/msp430/4.7.2/../../../../msp430/lib/mmpy-16/libc.a(puts.o)
                0x0000adac                puts
 .text.rand     0x0000add8       0x26 /home/user/mspgcc-4.7.2/lib/gcc/msp430/4.7.2/../../../../msp430/lib/mmpy-16/libc.a(rand.o)
                0x0000add8                rand
 .text.srand    0x0000adfe        0xa /home/user/mspgcc-4.7.2/lib/gcc/msp430/4.7.2/../../../../msp430/lib/mmpy-16/libc.a(rand.o)
                0x0000adfe                srand
 .text.memcmp   0x0000ae08       0x30 /home/user/mspgcc-4.7.2/lib/gcc/msp430/4.7.2/../../../../msp430/lib/mmpy-16/libc.a(memcmp.o)
                0x0000ae08                memcmp
 .text.memcpy   0x0000ae38       0xfa /home/user/mspgcc-4.7.2/lib/gcc/msp430/4.7.2/../../../../msp430/lib/mmpy-16/libc.a(memcpy.o)
                0x0000ae38                memcpy
 .text.memset   0x0000af32       0x6a /home/user/mspgcc-4.7.2/lib/gcc/msp430/4.7.2/../../../../msp430/lib/mmpy-16/libc.a(memset.o)
                0x0000af32                memset
 .text.libgcc   0x0000af9c       0xf0 /home/user/mspgcc-4.7.2/lib/gcc/msp430/4.7.2/mmpy-16/libgcc.a(_udivmod64.o)
                0x0000af9c                __xabi_udivmod64
                0x0000affa                __udivdi3
                0x0000b020                __umoddi3
                0x0000b04e                __udivmoddi4
 .text.crt0     0x0000b08c        0x2 /home/user/mspgcc-4.7.2/lib/gcc/msp430/4.7.2/mmpy-16/libcrt0.a(_unexpected_.o)
                0x0000b08c                _unexpected_
 *(.near.text .near.text.*)

.rodata         0x0000b08e      0x4fd
                0x0000b08e                . = ALIGN (0x2)
 *(.rodata .rodata.* .gnu.linkonce.r.*)
 .rodata        0x0000b08e       0xda verifier-firmware.co
                0x0000b144                autostart_processes
 .rodata        0x0000b168       0xd4 obj_sky/contiki-sky-main.o
 .rodata.rand_seed
                0x0000b23c       0x50 /home/user/Desktop/relic-target-4-s256/lib/librelic_s.a(relic_rand_hash.c.obj)
 .rodata.bn_init
                0x0000b28c       0x4b /home/user/Desktop/relic-target-4-s256/lib/librelic_s.a(relic_bn_mem.c.obj)
 .rodata.bn_size_str
                0x0000b2d7       0x4c /home/user/Desktop/relic-target-4-s256/lib/librelic_s.a(relic_bn_util.c.obj)
 .rodata.dv_zero
                0x0000b323       0x4c /home/user/Desktop/relic-target-4-s256/lib/librelic_s.a(relic_dv_util.c.obj)
 .rodata.md_map_sh256
                0x0000b36f       0x4e /home/user/Desktop/relic-target-4-s256/lib/librelic_s.a(relic_md_sha256.c.obj)
 *fill*         0x0000b3bd        0x1 00
 .rodata.K.1482
                0x0000b3be      0x100 /home/user/Desktop/relic-target-4-s256/lib/librelic_s.a(sha224-256.c.obj)
 .rodata        0x0000b4be        0x2 contiki-sky.a(rimeaddr.o)
                0x0000b4be                rimeaddr_null
 .rodata        0x0000b4c0        0xc contiki-sky.a(rime.o)
                0x0000b4c6                rime_driver
 .rodata        0x0000b4cc        0x4 contiki-sky.a(broadcast-annou)
 .rodata        0x0000b4d0        0x8 contiki-sky.a(broadcast.o)
 .rodata        0x0000b4d8        0x2 contiki-sky.a(abc.o)
 .rodata        0x0000b4da       0x10 contiki-sky.a(chameleon-bitop)
                0x0000b4da                chameleon_bitopt
 .rodata        0x0000b4ea       0x14 contiki-sky.a(csma.o)
                0x0000b4f0                csma_driver
 .rodata        0x0000b4fe       0x1c contiki-sky.a(contikimac.o)
                0x0000b50a                contikimac_driver
 .rodata        0x0000b51a        0xe contiki-sky.a(serial-line.o)
 .rodata        0x0000b528        0xc contiki-sky.a(etimer.o)
 .rodata        0x0000b534        0xf contiki-sky.a(ctimer.o)
 *fill*         0x0000b543        0x1 00
 .rodata        0x0000b544       0x10 contiki-sky.a(button-sensor.o)
                0x0000b54c                button_sensor
 .rodata        0x0000b554        0x8 contiki-sky.a(sensors.o)
 .rodata        0x0000b55c       0x22 contiki-sky.a(cc2420.o)
                0x0000b55c                cc2420_driver
 .rodata        0x0000b57e        0x4 contiki-sky.a(framer-802154.o)
                0x0000b57e                framer_802154
 .rodata        0x0000b582        0x2 contiki-sky.a(frame802154.o)
 .rodata.vuprintf
                0x0000b584        0x7 /home/user/mspgcc-4.7.2/lib/gcc/msp430/4.7.2/../../../../msp430/lib/mmpy-16/libc.a(vuprintf.o)
 *(.near.rodata .near.rodata.*)
                0x0000b58c                . = ALIGN (0x2)
                0x0000b58c                _etext = .

.data           0x00001100      0x1ce load address 0x0000b58c
                0x00001100                . = ALIGN (0x2)
                0x00001100                __data_start = .
 *(.data .data.* .gnu.linkonce.d.*)
 .data          0x00001100      0x12a verifier-firmware.co
                0x00001100                verifier_process
                0x0000110a                sha256_k
                0x0000120a                sha256_h0
 .data.SHA256_H0
                0x0000122a       0x20 /home/user/Desktop/relic-target-4-s256/lib/librelic_s.a(sha224-256.c.obj)
 .data          0x0000124a       0x18 contiki-sky.a(csma.o)
 .data          0x00001262       0x10 contiki-sky.a(phase.o)
 .data          0x00001272        0xa contiki-sky.a(serial-line.o)
                0x00001272                serial_line_process
 .data          0x0000127c        0xa contiki-sky.a(etimer.o)
                0x0000127c                etimer_process
 .data          0x00001286        0xa contiki-sky.a(ctimer.o)
                0x00001286                ctimer_process
 .data          0x00001290        0x8 contiki-sky.a(nbr-table.o)
 .data          0x00001298       0x18 contiki-sky.a(queuebuf.o)
 .data          0x000012b0        0x4 contiki-sky.a(contiki-sky-pla)
                0x000012b0                sensors
 .data          0x000012b4        0xa contiki-sky.a(sensors.o)
                0x000012b4                sensors_process
 .data          0x000012be        0xa contiki-sky.a(cc2420.o)
                0x000012be                cc2420_process
 .data          0x000012c8        0x2 contiki-sky.a(msp430.o)
 .data.next     0x000012ca        0x4 /home/user/mspgcc-4.7.2/lib/gcc/msp430/4.7.2/../../../../msp430/lib/mmpy-16/libc.a(rand.o)
 *(.near.data .near.data.*)
                0x000012ce                . = ALIGN (0x2)
                0x000012ce                _edata = .
                0x0000b58c                __data_load_start = LOADADDR (.data)
                0x000001ce                __data_size = SIZEOF (.data)

.bss            0x000012ce     0x197a load address 0x0000b75a
                0x000012ce                __bss_start = .
 *(.bss .bss.*)
 .bss           0x000012ce      0x11a verifier-firmware.co
 .bss           0x000013e8        0xc obj_sky/contiki-sky-main.o
 .bss.core_ctx  0x000013f4        0x2 /home/user/Desktop/relic-target-4-s256/lib/librelic_s.a(relic_core.c.obj)
                0x000013f4                core_ctx
 .bss           0x000013f6        0x2 contiki-sky.a(rime.o)
 .bss           0x000013f8        0x6 contiki-sky.a(announcement.o)
 .bss           0x000013fe       0x46 contiki-sky.a(broadcast-annou)
 .bss           0x00001444        0x2 contiki-sky.a(channel.o)
 .bss           0x00001446      0x126 contiki-sky.a(csma.o)
 .bss           0x0000156c       0x74 contiki-sky.a(contikimac.o)
 .bss           0x000015e0      0x148 contiki-sky.a(phase.o)
 .bss           0x00001728       0x42 contiki-sky.a(process.o)
                0x00001728                process_current
                0x0000172a                process_list
 .bss           0x0000176a        0x8 contiki-sky.a(compower.o)
 .bss           0x00001772      0x10a contiki-sky.a(serial-line.o)
 .bss           0x0000187c        0x6 contiki-sky.a(etimer.o)
 .bss           0x00001882        0x4 contiki-sky.a(ctimer.o)
 .bss           0x00001886        0x2 contiki-sky.a(rtimer.o)
 .bss           0x00001888       0x4c contiki-sky.a(nbr-table.o)
 .bss           0x000018d4       0xba contiki-sky.a(packetbuf.o)
 .bss           0x0000198e      0xc4e contiki-sky.a(queuebuf.o)
 .bss           0x000025dc        0x8 contiki-sky.a(button-sensor.o)
 .bss           0x000025e4        0x2 contiki-sky.a(node-id.o)
                0x000025e4                node_id
 .bss           0x000025e6        0x6 contiki-sky.a(sensors.o)
 .bss           0x000025ec        0xa contiki-sky.a(cc2420.o)
 .bss           0x000025f6       0x9a contiki-sky.a(uart1.o)
 .bss           0x00002690        0xa contiki-sky.a(clock.o)
 .bss           0x0000269a        0x2 contiki-sky.a(leds.o)
 .bss           0x0000269c        0x2 contiki-sky.a(watchdog.o)
 .bss           0x0000269e        0x2 contiki-sky.a(framer-802154.o)
 *(.near.bss .near.bss.*)
 *(COMMON)
 COMMON         0x000026a0      0x4ea /home/user/Desktop/relic-target-4-s256/lib/librelic_s.a(relic_core.c.obj)
                0x000026a0                first_ctx
 COMMON         0x00002b8a        0x2 contiki-sky.a(rimeaddr.o)
                0x00002b8a                rimeaddr_node_addr
 COMMON         0x00002b8c        0x1 contiki-sky.a(process.o)
                0x00002b8c                process_maxevents
 *fill*         0x00002b8d        0x1 00
 COMMON         0x00002b8e        0x8 contiki-sky.a(compower.o)
                0x00002b8e                compower_idle_activity
 COMMON         0x00002b96        0x1 contiki-sky.a(serial-line.o)
                0x00002b96                serial_line_event_message
 *fill*         0x00002b97        0x1 00
 COMMON         0x00002b98       0x56 contiki-sky.a(energest.o)
                0x00002b98                energest_total_time
                0x00002bc8                energest_total_count
                0x00002bca                energest_current_mode
                0x00002bd6                energest_current_time
 COMMON         0x00002bee       0x38 contiki-sky.a(packetbuf.o)
                0x00002bee                packetbuf_addrs
                0x00002bf6                packetbuf_attrs
 COMMON         0x00002c26        0x2 contiki-sky.a(contiki-sky-pla)
                0x00002c26                sensors_flags
 COMMON         0x00002c28        0x8 contiki-sky.a(ds2411.o)
                0x00002c28                ds2411_id
 COMMON         0x00002c30        0x1 contiki-sky.a(sensors.o)
                0x00002c30                sensors_event
 *fill*         0x00002c31        0x1 00
 COMMON         0x00002c32       0x14 contiki-sky.a(cc2420.o)
                0x00002c32                cc2420_last_rssi
                0x00002c34                cc2420_packets_read
                0x00002c36                cc2420_packets_seen
                0x00002c38                cc2420_sfd_start_time
                0x00002c3a                cc2420_time_of_departure
                0x00002c3c                cc2420_time_of_arrival
                0x00002c3e                cc2420_last_correlation
                0x00002c40                cc2420_authority_level_of_sender
                0x00002c42                cc2420_sfd_counter
                0x00002c44                cc2420_sfd_end_time
 COMMON         0x00002c46        0x2 contiki-sky.a(msp430.o)
                0x00002c46                msp430_dco_required
                0x00002c48                . = ALIGN (0x2)
                0x00002c48                __bss_end = .
                0x0000197a                __bss_size = SIZEOF (.bss)

.noinit         0x00002c48        0x2 load address 0x0000b75a
                0x00002c48                . = ALIGN (0x2)
                0x00002c48                __noinit_start = .
 *(.noinit .noinit.*)
 .noinit.crt0   0x00002c48        0x2 /home/user/mspgcc-4.7.2/lib/gcc/msp430/4.7.2/mmpy-16/libcrt0.a(__watchdog_support.o)
                0x00002c48                __wdt_clear_value
                0x00002c4a                . = ALIGN (0x2)
                0x00002c4a                __noinit_end = .
                0x00002c4a                . = ALIGN (0x2)
                0x00002c4a                _end = .

.infomem        0x00001000        0x0
                0x00001000                . = ALIGN (0x2)
 *(.infomem .infomem.*)

.infomemnobits  0x00001000        0x0
                0x00001000                . = ALIGN (0x2)
 *(.infomemnobits .infomemnobits.*)

.infoa          0x00001080        0x0
                0x00001080                . = ALIGN (0x2)
 *(.infoa .infoa.*)

.infob          0x00001000        0x0
                0x00001000                . = ALIGN (0x2)
 *(.infob .infob.*)

.infoc          0x00000000        0x0
                0x00000000                . = ALIGN (0x2)
 *(.infoc .infoc.*)

.infod          0x00000000        0x0
                0x00000000                . = ALIGN (0x2)
 *(.infod .infod.*)
                0x0000ffff                PROVIDE (__vte_0, 0xffff)
                0x0000ffff                PROVIDE (__vte_1, 0xffff)
                0x0000ffff                PROVIDE (__vte_2, 0xffff)
                0x0000ffff                PROVIDE (__vte_3, 0xffff)
                0x0000ffff                PROVIDE (__vte_4, 0xffff)
                0x0000ffff                PROVIDE (__vte_5, 0xffff)
                0x0000ffff                PROVIDE (__vte_6, 0xffff)
                0x0000ffff                PROVIDE (__vte_7, 0xffff)
                0x0000ffff                PROVIDE (__vte_8, 0xffff)
                0x0000ffff                PROVIDE (__vte_9, 0xffff)
                0x0000ffff                PROVIDE (__vte_10, 0xffff)
                0x0000ffff                PROVIDE (__vte_11, 0xffff)
                0x0000ffff                PROVIDE (__vte_12, 0xffff)
                0x0000ffff                PROVIDE (__vte_13, 0xffff)
                0x0000ffff                PROVIDE (__vte_14, 0xffff)
                0x0000ffff                PROVIDE (__vte_15, 0xffff)
                0x0000ffff                PROVIDE (__vte_16, 0xffff)
                0x0000ffff                PROVIDE (__vte_17, 0xffff)
                0x0000ffff                PROVIDE (__vte_18, 0xffff)
                0x0000ffff                PROVIDE (__vte_19, 0xffff)
                0x0000ffff                PROVIDE (__vte_20, 0xffff)
                0x0000ffff                PROVIDE (__vte_21, 0xffff)
                0x0000ffff                PROVIDE (__vte_22, 0xffff)
                0x0000ffff                PROVIDE (__vte_23, 0xffff)
                0x0000ffff                PROVIDE (__vte_24, 0xffff)
                0x0000ffff                PROVIDE (__vte_25, 0xffff)
                0x0000ffff                PROVIDE (__vte_26, 0xffff)
                0x0000ffff                PROVIDE (__vte_27, 0xffff)
                0x0000ffff                PROVIDE (__vte_28, 0xffff)
                0x0000ffff                PROVIDE (__vte_29, 0xffff)
                0x0000ffff                PROVIDE (__vte_30, 0xffff)
                0x0000ffff                PROVIDE (__vte_31, 0xffff)

.vectors        0x0000ffe0       0x20
                0x0000ffe0                __vectors_start = .
 *(.vectors*)
 .vectors       0x0000ffe0       0x20 /home/user/mspgcc-4.7.2/lib/gcc/msp430/4.7.2/mmpy-16/crt0ivtbl16.o
                0x0000ffe0                __ivtbl_16
                0x00010000                _vectors_end = .

.fartext        0x00000000        0x0
                0x00000000                . = ALIGN (0x2)
 *(.fartext .fartext.*)

.far.text       0x00000000        0x0
                0x00000000                . = ALIGN (0x2)
 *(.far.text .far.text.*)

.far.rodata     0x00000000        0x0
                0x00000000                . = ALIGN (0x2)
 *(.far.rodata .far.rodata.*)
                0x00000000                . = ALIGN (0x2)
                0x00000000                _efartext = .

.far.data       0x00000000        0x0
                0x00000000                . = ALIGN (0x2)
                0x00000000                __far_data_start = .
 *(.far.data .far.data.*)
                0x00000000                . = ALIGN (0x2)
                0x00000000                _efardata = .
                0x00000000                __far_data_load_start = LOADADDR (.far.data)
                0x00000000                __far_data_size = SIZEOF (.far.data)

.far.bss        0x00000000        0x0
                0x00000000                . = ALIGN (0x2)
                0x00000000                __far_bss_start = .
 *(.far.bss .far.bss.*)
                0x00000000                . = ALIGN (0x2)
                0x00000000                __far_bss_end = .
                0x00000000                __far_bss_size = SIZEOF (.far.bss)
                0x00000000                . = ALIGN (0x2)
                0x00000000                _far_end = .

.profiler
 *(.profiler)

.stab
 *(.stab)

.stabstr
 *(.stabstr)

.stab.excl
 *(.stab.excl)

.stab.exclstr
 *(.stab.exclstr)

.stab.index
 *(.stab.index)

.stab.indexstr
 *(.stab.indexstr)

.comment        0x00000000       0x30
 *(.comment)
 .comment       0x00000000       0x30 verifier-firmware.co
                                 0x31 (size before relaxing)
 .comment       0x00000000       0x31 obj_sky/contiki-sky-main.o
 .comment       0x00000000       0x31 /home/user/Desktop/relic-target-4-s256/lib/librelic_s.a(relic_core.c.obj)
 .comment       0x00000000       0x31 /home/user/Desktop/relic-target-4-s256/lib/librelic_s.a(relic_arch_msp.c.obj)
 .comment       0x00000000       0x31 /home/user/Desktop/relic-target-4-s256/lib/librelic_s.a(relic_rand_core.c.obj)
 .comment       0x00000000       0x31 /home/user/Desktop/relic-target-4-s256/lib/librelic_s.a(relic_rand_hash.c.obj)
 .comment       0x00000000       0x31 /home/user/Desktop/relic-target-4-s256/lib/librelic_s.a(relic_bn_mem.c.obj)
 .comment       0x00000000       0x31 /home/user/Desktop/relic-target-4-s256/lib/librelic_s.a(relic_bn_util.c.obj)
 .comment       0x00000000       0x31 /home/user/Desktop/relic-target-4-s256/lib/librelic_s.a(relic_bn_add.c.obj)
 .comment       0x00000000       0x31 /home/user/Desktop/relic-target-4-s256/lib/librelic_s.a(relic_dv_util.c.obj)
 .comment       0x00000000       0x31 /home/user/Desktop/relic-target-4-s256/lib/librelic_s.a(relic_fp_prime.c.obj)
 .comment       0x00000000       0x31 /home/user/Desktop/relic-target-4-s256/lib/librelic_s.a(relic_fp_util.c.obj)
 .comment       0x00000000       0x31 /home/user/Desktop/relic-target-4-s256/lib/librelic_s.a(relic_ep_curve.c.obj)
 .comment       0x00000000       0x31 /home/user/Desktop/relic-target-4-s256/lib/librelic_s.a(relic_ep_util.c.obj)
 .comment       0x00000000       0x31 /home/user/Desktop/relic-target-4-s256/lib/librelic_s.a(relic_md_sha256.c.obj)
 .comment       0x00000000       0x31 /home/user/Desktop/relic-target-4-s256/lib/librelic_s.a(sha224-256.c.obj)
 .comment       0x00000000       0x31 /home/user/Desktop/relic-target-4-s256/lib/librelic_s.a(relic_bn_add_low.c.obj)
 .comment       0x00000000       0x31 /home/user/Desktop/relic-target-4-s256/lib/librelic_s.a(relic_util.c.obj)
 .comment       0x00000000       0x31 /home/user/Desktop/relic-target-4-s256/lib/librelic_s.a(relic_bn_cmp.c.obj)
 .comment       0x00000000       0x31 /home/user/Desktop/relic-target-4-s256/lib/librelic_s.a(relic_bn_cmp_low.c.obj)
 .comment       0x00000000       0x31 contiki-sky.a(rimeaddr.o)
 .comment       0x00000000       0x31 contiki-sky.a(rime.o)
 .comment       0x00000000       0x31 contiki-sky.a(announcement.o)
 .comment       0x00000000       0x31 contiki-sky.a(broadcast-annou)
 .comment       0x00000000       0x31 contiki-sky.a(broadcast.o)
 .comment       0x00000000       0x31 contiki-sky.a(abc.o)
 .comment       0x00000000       0x31 contiki-sky.a(chameleon.o)
 .comment       0x00000000       0x31 contiki-sky.a(channel.o)
 .comment       0x00000000       0x31 contiki-sky.a(chameleon-bitop)
 .comment       0x00000000       0x31 contiki-sky.a(csma.o)
 .comment       0x00000000       0x31 contiki-sky.a(contikimac.o)
 .comment       0x00000000       0x31 contiki-sky.a(phase.o)
 .comment       0x00000000       0x31 contiki-sky.a(process.o)
 .comment       0x00000000       0x31 contiki-sky.a(autostart.o)
 .comment       0x00000000       0x31 contiki-sky.a(compower.o)
 .comment       0x00000000       0x31 contiki-sky.a(serial-line.o)
 .comment       0x00000000       0x31 contiki-sky.a(memb.o)
 .comment       0x00000000       0x31 contiki-sky.a(timer.o)
 .comment       0x00000000       0x31 contiki-sky.a(etimer.o)
 .comment       0x00000000       0x31 contiki-sky.a(ctimer.o)
 .comment       0x00000000       0x31 contiki-sky.a(energest.o)
 .comment       0x00000000       0x31 contiki-sky.a(rtimer.o)
 .comment       0x00000000       0x31 contiki-sky.a(random.o)
 .comment       0x00000000       0x31 contiki-sky.a(ringbuf.o)
 .comment       0x00000000       0x31 contiki-sky.a(nbr-table.o)
 .comment       0x00000000       0x31 contiki-sky.a(packetbuf.o)
 .comment       0x00000000       0x31 contiki-sky.a(queuebuf.o)
 .comment       0x00000000       0x31 contiki-sky.a(contiki-sky-pla)
 .comment       0x00000000       0x31 contiki-sky.a(button-sensor.o)
 .comment       0x00000000       0x31 contiki-sky.a(ds2411.o)
 .comment       0x00000000       0x31 contiki-sky.a(xmem.o)
 .comment       0x00000000       0x31 contiki-sky.a(node-id.o)
 .comment       0x00000000       0x31 contiki-sky.a(sensors.o)
 .comment       0x00000000       0x31 contiki-sky.a(cc2420.o)
 .comment       0x00000000       0x31 contiki-sky.a(cc2420-arch.o)
 .comment       0x00000000       0x31 contiki-sky.a(uart1.o)
 .comment       0x00000000       0x31 contiki-sky.a(uart1-putchar.o)
 .comment       0x00000000       0x31 contiki-sky.a(msp430.o)
 .comment       0x00000000       0x31 contiki-sky.a(clock.o)
 .comment       0x00000000       0x31 contiki-sky.a(leds.o)
 .comment       0x00000000       0x31 contiki-sky.a(leds-arch.o)
 .comment       0x00000000       0x31 contiki-sky.a(watchdog.o)
 .comment       0x00000000       0x31 contiki-sky.a(rtimer-arch.o)
 .comment       0x00000000       0x31 contiki-sky.a(mac.o)
 .comment       0x00000000       0x31 contiki-sky.a(framer-802154.o)
 .comment       0x00000000       0x31 contiki-sky.a(spi.o)
 .comment       0x00000000       0x31 contiki-sky.a(frame802154.o)
 .comment       0x00000000       0x31 /home/user/mspgcc-4.7.2/lib/gcc/msp430/4.7.2/../../../../msp430/lib/mmpy-16/libc.a(printf.o)
 .comment       0x00000000       0x31 /home/user/mspgcc-4.7.2/lib/gcc/msp430/4.7.2/../../../../msp430/lib/mmpy-16/libc.a(vuprintf.o)
 .comment       0x00000000       0x31 /home/user/mspgcc-4.7.2/lib/gcc/msp430/4.7.2/../../../../msp430/lib/mmpy-16/libc.a(puts.o)
 .comment       0x00000000       0x31 /home/user/mspgcc-4.7.2/lib/gcc/msp430/4.7.2/../../../../msp430/lib/mmpy-16/libc.a(rand.o)
 .comment       0x00000000       0x31 /home/user/mspgcc-4.7.2/lib/gcc/msp430/4.7.2/../../../../msp430/lib/mmpy-16/libc.a(memcmp.o)
 .comment       0x00000000       0x31 /home/user/mspgcc-4.7.2/lib/gcc/msp430/4.7.2/../../../../msp430/lib/mmpy-16/libc.a(memcpy.o)
 .comment       0x00000000       0x31 /home/user/mspgcc-4.7.2/lib/gcc/msp430/4.7.2/../../../../msp430/lib/mmpy-16/libc.a(memset.o)

.debug
 *(.debug)

.line
 *(.line)

.debug_srcinfo
 *(.debug_srcinfo)

.debug_sfnames
 *(.debug_sfnames)

.debug_aranges  0x00000000      0x50c
 *(.debug_aranges)
 .debug_aranges
                0x00000000       0x14 /home/user/mspgcc-4.7.2/lib/gcc/msp430/4.7.2/mmpy-16/crt0ivtbl16.o
 .debug_aranges
                0x00000014       0x20 /home/user/Desktop/relic-target-4-s256/lib/librelic_s.a(relic_core.c.obj)
 .debug_aranges
                0x00000034       0x18 /home/user/Desktop/relic-target-4-s256/lib/librelic_s.a(relic_arch_msp.c.obj)
 .debug_aranges
                0x0000004c       0x18 /home/user/Desktop/relic-target-4-s256/lib/librelic_s.a(relic_rand_core.c.obj)
 .debug_aranges
                0x00000064       0x28 /home/user/Desktop/relic-target-4-s256/lib/librelic_s.a(relic_rand_hash.c.obj)
 .debug_aranges
                0x0000008c       0x20 /home/user/Desktop/relic-target-4-s256/lib/librelic_s.a(relic_bn_mem.c.obj)
 .debug_aranges
                0x000000ac       0x74 /home/user/Desktop/relic-target-4-s256/lib/librelic_s.a(relic_bn_util.c.obj)
 .debug_aranges
                0x00000120       0x28 /home/user/Desktop/relic-target-4-s256/lib/librelic_s.a(relic_bn_add.c.obj)
 .debug_aranges
                0x00000148       0x28 /home/user/Desktop/relic-target-4-s256/lib/librelic_s.a(relic_dv_util.c.obj)
 .debug_aranges
                0x00000170       0x50 /home/user/Desktop/relic-target-4-s256/lib/librelic_s.a(relic_fp_prime.c.obj)
 .debug_aranges
                0x000001c0       0x50 /home/user/Desktop/relic-target-4-s256/lib/librelic_s.a(relic_fp_util.c.obj)
 .debug_aranges
                0x00000210       0x5c /home/user/Desktop/relic-target-4-s256/lib/librelic_s.a(relic_ep_curve.c.obj)
 .debug_aranges
                0x0000026c       0x40 /home/user/Desktop/relic-target-4-s256/lib/librelic_s.a(relic_ep_util.c.obj)
 .debug_aranges
                0x000002ac       0x14 /home/user/Desktop/relic-target-4-s256/lib/librelic_s.a(relic_md_sha256.c.obj)
 .debug_aranges
                0x000002c0       0x44 /home/user/Desktop/relic-target-4-s256/lib/librelic_s.a(sha224-256.c.obj)
 .debug_aranges
                0x00000304       0x18 /home/user/Desktop/relic-target-4-s256/lib/librelic_s.a(relic_bn_add_low.c.obj)
 .debug_aranges
                0x0000031c       0x14 /home/user/Desktop/relic-target-4-s256/lib/librelic_s.a(relic_bn_add_low.s.obj)
 .debug_aranges
                0x00000330       0x30 /home/user/Desktop/relic-target-4-s256/lib/librelic_s.a(relic_util.c.obj)
 .debug_aranges
                0x00000360       0x1c /home/user/Desktop/relic-target-4-s256/lib/librelic_s.a(relic_bn_cmp.c.obj)
 .debug_aranges
                0x0000037c       0x18 /home/user/Desktop/relic-target-4-s256/lib/librelic_s.a(relic_bn_cmp_low.c.obj)
 .debug_aranges
                0x00000394       0x14 /home/user/mspgcc-4.7.2/lib/gcc/msp430/4.7.2/mmpy-16/libgcc.a(_mulsi3.o)
 .debug_aranges
                0x000003a8       0x14 /home/user/mspgcc-4.7.2/lib/gcc/msp430/4.7.2/mmpy-16/libgcc.a(_udivmod16.o)
 .debug_aranges
                0x000003bc       0x14 /home/user/mspgcc-4.7.2/lib/gcc/msp430/4.7.2/mmpy-16/libgcc.a(_divmod16.o)
 .debug_aranges
                0x000003d0       0x14 /home/user/mspgcc-4.7.2/lib/gcc/msp430/4.7.2/mmpy-16/libgcc.a(_udivmod32.o)
 .debug_aranges
                0x000003e4       0x18 /home/user/mspgcc-4.7.2/lib/gcc/msp430/4.7.2/../../../../msp430/lib/mmpy-16/libc.a(printf.o)
 .debug_aranges
                0x000003fc       0x18 /home/user/mspgcc-4.7.2/lib/gcc/msp430/4.7.2/../../../../msp430/lib/mmpy-16/libc.a(vuprintf.o)
 .debug_aranges
                0x00000414       0x14 /home/user/mspgcc-4.7.2/lib/gcc/msp430/4.7.2/../../../../msp430/lib/mmpy-16/libc.a(puts.o)
 .debug_aranges
                0x00000428       0x1c /home/user/mspgcc-4.7.2/lib/gcc/msp430/4.7.2/../../../../msp430/lib/mmpy-16/libc.a(rand.o)
 .debug_aranges
                0x00000444       0x14 /home/user/mspgcc-4.7.2/lib/gcc/msp430/4.7.2/../../../../msp430/lib/mmpy-16/libc.a(memcmp.o)
 .debug_aranges
                0x00000458       0x14 /home/user/mspgcc-4.7.2/lib/gcc/msp430/4.7.2/../../../../msp430/lib/mmpy-16/libc.a(memcpy.o)
 .debug_aranges
                0x0000046c       0x14 /home/user/mspgcc-4.7.2/lib/gcc/msp430/4.7.2/../../../../msp430/lib/mmpy-16/libc.a(memset.o)
 .debug_aranges
                0x00000480       0x14 /home/user/mspgcc-4.7.2/lib/gcc/msp430/4.7.2/mmpy-16/libgcc.a(_udivmod64.o)
 .debug_aranges
                0x00000494       0x14 /home/user/mspgcc-4.7.2/lib/gcc/msp430/4.7.2/mmpy-16/libcrt0.a(__watchdog_support.o)
 .debug_aranges
                0x000004a8       0x14 /home/user/mspgcc-4.7.2/lib/gcc/msp430/4.7.2/mmpy-16/libcrt0.a(__init_stack.o)
 .debug_aranges
                0x000004bc       0x14 /home/user/mspgcc-4.7.2/lib/gcc/msp430/4.7.2/mmpy-16/libcrt0.a(_copy_data.o)
 .debug_aranges
                0x000004d0       0x14 /home/user/mspgcc-4.7.2/lib/gcc/msp430/4.7.2/mmpy-16/libcrt0.a(_clear_bss.o)
 .debug_aranges
                0x000004e4       0x14 /home/user/mspgcc-4.7.2/lib/gcc/msp430/4.7.2/mmpy-16/libcrt0.a(_endless_loop__.o)
 .debug_aranges
                0x000004f8       0x14 /home/user/mspgcc-4.7.2/lib/gcc/msp430/4.7.2/mmpy-16/libcrt0.a(_unexpected_.o)

.debug_pubnames
 *(.debug_pubnames)

.debug_info     0x00000000     0x973f
 *(.debug_info)
 .debug_info    0x00000000       0x97 /home/user/mspgcc-4.7.2/lib/gcc/msp430/4.7.2/mmpy-16/crt0ivtbl16.o
 .debug_info    0x00000097      0x479 /home/user/Desktop/relic-target-4-s256/lib/librelic_s.a(relic_core.c.obj)
 .debug_info    0x00000510       0x91 /home/user/Desktop/relic-target-4-s256/lib/librelic_s.a(relic_arch_msp.c.obj)
 .debug_info    0x000005a1      0x45b /home/user/Desktop/relic-target-4-s256/lib/librelic_s.a(relic_rand_core.c.obj)
 .debug_info    0x000009fc      0xa6b /home/user/Desktop/relic-target-4-s256/lib/librelic_s.a(relic_rand_hash.c.obj)
 .debug_info    0x00001467      0x456 /home/user/Desktop/relic-target-4-s256/lib/librelic_s.a(relic_bn_mem.c.obj)
 .debug_info    0x000018bd     0x101e /home/user/Desktop/relic-target-4-s256/lib/librelic_s.a(relic_bn_util.c.obj)
 .debug_info    0x000028db      0x685 /home/user/Desktop/relic-target-4-s256/lib/librelic_s.a(relic_bn_add.c.obj)
 .debug_info    0x00002f60      0x60c /home/user/Desktop/relic-target-4-s256/lib/librelic_s.a(relic_dv_util.c.obj)
 .debug_info    0x0000356c      0xb6a /home/user/Desktop/relic-target-4-s256/lib/librelic_s.a(relic_fp_prime.c.obj)
 .debug_info    0x000040d6      0xc9b /home/user/Desktop/relic-target-4-s256/lib/librelic_s.a(relic_fp_util.c.obj)
 .debug_info    0x00004d71     0x11e5 /home/user/Desktop/relic-target-4-s256/lib/librelic_s.a(relic_ep_curve.c.obj)
 .debug_info    0x00005f56      0xf69 /home/user/Desktop/relic-target-4-s256/lib/librelic_s.a(relic_ep_util.c.obj)
 .debug_info    0x00006ebf      0x596 /home/user/Desktop/relic-target-4-s256/lib/librelic_s.a(relic_md_sha256.c.obj)
 .debug_info    0x00007455      0x7c5 /home/user/Desktop/relic-target-4-s256/lib/librelic_s.a(sha224-256.c.obj)
 .debug_info    0x00007c1a      0x178 /home/user/Desktop/relic-target-4-s256/lib/librelic_s.a(relic_bn_add_low.c.obj)
 .debug_info    0x00007d92       0x8f /home/user/Desktop/relic-target-4-s256/lib/librelic_s.a(relic_bn_add_low.s.obj)
 .debug_info    0x00007e21      0x33c /home/user/Desktop/relic-target-4-s256/lib/librelic_s.a(relic_util.c.obj)
 .debug_info    0x0000815d      0x1fd /home/user/Desktop/relic-target-4-s256/lib/librelic_s.a(relic_bn_cmp.c.obj)
 .debug_info    0x0000835a      0x11e /home/user/Desktop/relic-target-4-s256/lib/librelic_s.a(relic_bn_cmp_low.c.obj)
 .debug_info    0x00008478       0x94 /home/user/mspgcc-4.7.2/lib/gcc/msp430/4.7.2/mmpy-16/libgcc.a(_mulsi3.o)
 .debug_info    0x0000850c       0x94 /home/user/mspgcc-4.7.2/lib/gcc/msp430/4.7.2/mmpy-16/libgcc.a(_udivmod16.o)
 .debug_info    0x000085a0       0x94 /home/user/mspgcc-4.7.2/lib/gcc/msp430/4.7.2/mmpy-16/libgcc.a(_divmod16.o)
 .debug_info    0x00008634       0x94 /home/user/mspgcc-4.7.2/lib/gcc/msp430/4.7.2/mmpy-16/libgcc.a(_udivmod32.o)
 .debug_info    0x000086c8      0x16e /home/user/mspgcc-4.7.2/lib/gcc/msp430/4.7.2/../../../../msp430/lib/mmpy-16/libc.a(printf.o)
 .debug_info    0x00008836      0x5d4 /home/user/mspgcc-4.7.2/lib/gcc/msp430/4.7.2/../../../../msp430/lib/mmpy-16/libc.a(vuprintf.o)
 .debug_info    0x00008e0a       0xc7 /home/user/mspgcc-4.7.2/lib/gcc/msp430/4.7.2/../../../../msp430/lib/mmpy-16/libc.a(puts.o)
 .debug_info    0x00008ed1      0x146 /home/user/mspgcc-4.7.2/lib/gcc/msp430/4.7.2/../../../../msp430/lib/mmpy-16/libc.a(rand.o)
 .debug_info    0x00009017       0xe5 /home/user/mspgcc-4.7.2/lib/gcc/msp430/4.7.2/../../../../msp430/lib/mmpy-16/libc.a(memcmp.o)
 .debug_info    0x000090fc      0x12c /home/user/mspgcc-4.7.2/lib/gcc/msp430/4.7.2/../../../../msp430/lib/mmpy-16/libc.a(memcpy.o)
 .debug_info    0x00009228      0x117 /home/user/mspgcc-4.7.2/lib/gcc/msp430/4.7.2/../../../../msp430/lib/mmpy-16/libc.a(memset.o)
 .debug_info    0x0000933f       0x94 /home/user/mspgcc-4.7.2/lib/gcc/msp430/4.7.2/mmpy-16/libgcc.a(_udivmod64.o)
 .debug_info    0x000093d3       0x92 /home/user/mspgcc-4.7.2/lib/gcc/msp430/4.7.2/mmpy-16/libcrt0.a(__watchdog_support.o)
 .debug_info    0x00009465       0x92 /home/user/mspgcc-4.7.2/lib/gcc/msp430/4.7.2/mmpy-16/libcrt0.a(__init_stack.o)
 .debug_info    0x000094f7       0x92 /home/user/mspgcc-4.7.2/lib/gcc/msp430/4.7.2/mmpy-16/libcrt0.a(_copy_data.o)
 .debug_info    0x00009589       0x92 /home/user/mspgcc-4.7.2/lib/gcc/msp430/4.7.2/mmpy-16/libcrt0.a(_clear_bss.o)
 .debug_info    0x0000961b       0x92 /home/user/mspgcc-4.7.2/lib/gcc/msp430/4.7.2/mmpy-16/libcrt0.a(_endless_loop__.o)
 .debug_info    0x000096ad       0x92 /home/user/mspgcc-4.7.2/lib/gcc/msp430/4.7.2/mmpy-16/libcrt0.a(_unexpected_.o)
 *(.gnu.linkonce.wi.*)

.debug_abbrev   0x00000000     0x26c8
 *(.debug_abbrev)
 .debug_abbrev  0x00000000       0x14 /home/user/mspgcc-4.7.2/lib/gcc/msp430/4.7.2/mmpy-16/crt0ivtbl16.o
 .debug_abbrev  0x00000014      0x154 /home/user/Desktop/relic-target-4-s256/lib/librelic_s.a(relic_core.c.obj)
 .debug_abbrev  0x00000168       0x42 /home/user/Desktop/relic-target-4-s256/lib/librelic_s.a(relic_arch_msp.c.obj)
 .debug_abbrev  0x000001aa      0x170 /home/user/Desktop/relic-target-4-s256/lib/librelic_s.a(relic_rand_core.c.obj)
 .debug_abbrev  0x0000031a      0x312 /home/user/Desktop/relic-target-4-s256/lib/librelic_s.a(relic_rand_hash.c.obj)
 .debug_abbrev  0x0000062c      0x15a /home/user/Desktop/relic-target-4-s256/lib/librelic_s.a(relic_bn_mem.c.obj)
 .debug_abbrev  0x00000786      0x2cf /home/user/Desktop/relic-target-4-s256/lib/librelic_s.a(relic_bn_util.c.obj)
 .debug_abbrev  0x00000a55      0x154 /home/user/Desktop/relic-target-4-s256/lib/librelic_s.a(relic_bn_add.c.obj)
 .debug_abbrev  0x00000ba9      0x1d8 /home/user/Desktop/relic-target-4-s256/lib/librelic_s.a(relic_dv_util.c.obj)
 .debug_abbrev  0x00000d81      0x296 /home/user/Desktop/relic-target-4-s256/lib/librelic_s.a(relic_fp_prime.c.obj)
 .debug_abbrev  0x00001017      0x292 /home/user/Desktop/relic-target-4-s256/lib/librelic_s.a(relic_fp_util.c.obj)
 .debug_abbrev  0x000012a9      0x23a /home/user/Desktop/relic-target-4-s256/lib/librelic_s.a(relic_ep_curve.c.obj)
 .debug_abbrev  0x000014e3      0x247 /home/user/Desktop/relic-target-4-s256/lib/librelic_s.a(relic_ep_util.c.obj)
 .debug_abbrev  0x0000172a      0x1a8 /home/user/Desktop/relic-target-4-s256/lib/librelic_s.a(relic_md_sha256.c.obj)
 .debug_abbrev  0x000018d2      0x221 /home/user/Desktop/relic-target-4-s256/lib/librelic_s.a(sha224-256.c.obj)
 .debug_abbrev  0x00001af3       0xd7 /home/user/Desktop/relic-target-4-s256/lib/librelic_s.a(relic_bn_add_low.c.obj)
 .debug_abbrev  0x00001bca       0x14 /home/user/Desktop/relic-target-4-s256/lib/librelic_s.a(relic_bn_add_low.s.obj)
 .debug_abbrev  0x00001bde      0x193 /home/user/Desktop/relic-target-4-s256/lib/librelic_s.a(relic_util.c.obj)
 .debug_abbrev  0x00001d71      0x100 /home/user/Desktop/relic-target-4-s256/lib/librelic_s.a(relic_bn_cmp.c.obj)
 .debug_abbrev  0x00001e71       0xbb /home/user/Desktop/relic-target-4-s256/lib/librelic_s.a(relic_bn_cmp_low.c.obj)
 .debug_abbrev  0x00001f2c       0x14 /home/user/mspgcc-4.7.2/lib/gcc/msp430/4.7.2/mmpy-16/libgcc.a(_mulsi3.o)
 .debug_abbrev  0x00001f40       0x14 /home/user/mspgcc-4.7.2/lib/gcc/msp430/4.7.2/mmpy-16/libgcc.a(_udivmod16.o)
 .debug_abbrev  0x00001f54       0x14 /home/user/mspgcc-4.7.2/lib/gcc/msp430/4.7.2/mmpy-16/libgcc.a(_divmod16.o)
 .debug_abbrev  0x00001f68       0x14 /home/user/mspgcc-4.7.2/lib/gcc/msp430/4.7.2/mmpy-16/libgcc.a(_udivmod32.o)
 .debug_abbrev  0x00001f7c       0xfa /home/user/mspgcc-4.7.2/lib/gcc/msp430/4.7.2/../../../../msp430/lib/mmpy-16/libc.a(printf.o)
 .debug_abbrev  0x00002076      0x23e /home/user/mspgcc-4.7.2/lib/gcc/msp430/4.7.2/../../../../msp430/lib/mmpy-16/libc.a(vuprintf.o)
 .debug_abbrev  0x000022b4       0xa3 /home/user/mspgcc-4.7.2/lib/gcc/msp430/4.7.2/../../../../msp430/lib/mmpy-16/libc.a(puts.o)
 .debug_abbrev  0x00002357       0xfb /home/user/mspgcc-4.7.2/lib/gcc/msp430/4.7.2/../../../../msp430/lib/mmpy-16/libc.a(rand.o)
 .debug_abbrev  0x00002452       0x9e /home/user/mspgcc-4.7.2/lib/gcc/msp430/4.7.2/../../../../msp430/lib/mmpy-16/libc.a(memcmp.o)
 .debug_abbrev  0x000024f0       0xab /home/user/mspgcc-4.7.2/lib/gcc/msp430/4.7.2/../../../../msp430/lib/mmpy-16/libc.a(memcpy.o)
 .debug_abbrev  0x0000259b       0xa1 /home/user/mspgcc-4.7.2/lib/gcc/msp430/4.7.2/../../../../msp430/lib/mmpy-16/libc.a(memset.o)
 .debug_abbrev  0x0000263c       0x14 /home/user/mspgcc-4.7.2/lib/gcc/msp430/4.7.2/mmpy-16/libgcc.a(_udivmod64.o)
 .debug_abbrev  0x00002650       0x14 /home/user/mspgcc-4.7.2/lib/gcc/msp430/4.7.2/mmpy-16/libcrt0.a(__watchdog_support.o)
 .debug_abbrev  0x00002664       0x14 /home/user/mspgcc-4.7.2/lib/gcc/msp430/4.7.2/mmpy-16/libcrt0.a(__init_stack.o)
 .debug_abbrev  0x00002678       0x14 /home/user/mspgcc-4.7.2/lib/gcc/msp430/4.7.2/mmpy-16/libcrt0.a(_copy_data.o)
 .debug_abbrev  0x0000268c       0x14 /home/user/mspgcc-4.7.2/lib/gcc/msp430/4.7.2/mmpy-16/libcrt0.a(_clear_bss.o)
 .debug_abbrev  0x000026a0       0x14 /home/user/mspgcc-4.7.2/lib/gcc/msp430/4.7.2/mmpy-16/libcrt0.a(_endless_loop__.o)
 .debug_abbrev  0x000026b4       0x14 /home/user/mspgcc-4.7.2/lib/gcc/msp430/4.7.2/mmpy-16/libcrt0.a(_unexpected_.o)

.debug_line     0x00000000     0x32eb
 *(.debug_line)
 .debug_line    0x00000000       0x64 /home/user/mspgcc-4.7.2/lib/gcc/msp430/4.7.2/mmpy-16/crt0ivtbl16.o
 .debug_line    0x00000064      0x186 /home/user/Desktop/relic-target-4-s256/lib/librelic_s.a(relic_core.c.obj)
 .debug_line    0x000001ea       0x73 /home/user/Desktop/relic-target-4-s256/lib/librelic_s.a(relic_arch_msp.c.obj)
 .debug_line    0x0000025d      0x158 /home/user/Desktop/relic-target-4-s256/lib/librelic_s.a(relic_rand_core.c.obj)
 .debug_line    0x000003b5      0x24d /home/user/Desktop/relic-target-4-s256/lib/librelic_s.a(relic_rand_hash.c.obj)
 .debug_line    0x00000602      0x18a /home/user/Desktop/relic-target-4-s256/lib/librelic_s.a(relic_bn_mem.c.obj)
 .debug_line    0x0000078c      0x519 /home/user/Desktop/relic-target-4-s256/lib/librelic_s.a(relic_bn_util.c.obj)
 .debug_line    0x00000ca5      0x1e8 /home/user/Desktop/relic-target-4-s256/lib/librelic_s.a(relic_bn_add.c.obj)
 .debug_line    0x00000e8d      0x224 /home/user/Desktop/relic-target-4-s256/lib/librelic_s.a(relic_dv_util.c.obj)
 .debug_line    0x000010b1      0x2fd /home/user/Desktop/relic-target-4-s256/lib/librelic_s.a(relic_fp_prime.c.obj)
 .debug_line    0x000013ae      0x2ee /home/user/Desktop/relic-target-4-s256/lib/librelic_s.a(relic_fp_util.c.obj)
 .debug_line    0x0000169c      0x2e1 /home/user/Desktop/relic-target-4-s256/lib/librelic_s.a(relic_ep_curve.c.obj)
 .debug_line    0x0000197d      0x27d /home/user/Desktop/relic-target-4-s256/lib/librelic_s.a(relic_ep_util.c.obj)
 .debug_line    0x00001bfa      0x14e /home/user/Desktop/relic-target-4-s256/lib/librelic_s.a(relic_md_sha256.c.obj)
 .debug_line    0x00001d48      0x310 /home/user/Desktop/relic-target-4-s256/lib/librelic_s.a(sha224-256.c.obj)
 .debug_line    0x00002058      0x166 /home/user/Desktop/relic-target-4-s256/lib/librelic_s.a(relic_bn_add_low.c.obj)
 .debug_line    0x000021be       0xa0 /home/user/Desktop/relic-target-4-s256/lib/librelic_s.a(relic_bn_add_low.s.obj)
 .debug_line    0x0000225e      0x1e0 /home/user/Desktop/relic-target-4-s256/lib/librelic_s.a(relic_util.c.obj)
 .debug_line    0x0000243e      0x17a /home/user/Desktop/relic-target-4-s256/lib/librelic_s.a(relic_bn_cmp.c.obj)
 .debug_line    0x000025b8      0x121 /home/user/Desktop/relic-target-4-s256/lib/librelic_s.a(relic_bn_cmp_low.c.obj)